........................................................................ [ 48%]
....F.......................................................... [ 91%]
............                                                             [100%]
=================================== FAILURES ===================================
____________ test_reader_retires_draft_by_audio_boundary[multiple] _____________

replacement = 'multiple'

    @pytest.mark.parametrize('replacement', ['preview', 'multiple', 'empty', 'abort'])
    def test_reader_retires_draft_by_audio_boundary(replacement):
        r, _, sid = runtime(RecordingDecoder())
        r.accept_frame(sid, _frame(0)); finished(r)
        first = r.snapshot(sid).to_dict()
        import copy
        second = copy.deepcopy(first)
        # Even a stale transport draft cannot survive the reader's canonical boundary.
        if replacement == 'preview':
            second['session']['provisional'] = dict(generation=1, start_sample=0,
                                                   end_sample=1000, transcript='[0][S00]confirmed preview[0.0625]')
        elif replacement == 'abort':
            second['session']['status'] = 'aborted'
        else:
            second['session']['committed_samples'] = 1000
            second['session']['committed'] = [dict(span_id=0, start_sample=0, end_sample=1000,
                transcript='[0][S00]one[0.03][0.03][S00]two[0.0625]' if replacement == 'multiple' else '',
                revised_transcript=None)]
        rows = read_snapshots([{'snapshot': first}, {'snapshot': second}])
        assert len(rows[0]) == 1
>       assert len(rows[1]) == {'preview': 1, 'multiple': 2, 'empty': 0, 'abort': 0}[replacement]
E       assert 0 == 2
E        +  where 0 = len([])

tests/phase2/test_draft_lane.py:159: AssertionError
=============================== warnings summary ===============================
../MOSS-Transcribe-Diarize-wt-auto-mvp-0911/.venv/lib/python3.12/site-packages/fastapi/testclient.py:1
  /Users/gao/Desktop/AI_Projects/Github_Projects/MOSS-Transcribe-Diarize-wt-auto-mvp-0911/.venv/lib/python3.12/site-packages/fastapi/testclient.py:1: StarletteDeprecationWarning: Using `httpx` with `starlette.testclient` is deprecated; install `httpx2` instead.
    from starlette.testclient import TestClient as TestClient  # noqa

tests/test_live_pipeline_seams.py::test_a_leading_silence_span_commits_empty_instead_of_ending_the_meeting
  /Users/gao/Desktop/AI_Projects/Github_Projects/MOSS-Transcribe-Diarize-wt-auto-mvp-0911/.venv/lib/python3.12/site-packages/audioread/rawread.py:16: DeprecationWarning: 'aifc' is deprecated and slated for removal in Python 3.13
    import aifc

tests/test_live_pipeline_seams.py::test_a_leading_silence_span_commits_empty_instead_of_ending_the_meeting
  /Users/gao/Desktop/AI_Projects/Github_Projects/MOSS-Transcribe-Diarize-wt-auto-mvp-0911/.venv/lib/python3.12/site-packages/audioread/rawread.py:17: DeprecationWarning: 'audioop' is deprecated and slated for removal in Python 3.13
    import audioop

tests/test_live_pipeline_seams.py::test_a_leading_silence_span_commits_empty_instead_of_ending_the_meeting
  /Users/gao/Desktop/AI_Projects/Github_Projects/MOSS-Transcribe-Diarize-wt-auto-mvp-0911/.venv/lib/python3.12/site-packages/audioread/rawread.py:19: DeprecationWarning: 'sunau' is deprecated and slated for removal in Python 3.13
    import sunau

-- Docs: https://docs.pytest.org/en/stable/how-to/capture-warnings.html
=========================== short test summary info ============================
FAILED tests/phase2/test_draft_lane.py::test_reader_retires_draft_by_audio_boundary[multiple]
1 failed, 146 passed, 4 warnings, 9 subtests passed in 6.38s
