{
  "probe": "tests/reference_ui_screenshot_diff.py",
  "reference_frontend": "/Users/gao/Desktop/AI_Projects/LiveTranscribe/frontend",
  "candidate_frontend": "/Users/gao/.treehouse/MOSS-Transcribe-Diarize-e7521b/1/MOSS-Transcribe-Diarize/frontend",
  "fixture": "/Users/gao/.treehouse/MOSS-Transcribe-Diarize-e7521b/1/MOSS-Transcribe-Diarize/tests/fixtures/reference_ui_screenshot_fixture.json",
  "config": "/Users/gao/.treehouse/MOSS-Transcribe-Diarize-e7521b/1/MOSS-Transcribe-Diarize/tests/fixtures/reference_ui_screenshot_diff.json",
  "thresholds": {
    "max_different_pixel_percent": 2.0,
    "max_largest_region_percent": 1.0,
    "connectivity": 4
  },
  "diagnostic_regions": [
    {
      "id": "control-panel",
      "selector": "#control-panel"
    },
    {
      "id": "transcript-panel",
      "selector": "#transcript-panel"
    },
    {
      "id": "topbar",
      "selector": ".topbar"
    }
  ],
  "viewports": [
    {
      "reference_screenshot": "reference-1440x900.png",
      "candidate_screenshot": "candidate-1440x900.png",
      "difference_mask": "difference-mask-1440x900.png",
      "viewport": {
        "width": 1440,
        "height": 900
      },
      "raw_differing_pixels_before_exemptions": 161573,
      "differing_pixels_after_exemptions": 149835,
      "different_pixel_percent": 11.561342592592593,
      "largest_four_connected_region_pixels": 40536,
      "largest_four_connected_region_percent": 3.1277777777777778,
      "exemptions": [
        {
          "id": "right-column-rail",
          "reference_selector": ".history-panel",
          "candidate_selector": ".history-panel",
          "reference_box": {
            "x": 1374.0,
            "y": 69.5,
            "width": 48.0,
            "height": 812.5
          },
          "candidate_box": {
            "x": 1374.0,
            "y": 69.5,
            "width": 48.0,
            "height": 812.5
          },
          "masked_union_box": {
            "left": 1374,
            "top": 69,
            "right": 1423,
            "bottom": 883
          }
        },
        {
          "id": "mode-segmented-control",
          "reference_selector": "[role='tablist'][aria-label='Session mode']",
          "candidate_selector": "[role='tablist'][aria-label='Session mode']",
          "reference_box": {
            "x": 31.0,
            "y": 164.0,
            "width": 254.0,
            "height": 41.5
          },
          "candidate_box": {
            "x": 31.0,
            "y": 179.375,
            "width": 254.0,
            "height": 41.5
          },
          "masked_union_box": {
            "left": 31,
            "top": 164,
            "right": 286,
            "bottom": 221
          }
        }
      ],
      "diagnostic_regions": [
        {
          "id": "control-panel",
          "selector": "#control-panel",
          "reference_box": {
            "x": 18.0,
            "y": 69.5,
            "width": 280.0,
            "height": 812.5
          },
          "candidate_box": {
            "x": 18.0,
            "y": 69.5,
            "width": 280.0,
            "height": 812.5
          },
          "union_box": {
            "left": 18,
            "top": 69,
            "right": 299,
            "bottom": 883
          },
          "differing_pixels_after_exemptions": 75756,
          "percent_of_viewport": 5.845370370370371,
          "percent_of_charter_masked_difference": 50.55961557713485
        },
        {
          "id": "transcript-panel",
          "selector": "#transcript-panel",
          "reference_box": {
            "x": 310.0,
            "y": 13.5,
            "width": 1052.0,
            "height": 868.5
          },
          "candidate_box": {
            "x": 310.0,
            "y": 13.5,
            "width": 1052.0,
            "height": 868.5
          },
          "union_box": {
            "left": 310,
            "top": 13,
            "right": 1363,
            "bottom": 883
          },
          "differing_pixels_after_exemptions": 73056,
          "percent_of_viewport": 5.637037037037037,
          "percent_of_charter_masked_difference": 48.75763339673641
        },
        {
          "id": "topbar",
          "selector": ".topbar",
          "reference_box": {
            "x": 18.0,
            "y": 14.0,
            "width": 1404.0,
            "height": 45.5
          },
          "candidate_box": {
            "x": 18.0,
            "y": 14.0,
            "width": 1404.0,
            "height": 45.5
          },
          "union_box": {
            "left": 18,
            "top": 14,
            "right": 1423,
            "bottom": 60
          },
          "differing_pixels_after_exemptions": 3412,
          "percent_of_viewport": 0.2632716049382716,
          "percent_of_charter_masked_difference": 2.277171555377582
        }
      ],
      "passed": false,
      "fixture": {
        "reference": {
          "fixture_tail_rendered": "The fixture ends with a provisional tail.",
          "transcript_text": "LiveTranscribe\n\u270e\n# Speakers\nA\nS01\nS02\nTranscript\nSummary\nFind\nCopy\nAuto-scroll\nFormatted\nS01\n00:00:00\n\nThe shared transcript fixture begins with a confirmed speaker turn.\n\nS02\n00:00:03\n\nA second generic speaker makes the legend and turn boundary visible.\n\nS01\n00:00:07\n\nThe fixture ends with a provisional tail."
        },
        "candidate": {
          "fixture_tail_rendered": "The fixture ends with a provisional tail.",
          "transcript_text": "Live transcript\nS01\nS02\nFind\nS01\n00:00:00\n\nThe shared transcript fixture begins with a confirmed speaker turn.\n\nS02\n00:00:03\n\nA second generic speaker makes the legend and turn boundary visible.\n\nS01\n00:00:07\n\nThe fixture ends with a provisional tail."
        }
      }
    },
    {
      "reference_screenshot": "reference-1280x800.png",
      "candidate_screenshot": "candidate-1280x800.png",
      "difference_mask": "difference-mask-1280x800.png",
      "viewport": {
        "width": 1280,
        "height": 800
      },
      "raw_differing_pixels_before_exemptions": 186040,
      "differing_pixels_after_exemptions": 175108,
      "different_pixel_percent": 17.100390625,
      "largest_four_connected_region_pixels": 77344,
      "largest_four_connected_region_percent": 7.553125,
      "exemptions": [
        {
          "id": "right-column-rail",
          "reference_selector": ".history-panel",
          "candidate_selector": ".history-panel",
          "reference_box": {
            "x": 1214.0,
            "y": 69.5,
            "width": 48.0,
            "height": 712.5
          },
          "candidate_box": {
            "x": 1214.0,
            "y": 69.5,
            "width": 48.0,
            "height": 712.5
          },
          "masked_union_box": {
            "left": 1214,
            "top": 69,
            "right": 1263,
            "bottom": 783
          }
        },
        {
          "id": "mode-segmented-control",
          "reference_selector": "[role='tablist'][aria-label='Session mode']",
          "candidate_selector": "[role='tablist'][aria-label='Session mode']",
          "reference_box": {
            "x": 31.0,
            "y": 164.0,
            "width": 214.0,
            "height": 41.5
          },
          "candidate_box": {
            "x": 31.0,
            "y": 179.375,
            "width": 214.0,
            "height": 41.5
          },
          "masked_union_box": {
            "left": 31,
            "top": 164,
            "right": 246,
            "bottom": 221
          }
        }
      ],
      "diagnostic_regions": [
        {
          "id": "control-panel",
          "selector": "#control-panel",
          "reference_box": {
            "x": 18.0,
            "y": 69.5,
            "width": 240.0,
            "height": 712.5
          },
          "candidate_box": {
            "x": 18.0,
            "y": 69.5,
            "width": 240.0,
            "height": 712.5
          },
          "union_box": {
            "left": 18,
            "top": 69,
            "right": 259,
            "bottom": 783
          },
          "differing_pixels_after_exemptions": 66093,
          "percent_of_viewport": 6.45439453125,
          "percent_of_charter_masked_difference": 37.74413504808461
        },
        {
          "id": "transcript-panel",
          "selector": "#transcript-panel",
          "reference_box": {
            "x": 270.0,
            "y": 13.5,
            "width": 932.0,
            "height": 768.5
          },
          "candidate_box": {
            "x": 270.0,
            "y": 13.5,
            "width": 932.0,
            "height": 768.5
          },
          "union_box": {
            "left": 270,
            "top": 13,
            "right": 1203,
            "bottom": 783
          },
          "differing_pixels_after_exemptions": 73256,
          "percent_of_viewport": 7.15390625,
          "percent_of_charter_masked_difference": 41.834753409324534
        },
        {
          "id": "topbar",
          "selector": ".topbar",
          "reference_box": {
            "x": 18.0,
            "y": 14.0,
            "width": 1244.0,
            "height": 45.5
          },
          "candidate_box": {
            "x": 18.0,
            "y": 14.0,
            "width": 1244.0,
            "height": 45.5
          },
          "union_box": {
            "left": 18,
            "top": 14,
            "right": 1263,
            "bottom": 60
          },
          "differing_pixels_after_exemptions": 4249,
          "percent_of_viewport": 0.41494140625,
          "percent_of_charter_masked_difference": 2.426502501313475
        }
      ],
      "passed": false,
      "fixture": {
        "reference": {
          "fixture_tail_rendered": "The fixture ends with a provisional tail.",
          "transcript_text": "LiveTranscribe\n\u270e\n# Speakers\nA\nS01\nS02\nTranscript\nSummary\nFind\nCopy\nAuto-scroll\nFormatted\nS01\n00:00:00\n\nThe shared transcript fixture begins with a confirmed speaker turn.\n\nS02\n00:00:03\n\nA second generic speaker makes the legend and turn boundary visible.\n\nS01\n00:00:07\n\nThe fixture ends with a provisional tail."
        },
        "candidate": {
          "fixture_tail_rendered": "The fixture ends with a provisional tail.",
          "transcript_text": "Live transcript\nS01\nS02\nFind\nS01\n00:00:00\n\nThe shared transcript fixture begins with a confirmed speaker turn.\n\nS02\n00:00:03\n\nA second generic speaker makes the legend and turn boundary visible.\n\nS01\n00:00:07\n\nThe fixture ends with a provisional tail."
        }
      }
    }
  ],
  "passed": false
}
