{
  "name": "file_failures",
  "status": "PASS",
  "exit_code": 0,
  "denominators": {
    "expected": 5,
    "executed": 5,
    "passed": 5,
    "failed": 0,
    "skipped": 0,
    "unrunnable": 0
  },
  "duration_seconds": 43.43,
  "artifacts": [
    "file_failures.log"
  ],
  "decoder_requests_at_record": 724,
  "decoder_budget_exhausted_at_record": false,
  "reason": "Existing WP16 bars: durable outcome, five exact exports for speech, audio download, foreign read 404; failures typed and visible after reload",
  "measurements": [
    {
      "case": "empty.wav",
      "status": "PASS",
      "measurements": {
        "case": null,
        "source": null,
        "duration_seconds": null,
        "started_monotonic": 107344.455385375,
        "queue_before": [
          null,
          null
        ],
        "http_status": 201,
        "accepted_seconds": 0.14619066599698272,
        "meeting_id": "azNIcmMhjS7NsKO81GSPCb6Z",
        "first_status_seconds": 0.16145187499932945,
        "elapsed_seconds": 2.1672731660073623,
        "status": "failed",
        "failure_code": null,
        "failure_reason": null,
        "notice": null,
        "saved_words": 0,
        "speakers": 0,
        "last_segment_end": null,
        "history_reason": true,
        "header_reason": true,
        "reason_content_free": true,
        "reload_status": null,
        "exports": {},
        "mp3_link": false,
        "foreign_read_status": 404
      },
      "expected_failure_code": "transcode_failed",
      "observed_failure_code": "transcode_failed"
    },
    {
      "case": "text.mp3",
      "status": "PASS",
      "measurements": {
        "case": null,
        "source": null,
        "duration_seconds": null,
        "started_monotonic": 107348.339021208,
        "queue_before": [
          null,
          null
        ],
        "http_status": 201,
        "accepted_seconds": 0.1477950420085108,
        "meeting_id": "wP39uJe5nowu5JqPN-GnXOnu",
        "first_status_seconds": 0.16182908300834242,
        "elapsed_seconds": 2.1655964579986176,
        "status": "failed",
        "failure_code": null,
        "failure_reason": null,
        "notice": null,
        "saved_words": 0,
        "speakers": 0,
        "last_segment_end": null,
        "history_reason": true,
        "header_reason": true,
        "reason_content_free": true,
        "reload_status": null,
        "exports": {},
        "mp3_link": false,
        "foreign_read_status": 404
      },
      "expected_failure_code": "transcode_failed",
      "observed_failure_code": "transcode_failed"
    },
    {
      "case": "missing",
      "status": "PASS",
      "measurements": {
        "case": null,
        "source": null,
        "duration_seconds": null,
        "started_monotonic": 107352.279587166,
        "queue_before": [
          null,
          null
        ],
        "http_status": 201,
        "accepted_seconds": 0.10483329198905267,
        "meeting_id": "22la5usUbmV-rLrcEz18Ulf9",
        "first_status_seconds": 0.11634499998763204,
        "elapsed_seconds": 0.11634566698921844,
        "status": "failed",
        "failure_code": null,
        "failure_reason": null,
        "notice": null,
        "saved_words": 0,
        "speakers": 0,
        "last_segment_end": null,
        "history_reason": true,
        "header_reason": true,
        "reason_content_free": true,
        "reload_status": null,
        "exports": {},
        "mp3_link": false,
        "foreign_read_status": 404
      },
      "expected_failure_code": "acquisition_http_404",
      "observed_failure_code": "acquisition_http_404"
    },
    {
      "case": "html",
      "status": "PASS",
      "measurements": {
        "case": null,
        "source": null,
        "duration_seconds": null,
        "started_monotonic": 107354.113006833,
        "queue_before": [
          null,
          null
        ],
        "http_status": 201,
        "accepted_seconds": 0.10560275000170805,
        "meeting_id": "-G8gvHfnyoInXccgdHAAgZxG",
        "first_status_seconds": 0.11635079199913889,
        "elapsed_seconds": 0.11635158301214688,
        "status": "failed",
        "failure_code": null,
        "failure_reason": null,
        "notice": null,
        "saved_words": 0,
        "speakers": 0,
        "last_segment_end": null,
        "history_reason": true,
        "header_reason": true,
        "reason_content_free": true,
        "reload_status": null,
        "exports": {},
        "mp3_link": false,
        "foreign_read_status": 404
      },
      "expected_failure_code": "acquisition_failed",
      "observed_failure_code": "acquisition_failed"
    },
    {
      "case": "hang",
      "status": "PASS",
      "measurements": {
        "case": null,
        "source": null,
        "duration_seconds": null,
        "started_monotonic": 107355.965364166,
        "queue_before": [
          null,
          null
        ],
        "http_status": 201,
        "accepted_seconds": 0.11082916700979695,
        "meeting_id": "LgEvzJ81tDsVtLyve9J_dVtH",
        "first_status_seconds": 0.122464875006699,
        "elapsed_seconds": 30.20475683400582,
        "status": "failed",
        "failure_code": null,
        "failure_reason": null,
        "notice": null,
        "saved_words": 0,
        "speakers": 0,
        "last_segment_end": null,
        "history_reason": true,
        "header_reason": true,
        "reason_content_free": true,
        "reload_status": null,
        "exports": {},
        "mp3_link": false,
        "foreign_read_status": 404
      },
      "expected_failure_code": "acquisition_timeout",
      "observed_failure_code": "acquisition_timeout"
    }
  ]
}
