{
  "name": "workspace_row_10",
  "status": "PASS",
  "exit_code": null,
  "denominators": {
    "expected": 1,
    "executed": 1,
    "passed": 1,
    "failed": 0,
    "skipped": 0,
    "unrunnable": 0
  },
  "duration_seconds": 5.344,
  "artifacts": [
    "workspace_row_10.log"
  ],
  "decoder_requests_at_record": 180,
  "decoder_budget_exhausted_at_record": false,
  "measurements": {
    "ok": true,
    "bound_seconds": 4.0,
    "decoder_trace": null,
    "expected_name": null,
    "bank_contains_name": true,
    "recognition_seconds": 3.9289000000059606,
    "measurement": null,
    "meeting": "Cf8JR7mo59bVOahhEc8LTo4Y",
    "screenshot": null,
    "status": "PASS",
    "seconds": 5.344,
    "network": null,
    "row": 10
  }
}
