{"name": "zero", "near": false, "decision": "skip-zero", "explained": 0.0, "delay_samples": 0, "gain": 0.0}
{"name": "noise-45", "near": false, "decision": "decode", "explained": 7.112503182478625e-06, "delay_samples": 551, "gain": -0.0001512237798090511}
{"name": "noise-60", "near": false, "decision": "decode", "explained": 9.780534725556617e-06, "delay_samples": 836, "gain": -3.1512067177306516e-05}
{"name": "nearNone_bleed-10_delay5_noiseNone", "near": false, "decision": "leak-suspect", "explained": 0.9999999269635826, "delay_samples": 80, "gain": 0.31622764206142007}
{"name": "nearNone_bleed-10_delay5_noise-45", "near": false, "decision": "decode", "explained": 0.9688179373265045, "delay_samples": 80, "gain": 0.31624039831395473}
{"name": "nearNone_bleed-10_delay5_noise-60", "near": false, "decision": "leak-suspect", "explained": 0.9989879673993525, "delay_samples": 80, "gain": 0.3162224395889482}
{"name": "nearNone_bleed-10_delay30_noiseNone", "near": false, "decision": "leak-suspect", "explained": 0.9999999269591908, "delay_samples": 480, "gain": 0.31622763772025425}
{"name": "nearNone_bleed-10_delay30_noise-45", "near": false, "decision": "decode", "explained": 0.9688811649918669, "delay_samples": 480, "gain": 0.31635021985363293}
{"name": "nearNone_bleed-10_delay30_noise-60", "near": false, "decision": "leak-suspect", "explained": 0.9989848039802124, "delay_samples": 480, "gain": 0.3162307038715908}
{"name": "nearNone_bleed-10_delay60_noiseNone", "near": false, "decision": "leak-suspect", "explained": 0.9999999269976139, "delay_samples": 960, "gain": 0.3162276381381244}
{"name": "nearNone_bleed-10_delay60_noise-45", "near": false, "decision": "decode", "explained": 0.9688492378757074, "delay_samples": 960, "gain": 0.3162826599479249}
{"name": "nearNone_bleed-10_delay60_noise-60", "near": false, "decision": "leak-suspect", "explained": 0.9989852530459628, "delay_samples": 960, "gain": 0.31622892297928773}
{"name": "nearNone_bleed-30_delay5_noiseNone", "near": false, "decision": "leak-suspect", "explained": 0.9999929043122027, "delay_samples": 80, "gain": 0.03162278359774724}
{"name": "nearNone_bleed-30_delay5_noise-45", "near": false, "decision": "decode", "explained": 0.23786658544388964, "delay_samples": 80, "gain": 0.03161228530403582}
{"name": "nearNone_bleed-30_delay5_noise-60", "near": false, "decision": "decode", "explained": 0.9077400987541877, "delay_samples": 80, "gain": 0.031605705205496645}
{"name": "nearNone_bleed-30_delay30_noiseNone", "near": false, "decision": "leak-suspect", "explained": 0.999992903919293, "delay_samples": 480, "gain": 0.03162278323244109}
{"name": "nearNone_bleed-30_delay30_noise-45", "near": false, "decision": "decode", "explained": 0.23813692702716022, "delay_samples": 480, "gain": 0.03167956943644072}
{"name": "nearNone_bleed-30_delay30_noise-60", "near": false, "decision": "decode", "explained": 0.9076139935888872, "delay_samples": 480, "gain": 0.03162232983485454}
{"name": "nearNone_bleed-30_delay60_noiseNone", "near": false, "decision": "leak-suspect", "explained": 0.9999929075510025, "delay_samples": 960, "gain": 0.0316227840255117}
{"name": "nearNone_bleed-30_delay60_noise-45", "near": false, "decision": "decode", "explained": 0.23781602102377608, "delay_samples": 960, "gain": 0.03170224018021585}
{"name": "nearNone_bleed-30_delay60_noise-60", "near": false, "decision": "decode", "explained": 0.9076194559313773, "delay_samples": 960, "gain": 0.031621914974329944}
{"name": "nearNone_bleed-50_delay5_noiseNone", "near": false, "decision": "leak-suspect", "explained": 0.9993610073965831, "delay_samples": 80, "gain": 0.003162032222953444}
{"name": "nearNone_bleed-50_delay5_noise-45", "near": false, "decision": "decode", "explained": 0.00316143396732998, "delay_samples": 80, "gain": 0.003195272259138966}
{"name": "nearNone_bleed-50_delay5_noise-60", "near": false, "decision": "decode", "explained": 0.08988281418909543, "delay_samples": 80, "gain": 0.0031656699124026303}
{"name": "nearNone_bleed-50_delay30_noiseNone", "near": false, "decision": "leak-suspect", "explained": 0.9993610016668754, "delay_samples": 480, "gain": 0.0031620325359101712}
{"name": "nearNone_bleed-50_delay30_noise-45", "near": false, "decision": "decode", "explained": 0.00314386897245997, "delay_samples": 480, "gain": 0.003183698818143381}
{"name": "nearNone_bleed-50_delay30_noise-60", "near": false, "decision": "decode", "explained": 0.08929886040607325, "delay_samples": 480, "gain": 0.003156441690821919}
{"name": "nearNone_bleed-50_delay60_noiseNone", "near": false, "decision": "leak-suspect", "explained": 0.9993613728672213, "delay_samples": 960, "gain": 0.0031620317486396976}
{"name": "nearNone_bleed-50_delay60_noise-45", "near": false, "decision": "decode", "explained": 0.003160845095483098, "delay_samples": 960, "gain": 0.0031933086343238232}
{"name": "nearNone_bleed-50_delay60_noise-60", "near": false, "decision": "decode", "explained": 0.08984913887113245, "delay_samples": 960, "gain": 0.0031691679205337864}
{"name": "nearNone_bleed-70_delay5_noiseNone", "near": false, "decision": "decode", "explained": 0.9559370925610404, "delay_samples": 80, "gain": 0.00031474578851671173}
{"name": "nearNone_bleed-70_delay5_noise-45", "near": false, "decision": "decode", "explained": 5.310145574234e-05, "delay_samples": 80, "gain": 0.0004129175033248937}
{"name": "nearNone_bleed-70_delay5_noise-60", "near": false, "decision": "decode", "explained": 0.0010029428073619953, "delay_samples": 80, "gain": 0.00031944869965962517}
{"name": "nearNone_bleed-70_delay30_noiseNone", "near": false, "decision": "decode", "explained": 0.9559387099502756, "delay_samples": 480, "gain": 0.00031474620414491183}
{"name": "nearNone_bleed-70_delay30_noise-45", "near": false, "decision": "decode", "explained": 2.1806768526931334e-05, "delay_samples": 480, "gain": 0.00026452588755632227}
{"name": "nearNone_bleed-70_delay30_noise-60", "near": false, "decision": "decode", "explained": 0.001001168327176086, "delay_samples": 480, "gain": 0.0003191515759711263}
{"name": "nearNone_bleed-70_delay60_noiseNone", "near": false, "decision": "decode", "explained": 0.9559561142050936, "delay_samples": 960, "gain": 0.00031474876095898094}
{"name": "nearNone_bleed-70_delay60_noise-45", "near": false, "decision": "decode", "explained": 3.248347744571266e-05, "delay_samples": 960, "gain": 0.00032316751559091324}
{"name": "nearNone_bleed-70_delay60_noise-60", "near": false, "decision": "decode", "explained": 0.0010204097367274825, "delay_samples": 960, "gain": 0.000322857559992341}
{"name": "near-10_bleed-10_delay5_noiseNone", "near": true, "decision": "decode", "explained": 0.45784631692635225, "delay_samples": 80, "gain": 0.31461221255445104}
{"name": "near-10_bleed-10_delay5_noise-45", "near": true, "decision": "decode", "explained": 0.4510818326057575, "delay_samples": 80, "gain": 0.31457055602381817}
{"name": "near-10_bleed-10_delay5_noise-60", "near": true, "decision": "decode", "explained": 0.4576346369540622, "delay_samples": 80, "gain": 0.3146211500190127}
{"name": "near-10_bleed-10_delay30_noiseNone", "near": true, "decision": "decode", "explained": 0.4599319913529672, "delay_samples": 480, "gain": 0.3160239728691627}
{"name": "near-10_bleed-10_delay30_noise-45", "near": true, "decision": "decode", "explained": 0.4532142055277731, "delay_samples": 480, "gain": 0.31601879085180196}
{"name": "near-10_bleed-10_delay30_noise-60", "near": true, "decision": "decode", "explained": 0.45971540798254423, "delay_samples": 480, "gain": 0.3160202975384513}
{"name": "near-10_bleed-10_delay60_noiseNone", "near": true, "decision": "decode", "explained": 0.4560576078371958, "delay_samples": 960, "gain": 0.3135614193104951}
{"name": "near-10_bleed-10_delay60_noise-45", "near": true, "decision": "decode", "explained": 0.4495232597816446, "delay_samples": 960, "gain": 0.3136267548944065}
{"name": "near-10_bleed-10_delay60_noise-60", "near": true, "decision": "decode", "explained": 0.45586985390492024, "delay_samples": 960, "gain": 0.3135736190403959}
{"name": "near-10_bleed-30_delay5_noiseNone", "near": true, "decision": "decode", "explained": 0.007623863165024145, "delay_samples": 80, "gain": 0.030007250696580244}
{"name": "near-10_bleed-30_delay5_noise-45", "near": true, "decision": "decode", "explained": 0.007416453332459095, "delay_samples": 80, "gain": 0.029995512750751442}
{"name": "near-10_bleed-30_delay5_noise-60", "near": true, "decision": "decode", "explained": 0.007616740457971875, "delay_samples": 80, "gain": 0.030006301939885606}
{"name": "near-10_bleed-30_delay30_noiseNone", "near": true, "decision": "decode", "explained": 0.00834724751919224, "delay_samples": 480, "gain": 0.031418771796124914}
{"name": "near-10_bleed-30_delay30_noise-45", "near": true, "decision": "decode", "explained": 0.008112419092095192, "delay_samples": 480, "gain": 0.031396204050537974}
{"name": "near-10_bleed-30_delay30_noise-60", "near": true, "decision": "decode", "explained": 0.008342222688315828, "delay_samples": 480, "gain": 0.03142399844469917}
{"name": "near-10_bleed-30_delay60_noiseNone", "near": true, "decision": "decode", "explained": 0.007099345799993003, "delay_samples": 960, "gain": 0.02895645377420477}
{"name": "near-10_bleed-30_delay60_noise-45", "near": true, "decision": "decode", "explained": 0.006904137385261769, "delay_samples": 960, "gain": 0.028940168987414222}
{"name": "near-10_bleed-30_delay60_noise-60", "near": true, "decision": "decode", "explained": 0.00710022434951197, "delay_samples": 960, "gain": 0.02897185172334461}
{"name": "near-10_bleed-50_delay5_noiseNone", "near": true, "decision": "decode", "explained": 0.00010786021245785007, "delay_samples": 65, "gain": -0.003555384415844143}
{"name": "near-10_bleed-50_delay5_noise-45", "near": true, "decision": "decode", "explained": 0.00010538893145788363, "delay_samples": 65, "gain": -0.003561999117408407}
{"name": "near-10_bleed-50_delay5_noise-60", "near": true, "decision": "decode", "explained": 0.00010786204086150915, "delay_samples": 65, "gain": -0.0035570672598967635}
{"name": "near-10_bleed-50_delay30_noiseNone", "near": true, "decision": "decode", "explained": 0.00011538658456965697, "delay_samples": 73, "gain": -0.0036775075416704884}
{"name": "near-10_bleed-50_delay30_noise-45", "near": true, "decision": "decode", "explained": 0.00011295873868628527, "delay_samples": 74, "gain": -0.0036884538683193187}
{"name": "near-10_bleed-50_delay30_noise-60", "near": true, "decision": "decode", "explained": 0.00011520179797651795, "delay_samples": 73, "gain": -0.0036761539316410704}
{"name": "near-10_bleed-50_delay60_noiseNone", "near": true, "decision": "decode", "explained": 0.00011276252519252376, "delay_samples": 73, "gain": -0.0036352092303213912}
{"name": "near-10_bleed-50_delay60_noise-45", "near": true, "decision": "decode", "explained": 0.00011033888539667659, "delay_samples": 74, "gain": -0.003645595335082435}
{"name": "near-10_bleed-50_delay60_noise-60", "near": true, "decision": "decode", "explained": 0.00011156315582944511, "delay_samples": 73, "gain": -0.0036171544303889185}
{"name": "near-10_bleed-70_delay5_noiseNone", "near": true, "decision": "decode", "explained": 0.00010715684497772728, "delay_samples": 73, "gain": -0.003543788835759639}
{"name": "near-10_bleed-70_delay5_noise-45", "near": true, "decision": "decode", "explained": 0.00011152443997004533, "delay_samples": 73, "gain": -0.003664081184141308}
{"name": "near-10_bleed-70_delay5_noise-60", "near": true, "decision": "decode", "explained": 0.00010660456457303375, "delay_samples": 73, "gain": -0.00353598449525948}
{"name": "near-10_bleed-70_delay30_noiseNone", "near": true, "decision": "decode", "explained": 0.00011406856319811116, "delay_samples": 73, "gain": -0.003656306615976403}
{"name": "near-10_bleed-70_delay30_noise-45", "near": true, "decision": "decode", "explained": 0.00011209254366001395, "delay_samples": 74, "gain": -0.003673949631148461}
{"name": "near-10_bleed-70_delay30_noise-60", "near": true, "decision": "decode", "explained": 0.00011454640930423724, "delay_samples": 73, "gain": -0.00366545368832333}
{"name": "near-10_bleed-70_delay60_noiseNone", "near": true, "decision": "decode", "explained": 0.00011381509523696777, "delay_samples": 73, "gain": -0.003652216244619765}
{"name": "near-10_bleed-70_delay60_noise-45", "near": true, "decision": "decode", "explained": 0.00010760468113445161, "delay_samples": 74, "gain": -0.0035997958409695464}
{"name": "near-10_bleed-70_delay60_noise-60", "near": true, "decision": "decode", "explained": 0.00011417788345399398, "delay_samples": 74, "gain": -0.0036596617203677423}
{"name": "near-15_bleed-10_delay5_noiseNone", "near": true, "decision": "decode", "explained": 0.7284491968737244, "delay_samples": 80, "gain": 0.3153193522291335}
{"name": "near-15_bleed-10_delay5_noise-45", "near": true, "decision": "decode", "explained": 0.7117527384650336, "delay_samples": 80, "gain": 0.3153793312542995}
{"name": "near-15_bleed-10_delay5_noise-60", "near": true, "decision": "decode", "explained": 0.7279161657645635, "delay_samples": 80, "gain": 0.31533665142702616}
{"name": "near-15_bleed-10_delay30_noiseNone", "near": true, "decision": "decode", "explained": 0.7293331189178283, "delay_samples": 480, "gain": 0.3161130652201565}
{"name": "near-15_bleed-10_delay30_noise-45", "near": true, "decision": "decode", "explained": 0.712433560620716, "delay_samples": 480, "gain": 0.316094161215703}
{"name": "near-15_bleed-10_delay30_noise-60", "near": true, "decision": "decode", "explained": 0.7288208743104487, "delay_samples": 480, "gain": 0.31612669549616834}
{"name": "near-15_bleed-10_delay60_noiseNone", "near": true, "decision": "decode", "explained": 0.7276038146673545, "delay_samples": 960, "gain": 0.3147283659080373}
{"name": "near-15_bleed-10_delay60_noise-45", "near": true, "decision": "decode", "explained": 0.7105736814769431, "delay_samples": 960, "gain": 0.3147081153807359}
{"name": "near-15_bleed-10_delay60_noise-60", "near": true, "decision": "decode", "explained": 0.7270708769817992, "delay_samples": 960, "gain": 0.314721313838052}
{"name": "near-15_bleed-30_delay5_noiseNone", "near": true, "decision": "decode", "explained": 0.024820480846178033, "delay_samples": 80, "gain": 0.03071425138096886}
{"name": "near-15_bleed-30_delay5_noise-45", "near": true, "decision": "decode", "explained": 0.02272519537733894, "delay_samples": 80, "gain": 0.030586990856789842}
{"name": "near-15_bleed-30_delay5_noise-60", "near": true, "decision": "decode", "explained": 0.024762812950719085, "delay_samples": 80, "gain": 0.030720424193322996}
{"name": "near-15_bleed-30_delay30_noiseNone", "near": true, "decision": "decode", "explained": 0.026071951541975315, "delay_samples": 480, "gain": 0.031507993024984256}
{"name": "near-15_bleed-30_delay30_noise-45", "near": true, "decision": "decode", "explained": 0.023979633262930313, "delay_samples": 480, "gain": 0.03147546037090481}
{"name": "near-15_bleed-30_delay30_noise-60", "near": true, "decision": "decode", "explained": 0.026015499144631266, "delay_samples": 480, "gain": 0.03151356694709704}
{"name": "near-15_bleed-30_delay60_noiseNone", "near": true, "decision": "decode", "explained": 0.023885136782832158, "delay_samples": 960, "gain": 0.030123318760370155}
{"name": "near-15_bleed-30_delay60_noise-45", "near": true, "decision": "decode", "explained": 0.02186946395268955, "delay_samples": 960, "gain": 0.03003291167119598}
{"name": "near-15_bleed-30_delay60_noise-60", "near": true, "decision": "decode", "explained": 0.023833617660739298, "delay_samples": 960, "gain": 0.03013164838655556}
{"name": "near-15_bleed-50_delay5_noiseNone", "near": true, "decision": "decode", "explained": 0.00015169141886607105, "delay_samples": 64, "gain": -0.0023711603598193503}
{"name": "near-15_bleed-50_delay5_noise-45", "near": true, "decision": "decode", "explained": 0.0001405997607394659, "delay_samples": 64, "gain": -0.0023795523606082564}
{"name": "near-15_bleed-50_delay5_noise-60", "near": true, "decision": "decode", "explained": 0.0001544418088142416, "delay_samples": 64, "gain": -0.002395665703282262}
{"name": "near-15_bleed-50_delay30_noiseNone", "near": true, "decision": "decode", "explained": 0.0002504160102827217, "delay_samples": 480, "gain": 0.0030477741841666876}
{"name": "near-15_bleed-50_delay30_noise-45", "near": true, "decision": "decode", "explained": 0.00023672995362769504, "delay_samples": 480, "gain": 0.003089749122600031}
{"name": "near-15_bleed-50_delay30_noise-60", "near": true, "decision": "decode", "explained": 0.0002498810000531737, "delay_samples": 480, "gain": 0.0030483085305547217}
{"name": "near-15_bleed-50_delay60_noiseNone", "near": true, "decision": "decode", "explained": 0.0001118271690796932, "delay_samples": 73, "gain": -0.0020358061595032373}
{"name": "near-15_bleed-50_delay60_noise-45", "near": true, "decision": "decode", "explained": 9.00646099428445e-05, "delay_samples": 73, "gain": -0.0019055283241717828}
{"name": "near-15_bleed-50_delay60_noise-60", "near": true, "decision": "decode", "explained": 0.00011102469584050459, "delay_samples": 74, "gain": -0.0020312430861641893}
{"name": "near-15_bleed-70_delay5_noiseNone", "near": true, "decision": "decode", "explained": 0.0001020508114774766, "delay_samples": 73, "gain": -0.0019447569517860852}
{"name": "near-15_bleed-70_delay5_noise-45", "near": true, "decision": "decode", "explained": 9.259273764637314e-05, "delay_samples": 73, "gain": -0.0019316826194081653}
{"name": "near-15_bleed-70_delay5_noise-60", "near": true, "decision": "decode", "explained": 0.00010238688209341019, "delay_samples": 73, "gain": -0.0019505933543128686}
{"name": "near-15_bleed-70_delay30_noiseNone", "near": true, "decision": "decode", "explained": 0.0001141787554292304, "delay_samples": 73, "gain": -0.0020570851090069863}
{"name": "near-15_bleed-70_delay30_noise-45", "near": true, "decision": "decode", "explained": 0.00011322317230544535, "delay_samples": 73, "gain": -0.0021355078642958437}
{"name": "near-15_bleed-70_delay30_noise-60", "near": true, "decision": "decode", "explained": 0.00011566134543722704, "delay_samples": 73, "gain": -0.0020733936056939904}
{"name": "near-15_bleed-70_delay60_noiseNone", "near": true, "decision": "decode", "explained": 0.00011371457406104345, "delay_samples": 73, "gain": -0.0020528780868337166}
{"name": "near-15_bleed-70_delay60_noise-45", "near": true, "decision": "decode", "explained": 9.870185490267559e-05, "delay_samples": 74, "gain": -0.0019934332248296898}
{"name": "near-15_bleed-70_delay60_noise-60", "near": true, "decision": "decode", "explained": 0.00011316986012122815, "delay_samples": 73, "gain": -0.0020507527575240768}
{"name": "near-20_bleed-10_delay5_noiseNone", "near": true, "decision": "decode", "explained": 0.8947853741809545, "delay_samples": 80, "gain": 0.3157169482600646}
{"name": "near-20_bleed-10_delay5_noise-45", "near": true, "decision": "decode", "explained": 0.8695663103697431, "delay_samples": 80, "gain": 0.31571802021877143}
{"name": "near-20_bleed-10_delay5_noise-60", "near": true, "decision": "decode", "explained": 0.8939552427464504, "delay_samples": 80, "gain": 0.31573929602958284}
{"name": "near-20_bleed-10_delay30_noiseNone", "near": true, "decision": "decode", "explained": 0.8949987956581531, "delay_samples": 480, "gain": 0.3161632880696379}
{"name": "near-20_bleed-10_delay30_noise-45", "near": true, "decision": "decode", "explained": 0.8697617012848736, "delay_samples": 480, "gain": 0.31618205177236414}
{"name": "near-20_bleed-10_delay30_noise-60", "near": true, "decision": "decode", "explained": 0.8942248212728696, "delay_samples": 480, "gain": 0.3161690187673428}
{"name": "near-20_bleed-10_delay60_noiseNone", "near": true, "decision": "decode", "explained": 0.8945379746689279, "delay_samples": 960, "gain": 0.31538463185335164}
{"name": "near-20_bleed-10_delay60_noise-45", "near": true, "decision": "decode", "explained": 0.8694058362847473, "delay_samples": 960, "gain": 0.31532894296889463}
{"name": "near-20_bleed-10_delay60_noise-60", "near": true, "decision": "decode", "explained": 0.8937114609972906, "delay_samples": 960, "gain": 0.3153708398584535}
{"name": "near-20_bleed-30_delay5_noiseNone", "near": true, "decision": "decode", "explained": 0.07628527426320131, "delay_samples": 80, "gain": 0.03111205568296115}
{"name": "near-20_bleed-30_delay5_noise-45", "near": true, "decision": "decode", "explained": 0.06050188389032353, "delay_samples": 80, "gain": 0.031025916524201533}
{"name": "near-20_bleed-30_delay5_noise-60", "near": true, "decision": "decode", "explained": 0.07565811473190039, "delay_samples": 80, "gain": 0.03110655329150117}
{"name": "near-20_bleed-30_delay30_noiseNone", "near": true, "decision": "decode", "explained": 0.07827672073737293, "delay_samples": 480, "gain": 0.03155827745252568}
{"name": "near-20_bleed-30_delay30_noise-45", "near": true, "decision": "decode", "explained": 0.062405600284174974, "delay_samples": 480, "gain": 0.031538367674473496}
{"name": "near-20_bleed-30_delay30_noise-60", "near": true, "decision": "decode", "explained": 0.07780545603231362, "delay_samples": 480, "gain": 0.03158356896512971}
{"name": "near-20_bleed-30_delay60_noiseNone", "near": true, "decision": "decode", "explained": 0.07474925296484052, "delay_samples": 960, "gain": 0.030779574155646597}
{"name": "near-20_bleed-30_delay60_noise-45", "near": true, "decision": "decode", "explained": 0.059456397127552324, "delay_samples": 960, "gain": 0.030733393381151546}
{"name": "near-20_bleed-30_delay60_noise-60", "near": true, "decision": "decode", "explained": 0.07407460487760993, "delay_samples": 960, "gain": 0.030763056935301077}
{"name": "near-20_bleed-50_delay5_noiseNone", "near": true, "decision": "decode", "explained": 0.0005994452040178243, "delay_samples": 80, "gain": 0.002651440890350002}
{"name": "near-20_bleed-50_delay5_noise-45", "near": true, "decision": "decode", "explained": 0.0004701798040359384, "delay_samples": 81, "gain": 0.0026493429181910096}
{"name": "near-20_bleed-50_delay5_noise-60", "near": true, "decision": "decode", "explained": 0.0005902540347289517, "delay_samples": 80, "gain": 0.0026429620210297973}
{"name": "near-20_bleed-50_delay30_noiseNone", "near": true, "decision": "decode", "explained": 0.0008176217315423906, "delay_samples": 480, "gain": 0.0030977869687641014}
{"name": "near-20_bleed-50_delay30_noise-45", "near": true, "decision": "decode", "explained": 0.0006529505969471987, "delay_samples": 480, "gain": 0.003124023849348842}
{"name": "near-20_bleed-50_delay30_noise-60", "near": true, "decision": "decode", "explained": 0.0008155102308216684, "delay_samples": 480, "gain": 0.0031069462687758325}
{"name": "near-20_bleed-50_delay60_noiseNone", "near": true, "decision": "decode", "explained": 0.00045846337923869816, "delay_samples": 960, "gain": 0.0023192145686002814}
{"name": "near-20_bleed-50_delay60_noise-45", "near": true, "decision": "decode", "explained": 0.0003494826106243426, "delay_samples": 960, "gain": 0.0022850988357350824}
{"name": "near-20_bleed-50_delay60_noise-60", "near": true, "decision": "decode", "explained": 0.0004571307325333568, "delay_samples": 960, "gain": 0.002326249496747053}
{"name": "near-20_bleed-70_delay5_noiseNone", "near": true, "decision": "decode", "explained": 9.361360464926444e-05, "delay_samples": 72, "gain": -0.0010474286102221259}
{"name": "near-20_bleed-70_delay5_noise-45", "near": true, "decision": "decode", "explained": 8.277900060820286e-05, "delay_samples": 71, "gain": -0.001111987959722265}
{"name": "near-20_bleed-70_delay5_noise-60", "near": true, "decision": "decode", "explained": 9.369330173350508e-05, "delay_samples": 72, "gain": -0.0010523483428120906}
{"name": "near-20_bleed-70_delay30_noiseNone", "near": true, "decision": "decode", "explained": 0.00011439533709305092, "delay_samples": 73, "gain": -0.001157883766932881}
{"name": "near-20_bleed-70_delay30_noise-45", "near": true, "decision": "decode", "explained": 8.33135049464161e-05, "delay_samples": 70, "gain": -0.0011150257698138617}
{"name": "near-20_bleed-70_delay30_noise-60", "near": true, "decision": "decode", "explained": 0.0001130990323833801, "delay_samples": 73, "gain": -0.0011560933275494385}
{"name": "near-20_bleed-70_delay60_noiseNone", "near": true, "decision": "decode", "explained": 0.00011357438901268374, "delay_samples": 73, "gain": -0.0011536972750115474}
{"name": "near-20_bleed-70_delay60_noise-45", "near": true, "decision": "decode", "explained": 8.079339169884663e-05, "delay_samples": 74, "gain": -0.0010981176951325418}
{"name": "near-20_bleed-70_delay60_noise-60", "near": true, "decision": "decode", "explained": 0.0001135121642849037, "delay_samples": 74, "gain": -0.001158182526144137}
{"name": "baseline-10", "decision": "decode", "seconds": 2.1113811249961145, "vs_reference": {"reference_words": 145, "emitted_words": 154, "edit_distance": 9, "wer": 0.06206896551724138, "unique_retained": 83, "unique_reference": 83}, "vs_playback": {"reference_words": 188, "emitted_words": 154, "edit_distance": 176, "wer": 0.9361702127659575, "unique_retained": 24, "unique_reference": 94}}
{"name": "baseline-15", "decision": "decode", "seconds": 1.4589534170081606, "vs_reference": {"reference_words": 145, "emitted_words": 154, "edit_distance": 9, "wer": 0.06206896551724138, "unique_retained": 83, "unique_reference": 83}, "vs_playback": {"reference_words": 188, "emitted_words": 154, "edit_distance": 176, "wer": 0.9361702127659575, "unique_retained": 24, "unique_reference": 94}}
{"name": "baseline-20", "decision": "decode", "seconds": 1.474858542002039, "vs_reference": {"reference_words": 145, "emitted_words": 154, "edit_distance": 9, "wer": 0.06206896551724138, "unique_retained": 83, "unique_reference": 83}, "vs_playback": {"reference_words": 188, "emitted_words": 154, "edit_distance": 176, "wer": 0.9361702127659575, "unique_retained": 24, "unique_reference": 94}}
{"name": "zero", "decision": "skip-zero", "seconds": 0.1717665830074111, "vs_reference": {"reference_words": 188, "emitted_words": 0, "edit_distance": 188, "wer": 1.0, "unique_retained": 0, "unique_reference": 94}, "vs_playback": {"reference_words": 188, "emitted_words": 0, "edit_distance": 188, "wer": 1.0, "unique_retained": 0, "unique_reference": 94}}
{"name": "noise-45", "decision": "decode", "seconds": 0.1307948750036303, "vs_reference": {"reference_words": 188, "emitted_words": 0, "edit_distance": 188, "wer": 1.0, "unique_retained": 0, "unique_reference": 94}, "vs_playback": {"reference_words": 188, "emitted_words": 0, "edit_distance": 188, "wer": 1.0, "unique_retained": 0, "unique_reference": 94}}
{"name": "noise-60", "decision": "decode", "seconds": 0.12153929099440575, "vs_reference": {"reference_words": 188, "emitted_words": 0, "edit_distance": 188, "wer": 1.0, "unique_retained": 0, "unique_reference": 94}, "vs_playback": {"reference_words": 188, "emitted_words": 0, "edit_distance": 188, "wer": 1.0, "unique_retained": 0, "unique_reference": 94}}
{"name": "nearNone_bleed-10_delay30_noiseNone", "decision": "leak-suspect", "seconds": 2.1544551249971846, "vs_reference": {"reference_words": 188, "emitted_words": 195, "edit_distance": 31, "wer": 0.16489361702127658, "unique_retained": 91, "unique_reference": 94}, "vs_playback": {"reference_words": 188, "emitted_words": 195, "edit_distance": 31, "wer": 0.16489361702127658, "unique_retained": 91, "unique_reference": 94}}
{"name": "nearNone_bleed-10_delay30_noise-45", "decision": "decode", "seconds": 1.4057793749962002, "vs_reference": {"reference_words": 188, "emitted_words": 197, "edit_distance": 33, "wer": 0.17553191489361702, "unique_retained": 88, "unique_reference": 94}, "vs_playback": {"reference_words": 188, "emitted_words": 197, "edit_distance": 33, "wer": 0.17553191489361702, "unique_retained": 88, "unique_reference": 94}}
{"name": "nearNone_bleed-10_delay30_noise-60", "decision": "leak-suspect", "seconds": 2.2997426250076387, "vs_reference": {"reference_words": 188, "emitted_words": 195, "edit_distance": 27, "wer": 0.14361702127659576, "unique_retained": 91, "unique_reference": 94}, "vs_playback": {"reference_words": 188, "emitted_words": 195, "edit_distance": 27, "wer": 0.14361702127659576, "unique_retained": 91, "unique_reference": 94}}
{"name": "nearNone_bleed-30_delay30_noiseNone", "decision": "leak-suspect", "seconds": 2.40994562501146, "vs_reference": {"reference_words": 188, "emitted_words": 197, "edit_distance": 29, "wer": 0.15425531914893617, "unique_retained": 91, "unique_reference": 94}, "vs_playback": {"reference_words": 188, "emitted_words": 197, "edit_distance": 29, "wer": 0.15425531914893617, "unique_retained": 91, "unique_reference": 94}}
{"name": "nearNone_bleed-30_delay30_noise-45", "decision": "decode", "seconds": 1.7597329580021324, "vs_reference": {"reference_words": 188, "emitted_words": 195, "edit_distance": 78, "wer": 0.4148936170212766, "unique_retained": 80, "unique_reference": 94}, "vs_playback": {"reference_words": 188, "emitted_words": 195, "edit_distance": 78, "wer": 0.4148936170212766, "unique_retained": 80, "unique_reference": 94}}
{"name": "nearNone_bleed-30_delay30_noise-60", "decision": "decode", "seconds": 2.3919722919963533, "vs_reference": {"reference_words": 188, "emitted_words": 196, "edit_distance": 38, "wer": 0.20212765957446807, "unique_retained": 86, "unique_reference": 94}, "vs_playback": {"reference_words": 188, "emitted_words": 196, "edit_distance": 38, "wer": 0.20212765957446807, "unique_retained": 86, "unique_reference": 94}}
{"name": "nearNone_bleed-50_delay30_noiseNone", "decision": "leak-suspect", "seconds": 2.369038000004366, "vs_reference": {"reference_words": 188, "emitted_words": 203, "edit_distance": 39, "wer": 0.2074468085106383, "unique_retained": 90, "unique_reference": 94}, "vs_playback": {"reference_words": 188, "emitted_words": 203, "edit_distance": 39, "wer": 0.2074468085106383, "unique_retained": 90, "unique_reference": 94}}
{"name": "nearNone_bleed-50_delay30_noise-45", "decision": "decode", "seconds": 0.13175220899574924, "vs_reference": {"reference_words": 188, "emitted_words": 0, "edit_distance": 188, "wer": 1.0, "unique_retained": 0, "unique_reference": 94}, "vs_playback": {"reference_words": 188, "emitted_words": 0, "edit_distance": 188, "wer": 1.0, "unique_retained": 0, "unique_reference": 94}}
{"name": "nearNone_bleed-50_delay30_noise-60", "decision": "decode", "seconds": 1.6796128330024658, "vs_reference": {"reference_words": 188, "emitted_words": 160, "edit_distance": 117, "wer": 0.6223404255319149, "unique_retained": 64, "unique_reference": 94}, "vs_playback": {"reference_words": 188, "emitted_words": 160, "edit_distance": 117, "wer": 0.6223404255319149, "unique_retained": 64, "unique_reference": 94}}
{"name": "nearNone_bleed-70_delay30_noiseNone", "decision": "decode", "seconds": 1.8344531249895226, "vs_reference": {"reference_words": 188, "emitted_words": 197, "edit_distance": 40, "wer": 0.2127659574468085, "unique_retained": 86, "unique_reference": 94}, "vs_playback": {"reference_words": 188, "emitted_words": 197, "edit_distance": 40, "wer": 0.2127659574468085, "unique_retained": 86, "unique_reference": 94}}
{"name": "nearNone_bleed-70_delay30_noise-45", "decision": "decode", "seconds": 0.13844020800024737, "vs_reference": {"reference_words": 188, "emitted_words": 0, "edit_distance": 188, "wer": 1.0, "unique_retained": 0, "unique_reference": 94}, "vs_playback": {"reference_words": 188, "emitted_words": 0, "edit_distance": 188, "wer": 1.0, "unique_retained": 0, "unique_reference": 94}}
{"name": "nearNone_bleed-70_delay30_noise-60", "decision": "decode", "seconds": 0.11843845900148153, "vs_reference": {"reference_words": 188, "emitted_words": 0, "edit_distance": 188, "wer": 1.0, "unique_retained": 0, "unique_reference": 94}, "vs_playback": {"reference_words": 188, "emitted_words": 0, "edit_distance": 188, "wer": 1.0, "unique_retained": 0, "unique_reference": 94}}
{"name": "near-10_bleed-10_delay5_noiseNone", "decision": "decode", "seconds": 2.625006582995411, "vs_reference": {"reference_words": 145, "emitted_words": 222, "edit_distance": 104, "wer": 0.7172413793103448, "unique_retained": 72, "unique_reference": 83}, "vs_lane_alone": {"reference_words": 154, "emitted_words": 222, "edit_distance": 100, "wer": 0.6493506493506493, "unique_retained": 76, "unique_reference": 87}, "guard_vs_lane_alone": {"reference_words": 154, "emitted_words": 222, "edit_distance": 100, "wer": 0.6493506493506493, "unique_retained": 76, "unique_reference": 87}, "vs_playback": {"reference_words": 188, "emitted_words": 222, "edit_distance": 156, "wer": 0.8297872340425532, "unique_retained": 59, "unique_reference": 94}}
{"name": "near-10_bleed-10_delay5_noise-45", "decision": "decode", "seconds": 2.5451270420016954, "vs_reference": {"reference_words": 145, "emitted_words": 263, "edit_distance": 181, "wer": 1.2482758620689656, "unique_retained": 52, "unique_reference": 83}, "vs_lane_alone": {"reference_words": 154, "emitted_words": 263, "edit_distance": 175, "wer": 1.1363636363636365, "unique_retained": 55, "unique_reference": 87}, "guard_vs_lane_alone": {"reference_words": 154, "emitted_words": 263, "edit_distance": 175, "wer": 1.1363636363636365, "unique_retained": 55, "unique_reference": 87}, "vs_playback": {"reference_words": 188, "emitted_words": 263, "edit_distance": 121, "wer": 0.6436170212765957, "unique_retained": 81, "unique_reference": 94}}
{"name": "near-10_bleed-10_delay5_noise-60", "decision": "decode", "seconds": 1.7804230420006206, "vs_reference": {"reference_words": 145, "emitted_words": 196, "edit_distance": 123, "wer": 0.8482758620689655, "unique_retained": 50, "unique_reference": 83}, "vs_lane_alone": {"reference_words": 154, "emitted_words": 196, "edit_distance": 119, "wer": 0.7727272727272727, "unique_retained": 54, "unique_reference": 87}, "guard_vs_lane_alone": {"reference_words": 154, "emitted_words": 196, "edit_distance": 119, "wer": 0.7727272727272727, "unique_retained": 54, "unique_reference": 87}, "vs_playback": {"reference_words": 188, "emitted_words": 196, "edit_distance": 95, "wer": 0.5053191489361702, "unique_retained": 64, "unique_reference": 94}}
{"name": "near-10_bleed-10_delay30_noiseNone", "decision": "decode", "seconds": 2.4994490000099177, "vs_reference": {"reference_words": 145, "emitted_words": 213, "edit_distance": 113, "wer": 0.7793103448275862, "unique_retained": 66, "unique_reference": 83}, "vs_lane_alone": {"reference_words": 154, "emitted_words": 213, "edit_distance": 109, "wer": 0.7077922077922078, "unique_retained": 69, "unique_reference": 87}, "guard_vs_lane_alone": {"reference_words": 154, "emitted_words": 213, "edit_distance": 109, "wer": 0.7077922077922078, "unique_retained": 69, "unique_reference": 87}, "vs_playback": {"reference_words": 188, "emitted_words": 213, "edit_distance": 127, "wer": 0.675531914893617, "unique_retained": 64, "unique_reference": 94}}
{"name": "near-10_bleed-10_delay30_noise-45", "decision": "decode", "seconds": 2.1363384160067653, "vs_reference": {"reference_words": 145, "emitted_words": 348, "edit_distance": 217, "wer": 1.4965517241379311, "unique_retained": 80, "unique_reference": 83}, "vs_lane_alone": {"reference_words": 154, "emitted_words": 348, "edit_distance": 208, "wer": 1.3506493506493507, "unique_retained": 84, "unique_reference": 87}, "guard_vs_lane_alone": {"reference_words": 154, "emitted_words": 348, "edit_distance": 208, "wer": 1.3506493506493507, "unique_retained": 84, "unique_reference": 87}, "vs_playback": {"reference_words": 188, "emitted_words": 348, "edit_distance": 189, "wer": 1.0053191489361701, "unique_retained": 82, "unique_reference": 94}}
{"name": "near-10_bleed-10_delay30_noise-60", "decision": "decode", "seconds": 2.391837791990838, "vs_reference": {"reference_words": 145, "emitted_words": 210, "edit_distance": 91, "wer": 0.6275862068965518, "unique_retained": 75, "unique_reference": 83}, "vs_lane_alone": {"reference_words": 154, "emitted_words": 210, "edit_distance": 87, "wer": 0.564935064935065, "unique_retained": 78, "unique_reference": 87}, "guard_vs_lane_alone": {"reference_words": 154, "emitted_words": 210, "edit_distance": 87, "wer": 0.564935064935065, "unique_retained": 78, "unique_reference": 87}, "vs_playback": {"reference_words": 188, "emitted_words": 210, "edit_distance": 151, "wer": 0.8031914893617021, "unique_retained": 58, "unique_reference": 94}}
{"name": "near-10_bleed-10_delay60_noiseNone", "decision": "decode", "seconds": 2.585259125000448, "vs_reference": {"reference_words": 145, "emitted_words": 212, "edit_distance": 149, "wer": 1.0275862068965518, "unique_retained": 47, "unique_reference": 83}, "vs_lane_alone": {"reference_words": 154, "emitted_words": 212, "edit_distance": 144, "wer": 0.935064935064935, "unique_retained": 50, "unique_reference": 87}, "guard_vs_lane_alone": {"reference_words": 154, "emitted_words": 212, "edit_distance": 144, "wer": 0.935064935064935, "unique_retained": 50, "unique_reference": 87}, "vs_playback": {"reference_words": 188, "emitted_words": 212, "edit_distance": 98, "wer": 0.5212765957446809, "unique_retained": 73, "unique_reference": 94}}
{"name": "near-10_bleed-10_delay60_noise-45", "decision": "decode", "seconds": 2.4461480419995496, "vs_reference": {"reference_words": 145, "emitted_words": 331, "edit_distance": 202, "wer": 1.393103448275862, "unique_retained": 80, "unique_reference": 83}, "vs_lane_alone": {"reference_words": 154, "emitted_words": 331, "edit_distance": 193, "wer": 1.2532467532467533, "unique_retained": 84, "unique_reference": 87}, "guard_vs_lane_alone": {"reference_words": 154, "emitted_words": 331, "edit_distance": 193, "wer": 1.2532467532467533, "unique_retained": 84, "unique_reference": 87}, "vs_playback": {"reference_words": 188, "emitted_words": 331, "edit_distance": 200, "wer": 1.0638297872340425, "unique_retained": 80, "unique_reference": 94}}
{"name": "near-10_bleed-10_delay60_noise-60", "decision": "decode", "seconds": 2.659857958002249, "vs_reference": {"reference_words": 145, "emitted_words": 226, "edit_distance": 158, "wer": 1.089655172413793, "unique_retained": 47, "unique_reference": 83}, "vs_lane_alone": {"reference_words": 154, "emitted_words": 226, "edit_distance": 153, "wer": 0.9935064935064936, "unique_retained": 50, "unique_reference": 87}, "guard_vs_lane_alone": {"reference_words": 154, "emitted_words": 226, "edit_distance": 153, "wer": 0.9935064935064936, "unique_retained": 50, "unique_reference": 87}, "vs_playback": {"reference_words": 188, "emitted_words": 226, "edit_distance": 104, "wer": 0.5531914893617021, "unique_retained": 74, "unique_reference": 94}}
{"name": "near-15_bleed-10_delay5_noiseNone", "decision": "decode", "seconds": 2.6579786670044996, "vs_reference": {"reference_words": 145, "emitted_words": 233, "edit_distance": 180, "wer": 1.2413793103448276, "unique_retained": 41, "unique_reference": 83}, "vs_lane_alone": {"reference_words": 154, "emitted_words": 233, "edit_distance": 174, "wer": 1.12987012987013, "unique_retained": 45, "unique_reference": 87}, "guard_vs_lane_alone": {"reference_words": 154, "emitted_words": 233, "edit_distance": 174, "wer": 1.12987012987013, "unique_retained": 45, "unique_reference": 87}, "vs_playback": {"reference_words": 188, "emitted_words": 233, "edit_distance": 67, "wer": 0.35638297872340424, "unique_retained": 84, "unique_reference": 94}}
{"name": "near-15_bleed-10_delay5_noise-45", "decision": "decode", "seconds": 2.017872708005598, "vs_reference": {"reference_words": 145, "emitted_words": 303, "edit_distance": 227, "wer": 1.5655172413793104, "unique_retained": 55, "unique_reference": 83}, "vs_lane_alone": {"reference_words": 154, "emitted_words": 303, "edit_distance": 220, "wer": 1.4285714285714286, "unique_retained": 59, "unique_reference": 87}, "guard_vs_lane_alone": {"reference_words": 154, "emitted_words": 303, "edit_distance": 220, "wer": 1.4285714285714286, "unique_retained": 59, "unique_reference": 87}, "vs_playback": {"reference_words": 188, "emitted_words": 303, "edit_distance": 141, "wer": 0.75, "unique_retained": 86, "unique_reference": 94}}
{"name": "near-15_bleed-10_delay5_noise-60", "decision": "decode", "seconds": 2.6259065409976756, "vs_reference": {"reference_words": 145, "emitted_words": 241, "edit_distance": 166, "wer": 1.1448275862068966, "unique_retained": 49, "unique_reference": 83}, "vs_lane_alone": {"reference_words": 154, "emitted_words": 241, "edit_distance": 160, "wer": 1.0389610389610389, "unique_retained": 53, "unique_reference": 87}, "guard_vs_lane_alone": {"reference_words": 154, "emitted_words": 241, "edit_distance": 160, "wer": 1.0389610389610389, "unique_retained": 53, "unique_reference": 87}, "vs_playback": {"reference_words": 188, "emitted_words": 241, "edit_distance": 104, "wer": 0.5531914893617021, "unique_retained": 79, "unique_reference": 94}}
{"name": "near-15_bleed-10_delay30_noiseNone", "decision": "decode", "seconds": 2.851004332987941, "vs_reference": {"reference_words": 145, "emitted_words": 237, "edit_distance": 186, "wer": 1.282758620689655, "unique_retained": 40, "unique_reference": 83}, "vs_lane_alone": {"reference_words": 154, "emitted_words": 237, "edit_distance": 182, "wer": 1.1818181818181819, "unique_retained": 42, "unique_reference": 87}, "guard_vs_lane_alone": {"reference_words": 154, "emitted_words": 237, "edit_distance": 182, "wer": 1.1818181818181819, "unique_retained": 42, "unique_reference": 87}, "vs_playback": {"reference_words": 188, "emitted_words": 237, "edit_distance": 80, "wer": 0.425531914893617, "unique_retained": 83, "unique_reference": 94}}
{"name": "near-15_bleed-10_delay30_noise-45", "decision": "decode", "seconds": 2.4008527919941116, "vs_reference": {"reference_words": 145, "emitted_words": 318, "edit_distance": 202, "wer": 1.393103448275862, "unique_retained": 72, "unique_reference": 83}, "vs_lane_alone": {"reference_words": 154, "emitted_words": 318, "edit_distance": 196, "wer": 1.2727272727272727, "unique_retained": 74, "unique_reference": 87}, "guard_vs_lane_alone": {"reference_words": 154, "emitted_words": 318, "edit_distance": 196, "wer": 1.2727272727272727, "unique_retained": 74, "unique_reference": 87}, "vs_playback": {"reference_words": 188, "emitted_words": 318, "edit_distance": 174, "wer": 0.925531914893617, "unique_retained": 78, "unique_reference": 94}}
{"name": "near-15_bleed-10_delay30_noise-60", "decision": "decode", "seconds": 2.473001292004483, "vs_reference": {"reference_words": 145, "emitted_words": 213, "edit_distance": 164, "wer": 1.1310344827586207, "unique_retained": 40, "unique_reference": 83}, "vs_lane_alone": {"reference_words": 154, "emitted_words": 213, "edit_distance": 161, "wer": 1.0454545454545454, "unique_retained": 43, "unique_reference": 87}, "guard_vs_lane_alone": {"reference_words": 154, "emitted_words": 213, "edit_distance": 161, "wer": 1.0454545454545454, "unique_retained": 43, "unique_reference": 87}, "vs_playback": {"reference_words": 188, "emitted_words": 213, "edit_distance": 67, "wer": 0.35638297872340424, "unique_retained": 79, "unique_reference": 94}}
{"name": "near-15_bleed-10_delay60_noiseNone", "decision": "decode", "seconds": 2.934498167000129, "vs_reference": {"reference_words": 145, "emitted_words": 235, "edit_distance": 181, "wer": 1.2482758620689656, "unique_retained": 41, "unique_reference": 83}, "vs_lane_alone": {"reference_words": 154, "emitted_words": 235, "edit_distance": 176, "wer": 1.1428571428571428, "unique_retained": 44, "unique_reference": 87}, "guard_vs_lane_alone": {"reference_words": 154, "emitted_words": 235, "edit_distance": 176, "wer": 1.1428571428571428, "unique_retained": 44, "unique_reference": 87}, "vs_playback": {"reference_words": 188, "emitted_words": 235, "edit_distance": 78, "wer": 0.4148936170212766, "unique_retained": 85, "unique_reference": 94}}
{"name": "near-15_bleed-10_delay60_noise-45", "decision": "decode", "seconds": 2.4409497089945944, "vs_reference": {"reference_words": 145, "emitted_words": 300, "edit_distance": 204, "wer": 1.4068965517241379, "unique_retained": 63, "unique_reference": 83}, "vs_lane_alone": {"reference_words": 154, "emitted_words": 300, "edit_distance": 198, "wer": 1.2857142857142858, "unique_retained": 66, "unique_reference": 87}, "guard_vs_lane_alone": {"reference_words": 154, "emitted_words": 300, "edit_distance": 198, "wer": 1.2857142857142858, "unique_retained": 66, "unique_reference": 87}, "vs_playback": {"reference_words": 188, "emitted_words": 300, "edit_distance": 135, "wer": 0.7180851063829787, "unique_retained": 87, "unique_reference": 94}}
{"name": "near-15_bleed-10_delay60_noise-60", "decision": "decode", "seconds": 2.8799736670043785, "vs_reference": {"reference_words": 145, "emitted_words": 242, "edit_distance": 174, "wer": 1.2, "unique_retained": 49, "unique_reference": 83}, "vs_lane_alone": {"reference_words": 154, "emitted_words": 242, "edit_distance": 169, "wer": 1.0974025974025974, "unique_retained": 52, "unique_reference": 87}, "guard_vs_lane_alone": {"reference_words": 154, "emitted_words": 242, "edit_distance": 169, "wer": 1.0974025974025974, "unique_retained": 52, "unique_reference": 87}, "vs_playback": {"reference_words": 188, "emitted_words": 242, "edit_distance": 93, "wer": 0.4946808510638298, "unique_retained": 82, "unique_reference": 94}}
{"name": "near-20_bleed-10_delay5_noiseNone", "decision": "decode", "seconds": 2.067385458998615, "vs_reference": {"reference_words": 145, "emitted_words": 197, "edit_distance": 181, "wer": 1.2482758620689656, "unique_retained": 21, "unique_reference": 83}, "vs_lane_alone": {"reference_words": 154, "emitted_words": 197, "edit_distance": 180, "wer": 1.1688311688311688, "unique_retained": 24, "unique_reference": 87}, "guard_vs_lane_alone": {"reference_words": 154, "emitted_words": 197, "edit_distance": 180, "wer": 1.1688311688311688, "unique_retained": 24, "unique_reference": 87}, "vs_playback": {"reference_words": 188, "emitted_words": 197, "edit_distance": 35, "wer": 0.18617021276595744, "unique_retained": 88, "unique_reference": 94}}
{"name": "near-20_bleed-10_delay5_noise-45", "decision": "decode", "seconds": 2.595816625005682, "vs_reference": {"reference_words": 145, "emitted_words": 199, "edit_distance": 184, "wer": 1.2689655172413794, "unique_retained": 23, "unique_reference": 83}, "vs_lane_alone": {"reference_words": 154, "emitted_words": 199, "edit_distance": 184, "wer": 1.1948051948051948, "unique_retained": 25, "unique_reference": 87}, "guard_vs_lane_alone": {"reference_words": 154, "emitted_words": 199, "edit_distance": 184, "wer": 1.1948051948051948, "unique_retained": 25, "unique_reference": 87}, "vs_playback": {"reference_words": 188, "emitted_words": 199, "edit_distance": 48, "wer": 0.2553191489361702, "unique_retained": 84, "unique_reference": 94}}
{"name": "near-20_bleed-10_delay5_noise-60", "decision": "decode", "seconds": 2.0496171249978943, "vs_reference": {"reference_words": 145, "emitted_words": 193, "edit_distance": 177, "wer": 1.2206896551724138, "unique_retained": 22, "unique_reference": 83}, "vs_lane_alone": {"reference_words": 154, "emitted_words": 193, "edit_distance": 178, "wer": 1.155844155844156, "unique_retained": 24, "unique_reference": 87}, "guard_vs_lane_alone": {"reference_words": 154, "emitted_words": 193, "edit_distance": 178, "wer": 1.155844155844156, "unique_retained": 24, "unique_reference": 87}, "vs_playback": {"reference_words": 188, "emitted_words": 193, "edit_distance": 35, "wer": 0.18617021276595744, "unique_retained": 87, "unique_reference": 94}}
{"name": "near-20_bleed-10_delay30_noiseNone", "decision": "decode", "seconds": 1.7598267499997746, "vs_reference": {"reference_words": 145, "emitted_words": 193, "edit_distance": 179, "wer": 1.2344827586206897, "unique_retained": 20, "unique_reference": 83}, "vs_lane_alone": {"reference_words": 154, "emitted_words": 193, "edit_distance": 180, "wer": 1.1688311688311688, "unique_retained": 22, "unique_reference": 87}, "guard_vs_lane_alone": {"reference_words": 154, "emitted_words": 193, "edit_distance": 180, "wer": 1.1688311688311688, "unique_retained": 22, "unique_reference": 87}, "vs_playback": {"reference_words": 188, "emitted_words": 193, "edit_distance": 36, "wer": 0.19148936170212766, "unique_retained": 86, "unique_reference": 94}}
{"name": "near-20_bleed-10_delay30_noise-45", "decision": "decode", "seconds": 1.8579710420017364, "vs_reference": {"reference_words": 145, "emitted_words": 197, "edit_distance": 181, "wer": 1.2482758620689656, "unique_retained": 23, "unique_reference": 83}, "vs_lane_alone": {"reference_words": 154, "emitted_words": 197, "edit_distance": 182, "wer": 1.1818181818181819, "unique_retained": 25, "unique_reference": 87}, "guard_vs_lane_alone": {"reference_words": 154, "emitted_words": 197, "edit_distance": 182, "wer": 1.1818181818181819, "unique_retained": 25, "unique_reference": 87}, "vs_playback": {"reference_words": 188, "emitted_words": 197, "edit_distance": 42, "wer": 0.22340425531914893, "unique_retained": 85, "unique_reference": 94}}
{"name": "near-20_bleed-10_delay30_noise-60", "decision": "decode", "seconds": 1.7104603750049137, "vs_reference": {"reference_words": 145, "emitted_words": 191, "edit_distance": 177, "wer": 1.2206896551724138, "unique_retained": 20, "unique_reference": 83}, "vs_lane_alone": {"reference_words": 154, "emitted_words": 191, "edit_distance": 178, "wer": 1.155844155844156, "unique_retained": 22, "unique_reference": 87}, "guard_vs_lane_alone": {"reference_words": 154, "emitted_words": 191, "edit_distance": 178, "wer": 1.155844155844156, "unique_retained": 22, "unique_reference": 87}, "vs_playback": {"reference_words": 188, "emitted_words": 191, "edit_distance": 34, "wer": 0.18085106382978725, "unique_retained": 87, "unique_reference": 94}}
{"name": "near-20_bleed-10_delay60_noiseNone", "decision": "decode", "seconds": 2.2575886249978794, "vs_reference": {"reference_words": 145, "emitted_words": 192, "edit_distance": 177, "wer": 1.2206896551724138, "unique_retained": 21, "unique_reference": 83}, "vs_lane_alone": {"reference_words": 154, "emitted_words": 192, "edit_distance": 179, "wer": 1.1623376623376624, "unique_retained": 23, "unique_reference": 87}, "guard_vs_lane_alone": {"reference_words": 154, "emitted_words": 192, "edit_distance": 179, "wer": 1.1623376623376624, "unique_retained": 23, "unique_reference": 87}, "vs_playback": {"reference_words": 188, "emitted_words": 192, "edit_distance": 30, "wer": 0.1595744680851064, "unique_retained": 89, "unique_reference": 94}}
{"name": "near-20_bleed-10_delay60_noise-45", "decision": "decode", "seconds": 1.8044883749971632, "vs_reference": {"reference_words": 145, "emitted_words": 190, "edit_distance": 175, "wer": 1.206896551724138, "unique_retained": 22, "unique_reference": 83}, "vs_lane_alone": {"reference_words": 154, "emitted_words": 190, "edit_distance": 177, "wer": 1.1493506493506493, "unique_retained": 24, "unique_reference": 87}, "guard_vs_lane_alone": {"reference_words": 154, "emitted_words": 190, "edit_distance": 177, "wer": 1.1493506493506493, "unique_retained": 24, "unique_reference": 87}, "vs_playback": {"reference_words": 188, "emitted_words": 190, "edit_distance": 33, "wer": 0.17553191489361702, "unique_retained": 86, "unique_reference": 94}}
{"name": "near-20_bleed-10_delay60_noise-60", "decision": "decode", "seconds": 2.152066124996054, "vs_reference": {"reference_words": 145, "emitted_words": 193, "edit_distance": 178, "wer": 1.2275862068965517, "unique_retained": 21, "unique_reference": 83}, "vs_lane_alone": {"reference_words": 154, "emitted_words": 193, "edit_distance": 180, "wer": 1.1688311688311688, "unique_retained": 23, "unique_reference": 87}, "guard_vs_lane_alone": {"reference_words": 154, "emitted_words": 193, "edit_distance": 180, "wer": 1.1688311688311688, "unique_retained": 23, "unique_reference": 87}, "vs_playback": {"reference_words": 188, "emitted_words": 193, "edit_distance": 30, "wer": 0.1595744680851064, "unique_retained": 89, "unique_reference": 94}}
