{"name": "zero", "near": false, "decision": "skip-zero", "explained": 0.0, "delay_samples": 0, "gain": 0.0}
{"name": "noise-45", "near": false, "decision": "decode", "explained": 7.112503182478625e-06, "delay_samples": 551, "gain": -0.0001512237798090511}
{"name": "noise-60", "near": false, "decision": "decode", "explained": 9.780534725556617e-06, "delay_samples": 836, "gain": -3.1512067177306516e-05}
{"name": "nearNone_bleed-10_delay5_noiseNone", "near": false, "decision": "leak-suspect", "explained": 0.9999999269635826, "delay_samples": 80, "gain": 0.31622764206142007}
{"name": "nearNone_bleed-10_delay5_noise-45", "near": false, "decision": "decode", "explained": 0.9688179373265045, "delay_samples": 80, "gain": 0.31624039831395473}
{"name": "nearNone_bleed-10_delay5_noise-60", "near": false, "decision": "leak-suspect", "explained": 0.9989879673993525, "delay_samples": 80, "gain": 0.3162224395889482}
{"name": "nearNone_bleed-10_delay30_noiseNone", "near": false, "decision": "leak-suspect", "explained": 0.9999999269591908, "delay_samples": 480, "gain": 0.31622763772025425}
{"name": "nearNone_bleed-10_delay30_noise-45", "near": false, "decision": "decode", "explained": 0.9688811649918669, "delay_samples": 480, "gain": 0.31635021985363293}
{"name": "nearNone_bleed-10_delay30_noise-60", "near": false, "decision": "leak-suspect", "explained": 0.9989848039802124, "delay_samples": 480, "gain": 0.3162307038715908}
{"name": "nearNone_bleed-10_delay60_noiseNone", "near": false, "decision": "leak-suspect", "explained": 0.9999999269976139, "delay_samples": 960, "gain": 0.3162276381381244}
{"name": "nearNone_bleed-10_delay60_noise-45", "near": false, "decision": "decode", "explained": 0.9688492378757074, "delay_samples": 960, "gain": 0.3162826599479249}
{"name": "nearNone_bleed-10_delay60_noise-60", "near": false, "decision": "leak-suspect", "explained": 0.9989852530459628, "delay_samples": 960, "gain": 0.31622892297928773}
{"name": "nearNone_bleed-30_delay5_noiseNone", "near": false, "decision": "leak-suspect", "explained": 0.9999929043122027, "delay_samples": 80, "gain": 0.03162278359774724}
{"name": "nearNone_bleed-30_delay5_noise-45", "near": false, "decision": "decode", "explained": 0.23786658544388964, "delay_samples": 80, "gain": 0.03161228530403582}
{"name": "nearNone_bleed-30_delay5_noise-60", "near": false, "decision": "decode", "explained": 0.9077400987541877, "delay_samples": 80, "gain": 0.031605705205496645}
{"name": "nearNone_bleed-30_delay30_noiseNone", "near": false, "decision": "leak-suspect", "explained": 0.999992903919293, "delay_samples": 480, "gain": 0.03162278323244109}
{"name": "nearNone_bleed-30_delay30_noise-45", "near": false, "decision": "decode", "explained": 0.23813692702716022, "delay_samples": 480, "gain": 0.03167956943644072}
{"name": "nearNone_bleed-30_delay30_noise-60", "near": false, "decision": "decode", "explained": 0.9076139935888872, "delay_samples": 480, "gain": 0.03162232983485454}
{"name": "nearNone_bleed-30_delay60_noiseNone", "near": false, "decision": "leak-suspect", "explained": 0.9999929075510025, "delay_samples": 960, "gain": 0.0316227840255117}
{"name": "nearNone_bleed-30_delay60_noise-45", "near": false, "decision": "decode", "explained": 0.23781602102377608, "delay_samples": 960, "gain": 0.03170224018021585}
{"name": "nearNone_bleed-30_delay60_noise-60", "near": false, "decision": "decode", "explained": 0.9076194559313773, "delay_samples": 960, "gain": 0.031621914974329944}
{"name": "nearNone_bleed-50_delay5_noiseNone", "near": false, "decision": "leak-suspect", "explained": 0.9993610073965831, "delay_samples": 80, "gain": 0.003162032222953444}
{"name": "nearNone_bleed-50_delay5_noise-45", "near": false, "decision": "decode", "explained": 0.00316143396732998, "delay_samples": 80, "gain": 0.003195272259138966}
{"name": "nearNone_bleed-50_delay5_noise-60", "near": false, "decision": "decode", "explained": 0.08988281418909543, "delay_samples": 80, "gain": 0.0031656699124026303}
{"name": "nearNone_bleed-50_delay30_noiseNone", "near": false, "decision": "leak-suspect", "explained": 0.9993610016668754, "delay_samples": 480, "gain": 0.0031620325359101712}
{"name": "nearNone_bleed-50_delay30_noise-45", "near": false, "decision": "decode", "explained": 0.00314386897245997, "delay_samples": 480, "gain": 0.003183698818143381}
{"name": "nearNone_bleed-50_delay30_noise-60", "near": false, "decision": "decode", "explained": 0.08929886040607325, "delay_samples": 480, "gain": 0.003156441690821919}
{"name": "nearNone_bleed-50_delay60_noiseNone", "near": false, "decision": "leak-suspect", "explained": 0.9993613728672213, "delay_samples": 960, "gain": 0.0031620317486396976}
{"name": "nearNone_bleed-50_delay60_noise-45", "near": false, "decision": "decode", "explained": 0.003160845095483098, "delay_samples": 960, "gain": 0.0031933086343238232}
{"name": "nearNone_bleed-50_delay60_noise-60", "near": false, "decision": "decode", "explained": 0.08984913887113245, "delay_samples": 960, "gain": 0.0031691679205337864}
{"name": "nearNone_bleed-70_delay5_noiseNone", "near": false, "decision": "decode", "explained": 0.9559370925610404, "delay_samples": 80, "gain": 0.00031474578851671173}
{"name": "nearNone_bleed-70_delay5_noise-45", "near": false, "decision": "decode", "explained": 5.310145574234e-05, "delay_samples": 80, "gain": 0.0004129175033248937}
{"name": "nearNone_bleed-70_delay5_noise-60", "near": false, "decision": "decode", "explained": 0.0010029428073619953, "delay_samples": 80, "gain": 0.00031944869965962517}
{"name": "nearNone_bleed-70_delay30_noiseNone", "near": false, "decision": "decode", "explained": 0.9559387099502756, "delay_samples": 480, "gain": 0.00031474620414491183}
{"name": "nearNone_bleed-70_delay30_noise-45", "near": false, "decision": "decode", "explained": 2.1806768526931334e-05, "delay_samples": 480, "gain": 0.00026452588755632227}
{"name": "nearNone_bleed-70_delay30_noise-60", "near": false, "decision": "decode", "explained": 0.001001168327176086, "delay_samples": 480, "gain": 0.0003191515759711263}
{"name": "nearNone_bleed-70_delay60_noiseNone", "near": false, "decision": "decode", "explained": 0.9559561142050936, "delay_samples": 960, "gain": 0.00031474876095898094}
{"name": "nearNone_bleed-70_delay60_noise-45", "near": false, "decision": "decode", "explained": 3.248347744571266e-05, "delay_samples": 960, "gain": 0.00032316751559091324}
{"name": "nearNone_bleed-70_delay60_noise-60", "near": false, "decision": "decode", "explained": 0.0010204097367274825, "delay_samples": 960, "gain": 0.000322857559992341}
{"name": "near-10_bleed-10_delay5_noiseNone", "near": true, "decision": "decode", "explained": 0.45784631692635225, "delay_samples": 80, "gain": 0.31461221255445104}
{"name": "near-10_bleed-10_delay5_noise-45", "near": true, "decision": "decode", "explained": 0.4510818326057575, "delay_samples": 80, "gain": 0.31457055602381817}
{"name": "near-10_bleed-10_delay5_noise-60", "near": true, "decision": "decode", "explained": 0.4576346369540622, "delay_samples": 80, "gain": 0.3146211500190127}
{"name": "near-10_bleed-10_delay30_noiseNone", "near": true, "decision": "decode", "explained": 0.4599319913529672, "delay_samples": 480, "gain": 0.3160239728691627}
{"name": "near-10_bleed-10_delay30_noise-45", "near": true, "decision": "decode", "explained": 0.4532142055277731, "delay_samples": 480, "gain": 0.31601879085180196}
{"name": "near-10_bleed-10_delay30_noise-60", "near": true, "decision": "decode", "explained": 0.45971540798254423, "delay_samples": 480, "gain": 0.3160202975384513}
{"name": "near-10_bleed-10_delay60_noiseNone", "near": true, "decision": "decode", "explained": 0.4560576078371958, "delay_samples": 960, "gain": 0.3135614193104951}
{"name": "near-10_bleed-10_delay60_noise-45", "near": true, "decision": "decode", "explained": 0.4495232597816446, "delay_samples": 960, "gain": 0.3136267548944065}
{"name": "near-10_bleed-10_delay60_noise-60", "near": true, "decision": "decode", "explained": 0.45586985390492024, "delay_samples": 960, "gain": 0.3135736190403959}
{"name": "near-10_bleed-30_delay5_noiseNone", "near": true, "decision": "decode", "explained": 0.007623863165024145, "delay_samples": 80, "gain": 0.030007250696580244}
{"name": "near-10_bleed-30_delay5_noise-45", "near": true, "decision": "decode", "explained": 0.007416453332459095, "delay_samples": 80, "gain": 0.029995512750751442}
{"name": "near-10_bleed-30_delay5_noise-60", "near": true, "decision": "decode", "explained": 0.007616740457971875, "delay_samples": 80, "gain": 0.030006301939885606}
{"name": "near-10_bleed-30_delay30_noiseNone", "near": true, "decision": "decode", "explained": 0.00834724751919224, "delay_samples": 480, "gain": 0.031418771796124914}
{"name": "near-10_bleed-30_delay30_noise-45", "near": true, "decision": "decode", "explained": 0.008112419092095192, "delay_samples": 480, "gain": 0.031396204050537974}
{"name": "near-10_bleed-30_delay30_noise-60", "near": true, "decision": "decode", "explained": 0.008342222688315828, "delay_samples": 480, "gain": 0.03142399844469917}
{"name": "near-10_bleed-30_delay60_noiseNone", "near": true, "decision": "decode", "explained": 0.007099345799993003, "delay_samples": 960, "gain": 0.02895645377420477}
{"name": "near-10_bleed-30_delay60_noise-45", "near": true, "decision": "decode", "explained": 0.006904137385261769, "delay_samples": 960, "gain": 0.028940168987414222}
{"name": "near-10_bleed-30_delay60_noise-60", "near": true, "decision": "decode", "explained": 0.00710022434951197, "delay_samples": 960, "gain": 0.02897185172334461}
{"name": "near-10_bleed-50_delay5_noiseNone", "near": true, "decision": "decode", "explained": 0.00010786021245785007, "delay_samples": 65, "gain": -0.003555384415844143}
{"name": "near-10_bleed-50_delay5_noise-45", "near": true, "decision": "decode", "explained": 0.00010538893145788363, "delay_samples": 65, "gain": -0.003561999117408407}
{"name": "near-10_bleed-50_delay5_noise-60", "near": true, "decision": "decode", "explained": 0.00010786204086150915, "delay_samples": 65, "gain": -0.0035570672598967635}
{"name": "near-10_bleed-50_delay30_noiseNone", "near": true, "decision": "decode", "explained": 0.00011538658456965697, "delay_samples": 73, "gain": -0.0036775075416704884}
{"name": "near-10_bleed-50_delay30_noise-45", "near": true, "decision": "decode", "explained": 0.00011295873868628527, "delay_samples": 74, "gain": -0.0036884538683193187}
{"name": "near-10_bleed-50_delay30_noise-60", "near": true, "decision": "decode", "explained": 0.00011520179797651795, "delay_samples": 73, "gain": -0.0036761539316410704}
{"name": "near-10_bleed-50_delay60_noiseNone", "near": true, "decision": "decode", "explained": 0.00011276252519252376, "delay_samples": 73, "gain": -0.0036352092303213912}
{"name": "near-10_bleed-50_delay60_noise-45", "near": true, "decision": "decode", "explained": 0.00011033888539667659, "delay_samples": 74, "gain": -0.003645595335082435}
{"name": "near-10_bleed-50_delay60_noise-60", "near": true, "decision": "decode", "explained": 0.00011156315582944511, "delay_samples": 73, "gain": -0.0036171544303889185}
{"name": "near-10_bleed-70_delay5_noiseNone", "near": true, "decision": "decode", "explained": 0.00010715684497772728, "delay_samples": 73, "gain": -0.003543788835759639}
{"name": "near-10_bleed-70_delay5_noise-45", "near": true, "decision": "decode", "explained": 0.00011152443997004533, "delay_samples": 73, "gain": -0.003664081184141308}
{"name": "near-10_bleed-70_delay5_noise-60", "near": true, "decision": "decode", "explained": 0.00010660456457303375, "delay_samples": 73, "gain": -0.00353598449525948}
{"name": "near-10_bleed-70_delay30_noiseNone", "near": true, "decision": "decode", "explained": 0.00011406856319811116, "delay_samples": 73, "gain": -0.003656306615976403}
{"name": "near-10_bleed-70_delay30_noise-45", "near": true, "decision": "decode", "explained": 0.00011209254366001395, "delay_samples": 74, "gain": -0.003673949631148461}
{"name": "near-10_bleed-70_delay30_noise-60", "near": true, "decision": "decode", "explained": 0.00011454640930423724, "delay_samples": 73, "gain": -0.00366545368832333}
{"name": "near-10_bleed-70_delay60_noiseNone", "near": true, "decision": "decode", "explained": 0.00011381509523696777, "delay_samples": 73, "gain": -0.003652216244619765}
{"name": "near-10_bleed-70_delay60_noise-45", "near": true, "decision": "decode", "explained": 0.00010760468113445161, "delay_samples": 74, "gain": -0.0035997958409695464}
{"name": "near-10_bleed-70_delay60_noise-60", "near": true, "decision": "decode", "explained": 0.00011417788345399398, "delay_samples": 74, "gain": -0.0036596617203677423}
{"name": "near-15_bleed-10_delay5_noiseNone", "near": true, "decision": "decode", "explained": 0.7284491968737244, "delay_samples": 80, "gain": 0.3153193522291335}
{"name": "near-15_bleed-10_delay5_noise-45", "near": true, "decision": "decode", "explained": 0.7117527384650336, "delay_samples": 80, "gain": 0.3153793312542995}
{"name": "near-15_bleed-10_delay5_noise-60", "near": true, "decision": "decode", "explained": 0.7279161657645635, "delay_samples": 80, "gain": 0.31533665142702616}
{"name": "near-15_bleed-10_delay30_noiseNone", "near": true, "decision": "decode", "explained": 0.7293331189178283, "delay_samples": 480, "gain": 0.3161130652201565}
{"name": "near-15_bleed-10_delay30_noise-45", "near": true, "decision": "decode", "explained": 0.712433560620716, "delay_samples": 480, "gain": 0.316094161215703}
{"name": "near-15_bleed-10_delay30_noise-60", "near": true, "decision": "decode", "explained": 0.7288208743104487, "delay_samples": 480, "gain": 0.31612669549616834}
{"name": "near-15_bleed-10_delay60_noiseNone", "near": true, "decision": "decode", "explained": 0.7276038146673545, "delay_samples": 960, "gain": 0.3147283659080373}
{"name": "near-15_bleed-10_delay60_noise-45", "near": true, "decision": "decode", "explained": 0.7105736814769431, "delay_samples": 960, "gain": 0.3147081153807359}
{"name": "near-15_bleed-10_delay60_noise-60", "near": true, "decision": "decode", "explained": 0.7270708769817992, "delay_samples": 960, "gain": 0.314721313838052}
{"name": "near-15_bleed-30_delay5_noiseNone", "near": true, "decision": "decode", "explained": 0.024820480846178033, "delay_samples": 80, "gain": 0.03071425138096886}
{"name": "near-15_bleed-30_delay5_noise-45", "near": true, "decision": "decode", "explained": 0.02272519537733894, "delay_samples": 80, "gain": 0.030586990856789842}
{"name": "near-15_bleed-30_delay5_noise-60", "near": true, "decision": "decode", "explained": 0.024762812950719085, "delay_samples": 80, "gain": 0.030720424193322996}
{"name": "near-15_bleed-30_delay30_noiseNone", "near": true, "decision": "decode", "explained": 0.026071951541975315, "delay_samples": 480, "gain": 0.031507993024984256}
{"name": "near-15_bleed-30_delay30_noise-45", "near": true, "decision": "decode", "explained": 0.023979633262930313, "delay_samples": 480, "gain": 0.03147546037090481}
{"name": "near-15_bleed-30_delay30_noise-60", "near": true, "decision": "decode", "explained": 0.026015499144631266, "delay_samples": 480, "gain": 0.03151356694709704}
{"name": "near-15_bleed-30_delay60_noiseNone", "near": true, "decision": "decode", "explained": 0.023885136782832158, "delay_samples": 960, "gain": 0.030123318760370155}
{"name": "near-15_bleed-30_delay60_noise-45", "near": true, "decision": "decode", "explained": 0.02186946395268955, "delay_samples": 960, "gain": 0.03003291167119598}
{"name": "near-15_bleed-30_delay60_noise-60", "near": true, "decision": "decode", "explained": 0.023833617660739298, "delay_samples": 960, "gain": 0.03013164838655556}
{"name": "near-15_bleed-50_delay5_noiseNone", "near": true, "decision": "decode", "explained": 0.00015169141886607105, "delay_samples": 64, "gain": -0.0023711603598193503}
{"name": "near-15_bleed-50_delay5_noise-45", "near": true, "decision": "decode", "explained": 0.0001405997607394659, "delay_samples": 64, "gain": -0.0023795523606082564}
{"name": "near-15_bleed-50_delay5_noise-60", "near": true, "decision": "decode", "explained": 0.0001544418088142416, "delay_samples": 64, "gain": -0.002395665703282262}
{"name": "near-15_bleed-50_delay30_noiseNone", "near": true, "decision": "decode", "explained": 0.0002504160102827217, "delay_samples": 480, "gain": 0.0030477741841666876}
{"name": "near-15_bleed-50_delay30_noise-45", "near": true, "decision": "decode", "explained": 0.00023672995362769504, "delay_samples": 480, "gain": 0.003089749122600031}
{"name": "near-15_bleed-50_delay30_noise-60", "near": true, "decision": "decode", "explained": 0.0002498810000531737, "delay_samples": 480, "gain": 0.0030483085305547217}
{"name": "near-15_bleed-50_delay60_noiseNone", "near": true, "decision": "decode", "explained": 0.0001118271690796932, "delay_samples": 73, "gain": -0.0020358061595032373}
{"name": "near-15_bleed-50_delay60_noise-45", "near": true, "decision": "decode", "explained": 9.00646099428445e-05, "delay_samples": 73, "gain": -0.0019055283241717828}
{"name": "near-15_bleed-50_delay60_noise-60", "near": true, "decision": "decode", "explained": 0.00011102469584050459, "delay_samples": 74, "gain": -0.0020312430861641893}
{"name": "near-15_bleed-70_delay5_noiseNone", "near": true, "decision": "decode", "explained": 0.0001020508114774766, "delay_samples": 73, "gain": -0.0019447569517860852}
{"name": "near-15_bleed-70_delay5_noise-45", "near": true, "decision": "decode", "explained": 9.259273764637314e-05, "delay_samples": 73, "gain": -0.0019316826194081653}
{"name": "near-15_bleed-70_delay5_noise-60", "near": true, "decision": "decode", "explained": 0.00010238688209341019, "delay_samples": 73, "gain": -0.0019505933543128686}
{"name": "near-15_bleed-70_delay30_noiseNone", "near": true, "decision": "decode", "explained": 0.0001141787554292304, "delay_samples": 73, "gain": -0.0020570851090069863}
{"name": "near-15_bleed-70_delay30_noise-45", "near": true, "decision": "decode", "explained": 0.00011322317230544535, "delay_samples": 73, "gain": -0.0021355078642958437}
{"name": "near-15_bleed-70_delay30_noise-60", "near": true, "decision": "decode", "explained": 0.00011566134543722704, "delay_samples": 73, "gain": -0.0020733936056939904}
{"name": "near-15_bleed-70_delay60_noiseNone", "near": true, "decision": "decode", "explained": 0.00011371457406104345, "delay_samples": 73, "gain": -0.0020528780868337166}
{"name": "near-15_bleed-70_delay60_noise-45", "near": true, "decision": "decode", "explained": 9.870185490267559e-05, "delay_samples": 74, "gain": -0.0019934332248296898}
{"name": "near-15_bleed-70_delay60_noise-60", "near": true, "decision": "decode", "explained": 0.00011316986012122815, "delay_samples": 73, "gain": -0.0020507527575240768}
{"name": "near-20_bleed-10_delay5_noiseNone", "near": true, "decision": "decode", "explained": 0.8947853741809545, "delay_samples": 80, "gain": 0.3157169482600646}
{"name": "near-20_bleed-10_delay5_noise-45", "near": true, "decision": "decode", "explained": 0.8695663103697431, "delay_samples": 80, "gain": 0.31571802021877143}
{"name": "near-20_bleed-10_delay5_noise-60", "near": true, "decision": "decode", "explained": 0.8939552427464504, "delay_samples": 80, "gain": 0.31573929602958284}
{"name": "near-20_bleed-10_delay30_noiseNone", "near": true, "decision": "decode", "explained": 0.8949987956581531, "delay_samples": 480, "gain": 0.3161632880696379}
{"name": "near-20_bleed-10_delay30_noise-45", "near": true, "decision": "decode", "explained": 0.8697617012848736, "delay_samples": 480, "gain": 0.31618205177236414}
{"name": "near-20_bleed-10_delay30_noise-60", "near": true, "decision": "decode", "explained": 0.8942248212728696, "delay_samples": 480, "gain": 0.3161690187673428}
{"name": "near-20_bleed-10_delay60_noiseNone", "near": true, "decision": "decode", "explained": 0.8945379746689279, "delay_samples": 960, "gain": 0.31538463185335164}
{"name": "near-20_bleed-10_delay60_noise-45", "near": true, "decision": "decode", "explained": 0.8694058362847473, "delay_samples": 960, "gain": 0.31532894296889463}
{"name": "near-20_bleed-10_delay60_noise-60", "near": true, "decision": "decode", "explained": 0.8937114609972906, "delay_samples": 960, "gain": 0.3153708398584535}
{"name": "near-20_bleed-30_delay5_noiseNone", "near": true, "decision": "decode", "explained": 0.07628527426320131, "delay_samples": 80, "gain": 0.03111205568296115}
{"name": "near-20_bleed-30_delay5_noise-45", "near": true, "decision": "decode", "explained": 0.06050188389032353, "delay_samples": 80, "gain": 0.031025916524201533}
{"name": "near-20_bleed-30_delay5_noise-60", "near": true, "decision": "decode", "explained": 0.07565811473190039, "delay_samples": 80, "gain": 0.03110655329150117}
{"name": "near-20_bleed-30_delay30_noiseNone", "near": true, "decision": "decode", "explained": 0.07827672073737293, "delay_samples": 480, "gain": 0.03155827745252568}
{"name": "near-20_bleed-30_delay30_noise-45", "near": true, "decision": "decode", "explained": 0.062405600284174974, "delay_samples": 480, "gain": 0.031538367674473496}
{"name": "near-20_bleed-30_delay30_noise-60", "near": true, "decision": "decode", "explained": 0.07780545603231362, "delay_samples": 480, "gain": 0.03158356896512971}
{"name": "near-20_bleed-30_delay60_noiseNone", "near": true, "decision": "decode", "explained": 0.07474925296484052, "delay_samples": 960, "gain": 0.030779574155646597}
{"name": "near-20_bleed-30_delay60_noise-45", "near": true, "decision": "decode", "explained": 0.059456397127552324, "delay_samples": 960, "gain": 0.030733393381151546}
{"name": "near-20_bleed-30_delay60_noise-60", "near": true, "decision": "decode", "explained": 0.07407460487760993, "delay_samples": 960, "gain": 0.030763056935301077}
{"name": "near-20_bleed-50_delay5_noiseNone", "near": true, "decision": "decode", "explained": 0.0005994452040178243, "delay_samples": 80, "gain": 0.002651440890350002}
{"name": "near-20_bleed-50_delay5_noise-45", "near": true, "decision": "decode", "explained": 0.0004701798040359384, "delay_samples": 81, "gain": 0.0026493429181910096}
{"name": "near-20_bleed-50_delay5_noise-60", "near": true, "decision": "decode", "explained": 0.0005902540347289517, "delay_samples": 80, "gain": 0.0026429620210297973}
{"name": "near-20_bleed-50_delay30_noiseNone", "near": true, "decision": "decode", "explained": 0.0008176217315423906, "delay_samples": 480, "gain": 0.0030977869687641014}
{"name": "near-20_bleed-50_delay30_noise-45", "near": true, "decision": "decode", "explained": 0.0006529505969471987, "delay_samples": 480, "gain": 0.003124023849348842}
{"name": "near-20_bleed-50_delay30_noise-60", "near": true, "decision": "decode", "explained": 0.0008155102308216684, "delay_samples": 480, "gain": 0.0031069462687758325}
{"name": "near-20_bleed-50_delay60_noiseNone", "near": true, "decision": "decode", "explained": 0.00045846337923869816, "delay_samples": 960, "gain": 0.0023192145686002814}
{"name": "near-20_bleed-50_delay60_noise-45", "near": true, "decision": "decode", "explained": 0.0003494826106243426, "delay_samples": 960, "gain": 0.0022850988357350824}
{"name": "near-20_bleed-50_delay60_noise-60", "near": true, "decision": "decode", "explained": 0.0004571307325333568, "delay_samples": 960, "gain": 0.002326249496747053}
{"name": "near-20_bleed-70_delay5_noiseNone", "near": true, "decision": "decode", "explained": 9.361360464926444e-05, "delay_samples": 72, "gain": -0.0010474286102221259}
{"name": "near-20_bleed-70_delay5_noise-45", "near": true, "decision": "decode", "explained": 8.277900060820286e-05, "delay_samples": 71, "gain": -0.001111987959722265}
{"name": "near-20_bleed-70_delay5_noise-60", "near": true, "decision": "decode", "explained": 9.369330173350508e-05, "delay_samples": 72, "gain": -0.0010523483428120906}
{"name": "near-20_bleed-70_delay30_noiseNone", "near": true, "decision": "decode", "explained": 0.00011439533709305092, "delay_samples": 73, "gain": -0.001157883766932881}
{"name": "near-20_bleed-70_delay30_noise-45", "near": true, "decision": "decode", "explained": 8.33135049464161e-05, "delay_samples": 70, "gain": -0.0011150257698138617}
{"name": "near-20_bleed-70_delay30_noise-60", "near": true, "decision": "decode", "explained": 0.0001130990323833801, "delay_samples": 73, "gain": -0.0011560933275494385}
{"name": "near-20_bleed-70_delay60_noiseNone", "near": true, "decision": "decode", "explained": 0.00011357438901268374, "delay_samples": 73, "gain": -0.0011536972750115474}
{"name": "near-20_bleed-70_delay60_noise-45", "near": true, "decision": "decode", "explained": 8.079339169884663e-05, "delay_samples": 74, "gain": -0.0010981176951325418}
{"name": "near-20_bleed-70_delay60_noise-60", "near": true, "decision": "decode", "explained": 0.0001135121642849037, "delay_samples": 74, "gain": -0.001158182526144137}
