/Users/gao/Desktop/AI_Projects/Github_Projects/MOSS-Transcribe-Diarize-wt-wp3-capture-guards/moss_transcribe_diarize/__init__.py

> livetranscribe-frontend@0.0.0 test
> vitest run --run

(!) Your Vite config uses features that are unsupported by `configLoader: 'native'`, which is planned to become the default in a future major version of Vite:
  - `__dirname` (vite.config.ts:7:9). Use `import.meta.dirname` instead
Set `VITE_CONFIG_NATIVE_IGNORE_WARNING=true` to suppress this warning.

 RUN  v4.1.10 /Users/gao/Desktop/AI_Projects/Github_Projects/MOSS-Transcribe-Diarize-wt-wp3-capture-guards/frontend

(node:24296) Warning: `--localstorage-file` was provided without a valid path
(Use `node --trace-warnings ...` to show where the warning was created)
(node:24298) Warning: `--localstorage-file` was provided without a valid path
(Use `node --trace-warnings ...` to show where the warning was created)
(node:24302) Warning: `--localstorage-file` was provided without a valid path
(Use `node --trace-warnings ...` to show where the warning was created)

 Test Files  25 passed (25)
      Tests  215 passed (215)
   Start at  23:27:32
   Duration  2.59s (transform 1.93s, setup 0ms, import 2.87s, tests 5.78s, environment 7.53s)


> livetranscribe-frontend@0.0.0 typecheck
> tsc --noEmit


> livetranscribe-frontend@0.0.0 build
> vite build

(!) Your Vite config uses features that are unsupported by `configLoader: 'native'`, which is planned to become the default in a future major version of Vite:
  - `__dirname` (vite.config.ts:7:9). Use `import.meta.dirname` instead
Set `VITE_CONFIG_NATIVE_IGNORE_WARNING=true` to suppress this warning.
vite v8.2.1 building client environment for production...
[2Ktransforming...✓ 33 modules transformed.
rendering chunks...
computing gzip size...
../moss_transcribe_diarize/app/frontend_assets/styles.css   53.16 kB │ gzip: 10.70 kB
../moss_transcribe_diarize/app/frontend_assets/app.js      122.59 kB │ gzip: 40.44 kB │ map: 382.81 kB

✓ built in 92ms
Attended kit Python/JavaScript syntax: PASS; physical recording UNMEASURED
