/Users/gao/Desktop/AI_Projects/Github_Projects/MOSS-Transcribe-Diarize-wt-wp9-rename-identity/moss_transcribe_diarize/__init__.py
{"rename_successes": 5, "cases": 5, "decoder_requests": 0}
{"span_seconds": [25.25, 27.75], "nonzero_bytes": 0, "decoder_requests": 0, "identity_preparations": 0, "extra_births": 0, "transcript": "", "empty_reason": "decoder_returned_no_transcript", "base_speakers": ["speaker-0001"]}
....................                                                     [100%]
=============================== warnings summary ===============================
../MOSS-Transcribe-Diarize-wt-auto-mvp-0911/.venv/lib/python3.12/site-packages/fastapi/testclient.py:1
  /Users/gao/Desktop/AI_Projects/Github_Projects/MOSS-Transcribe-Diarize-wt-auto-mvp-0911/.venv/lib/python3.12/site-packages/fastapi/testclient.py:1: StarletteDeprecationWarning: Using `httpx` with `starlette.testclient` is deprecated; install `httpx2` instead.
    from starlette.testclient import TestClient as TestClient  # noqa

-- Docs: https://docs.pytest.org/en/stable/how-to/capture-warnings.html
20 passed, 1 warning in 3.48s

npm notice
npm notice New minor version of npm available! 11.12.1 -> 11.19.1
npm notice Changelog: https://github.com/npm/cli/releases/tag/v11.19.1
npm notice To update run: npm install -g npm@11.19.1
npm notice

> livetranscribe-frontend@0.0.0 typecheck
> tsc --noEmit


> livetranscribe-frontend@0.0.0 build
> vite build

vite v8.2.1 building client environment for production...
[2K
transforming...✓ 34 modules transformed.
rendering chunks...
computing gzip size...
../moss_transcribe_diarize/app/frontend_assets/styles.css   53.24 kB │ gzip: 10.72 kB
../moss_transcribe_diarize/app/frontend_assets/app.js      125.32 kB │ gzip: 41.24 kB │ map: 391.29 kB

✓ built in 91ms
Known integration failure command exit: 1
2 failed, 1 warning, 22 errors in 3.67s
