/Users/gao/Desktop/AI_Projects/Github_Projects/MOSS-Transcribe-Diarize-wt-auto-mvp-0911/.venv/lib/python3.12/site-packages/fastapi/testclient.py:1: StarletteDeprecationWarning: Using `httpx` with `starlette.testclient` is deprecated; install `httpx2` instead.
  from starlette.testclient import TestClient as TestClient  # noqa
Traceback (most recent call last):
  File "/Users/gao/Desktop/AI_Projects/Github_Projects/MOSS-Transcribe-Diarize-wt-wp9-rename-identity/prototypes/rename-after-stop/run.py", line 76, in <module>
    main()
  File "/Users/gao/Desktop/AI_Projects/Github_Projects/MOSS-Transcribe-Diarize-wt-wp9-rename-identity/prototypes/rename-after-stop/run.py", line 41, in main
    sessions = asyncio.run(provision(database))
               ^^^^^^^^^^^^^^^^^^^^^^^^^^^^^^^^
  File "/Users/gao/.local/share/uv/python/cpython-3.12.12-macos-aarch64-none/lib/python3.12/asyncio/runners.py", line 195, in run
    return runner.run(main)
           ^^^^^^^^^^^^^^^^
  File "/Users/gao/.local/share/uv/python/cpython-3.12.12-macos-aarch64-none/lib/python3.12/asyncio/runners.py", line 118, in run
    return self._loop.run_until_complete(task)
           ^^^^^^^^^^^^^^^^^^^^^^^^^^^^^^^^^^^
  File "/Users/gao/.local/share/uv/python/cpython-3.12.12-macos-aarch64-none/lib/python3.12/asyncio/base_events.py", line 691, in run_until_complete
    return future.result()
           ^^^^^^^^^^^^^^^
  File "/Users/gao/Desktop/AI_Projects/Github_Projects/MOSS-Transcribe-Diarize-wt-wp9-rename-identity/tests/phase2/test_owner_bound_live_meeting.py", line 272, in provision
    store = await Phase2Store.open(database)
            ^^^^^^^^^^^^^^^^^^^^^^^^^^^^^^^^
  File "/Users/gao/Desktop/AI_Projects/Github_Projects/MOSS-Transcribe-Diarize-wt-wp9-rename-identity/moss_transcribe_diarize/app/phase2.py", line 154, in open
    raise SqliteRuntimeError(
moss_transcribe_diarize.app.phase2.SqliteRuntimeError: Refusing SQLite runtime 3.50.4; exactly 3.53.4 is required.
