
> livetranscribe-frontend@0.0.0 test
> vitest run --run src/components/speakerRename.test.tsx src/components/TranscriptPane.test.tsx


 RUN  v4.1.10 /Users/gao/Desktop/AI_Projects/Github_Projects/MOSS-Transcribe-Diarize-wt-wp9-rename-identity/frontend

(node:92973) Warning: `--localstorage-file` was provided without a valid path
(Use `node --trace-warnings ...` to show where the warning was created)
 ❯ src/components/TranscriptPane.test.tsx (16 tests | 2 failed) 212ms
     × allows owned observers and terminal meetings but keeps provisional-only speakers read-only 4ms
     × explains why a row cannot be named 3ms
 ❯ src/components/speakerRename.test.tsx (8 tests | 4 failed) 608ms
   × renames from .utt-speaker save=true status=completed mode=live across history/export/summary 56ms
   × renames from .legend-chip save=false status=completed mode=live across history/export/summary 53ms
   × renames from .utt-speaker save=true status=completed mode=file across history/export/summary 53ms
   × renames from .legend-chip save=false status=completed mode=file across history/export/summary 52ms

⎯⎯⎯⎯⎯⎯⎯ Failed Tests 6 ⎯⎯⎯⎯⎯⎯⎯

 FAIL  src/components/TranscriptPane.test.tsx > TranscriptPane > allows owned observers and terminal meetings but keeps provisional-only speakers read-only
AssertionError: expected false to be true // Object.is equality

- Expected
+ Received

- true
+ false

 ❯ src/components/TranscriptPane.test.tsx:120:109
    118|   it("allows owned observers and terminal meetings but keeps provision…
    119|     showSpeakers(false);
    120|     expect([...root.querySelectorAll<HTMLButtonElement>(".legend-chip"…
       |                                                                                                             ^
    121|     act(() => {
    122|       captureMeetingId.value = "meeting/one";

⎯⎯⎯⎯⎯⎯⎯⎯⎯⎯⎯⎯⎯⎯⎯⎯⎯⎯⎯⎯⎯⎯⎯⎯[1/6]⎯

 FAIL  src/components/TranscriptPane.test.tsx > TranscriptPane > explains why a row cannot be named
AssertionError: expected 'Speaker naming is available on the ac…' to contain 'Open a meeting'

Expected: "Open a meeting"
Received: "Speaker naming is available on the active capture page."

 ❯ src/components/TranscriptPane.test.tsx:137:64
    135|     act(() => { sessionId.value = null; });
    136|     act(() => root.querySelector<HTMLButtonElement>(".utt-speaker")!.c…
    137|     expect(root.querySelector('[role="status"]')?.textContent).toConta…
       |                                                                ^
    138|     expect(root.querySelector("dialog")).toBeNull();
    139|     act(() => {

⎯⎯⎯⎯⎯⎯⎯⎯⎯⎯⎯⎯⎯⎯⎯⎯⎯⎯⎯⎯⎯⎯⎯⎯[2/6]⎯

 FAIL  src/components/speakerRename.test.tsx > renames from .utt-speaker save=true status=completed mode=live across history/export/summary
 FAIL  src/components/speakerRename.test.tsx > renames from .legend-chip save=false status=completed mode=live across history/export/summary
 FAIL  src/components/speakerRename.test.tsx > renames from .utt-speaker save=true status=completed mode=file across history/export/summary
 FAIL  src/components/speakerRename.test.tsx > renames from .legend-chip save=false status=completed mode=file across history/export/summary
TypeError: Cannot read properties of null (reading 'checked')
 ❯ src/components/speakerRename.test.tsx:48:19
     46|   act(() => root.querySelector<HTMLButtonElement>(selector)!.click());
     47|   const checkbox = root.querySelector<HTMLInputElement>('dialog input[…
     48|   expect(checkbox.checked).toBe(true);
       |                   ^
     49|   if (!saveVoiceprint) act(() => checkbox.click());
     50|   act(() => {

⎯⎯⎯⎯⎯⎯⎯⎯⎯⎯⎯⎯⎯⎯⎯⎯⎯⎯⎯⎯⎯⎯⎯⎯[3/6]⎯


 Test Files  2 failed (2)
      Tests  6 failed | 18 passed (24)
   Start at  00:17:37
   Duration  1.13s (transform 149ms, setup 0ms, import 205ms, tests 820ms, environment 582ms)

