FFF..................................................................... [ 41%]
........................................................................ [ 82%]
...............................                                          [100%]
=================================== FAILURES ===================================
______ test_status_capture_binds_each_rendering_to_its_own_response[None] ______

monkeypatch = <_pytest.monkeypatch.MonkeyPatch object at 0x115541220>
corrupt = None

    @pytest.mark.parametrize("corrupt", [None, "human", "json"])
    def test_status_capture_binds_each_rendering_to_its_own_response(monkeypatch, corrupt):
        monkeypatch.setattr(Path, "is_file", lambda self: True)
        monkeypatch.setattr(external.os, "access", lambda *args: True)
        monkeypatch.setattr(external, "serialize_operator_payload", lambda kind, value: dict(value))
        monkeypatch.setattr(external, "render_operator_status", lambda value: f"time={value['time']} free={value['free']}")
        sources = [{"time": 1, "free": 100}, {"time": 2, "free": 99}]
    
        def cli(argv, **kwargs):
            with socket.socket(socket.AF_UNIX, socket.SOCK_STREAM) as client:
                client.settimeout(5)
                client.connect(argv[2])
                client.sendall(b'{"command": "status"}\n')
                with client.makefile("rb") as incoming:
                    value = json.loads(incoming.readline())["result"]
            machine = "--json" in argv
            if corrupt == ("json" if machine else "human"):
                value["free"] += 1
            output = json.dumps(value) if machine else external.render_operator_status(value)
            return subprocess.CompletedProcess(argv, 0, (output + "\n").encode(), b"")
    
        monkeypatch.setattr(external.subprocess, "run", cli)
        with tempfile.TemporaryDirectory(dir="/tmp") as directory:
            path = Path(directory) / "upstream"
            with socket.socket(socket.AF_UNIX, socket.SOCK_STREAM) as server:
>               server.bind(str(path))
E               OSError: AF_UNIX path too long

tests/phase2/test_admin_status_capture.py:39: OSError
_____ test_status_capture_binds_each_rendering_to_its_own_response[human] ______

monkeypatch = <_pytest.monkeypatch.MonkeyPatch object at 0x1169c1a30>
corrupt = 'human'

    @pytest.mark.parametrize("corrupt", [None, "human", "json"])
    def test_status_capture_binds_each_rendering_to_its_own_response(monkeypatch, corrupt):
        monkeypatch.setattr(Path, "is_file", lambda self: True)
        monkeypatch.setattr(external.os, "access", lambda *args: True)
        monkeypatch.setattr(external, "serialize_operator_payload", lambda kind, value: dict(value))
        monkeypatch.setattr(external, "render_operator_status", lambda value: f"time={value['time']} free={value['free']}")
        sources = [{"time": 1, "free": 100}, {"time": 2, "free": 99}]
    
        def cli(argv, **kwargs):
            with socket.socket(socket.AF_UNIX, socket.SOCK_STREAM) as client:
                client.settimeout(5)
                client.connect(argv[2])
                client.sendall(b'{"command": "status"}\n')
                with client.makefile("rb") as incoming:
                    value = json.loads(incoming.readline())["result"]
            machine = "--json" in argv
            if corrupt == ("json" if machine else "human"):
                value["free"] += 1
            output = json.dumps(value) if machine else external.render_operator_status(value)
            return subprocess.CompletedProcess(argv, 0, (output + "\n").encode(), b"")
    
        monkeypatch.setattr(external.subprocess, "run", cli)
        with tempfile.TemporaryDirectory(dir="/tmp") as directory:
            path = Path(directory) / "upstream"
            with socket.socket(socket.AF_UNIX, socket.SOCK_STREAM) as server:
>               server.bind(str(path))
E               OSError: AF_UNIX path too long

tests/phase2/test_admin_status_capture.py:39: OSError
______ test_status_capture_binds_each_rendering_to_its_own_response[json] ______

monkeypatch = <_pytest.monkeypatch.MonkeyPatch object at 0x10754a630>
corrupt = 'json'

    @pytest.mark.parametrize("corrupt", [None, "human", "json"])
    def test_status_capture_binds_each_rendering_to_its_own_response(monkeypatch, corrupt):
        monkeypatch.setattr(Path, "is_file", lambda self: True)
        monkeypatch.setattr(external.os, "access", lambda *args: True)
        monkeypatch.setattr(external, "serialize_operator_payload", lambda kind, value: dict(value))
        monkeypatch.setattr(external, "render_operator_status", lambda value: f"time={value['time']} free={value['free']}")
        sources = [{"time": 1, "free": 100}, {"time": 2, "free": 99}]
    
        def cli(argv, **kwargs):
            with socket.socket(socket.AF_UNIX, socket.SOCK_STREAM) as client:
                client.settimeout(5)
                client.connect(argv[2])
                client.sendall(b'{"command": "status"}\n')
                with client.makefile("rb") as incoming:
                    value = json.loads(incoming.readline())["result"]
            machine = "--json" in argv
            if corrupt == ("json" if machine else "human"):
                value["free"] += 1
            output = json.dumps(value) if machine else external.render_operator_status(value)
            return subprocess.CompletedProcess(argv, 0, (output + "\n").encode(), b"")
    
        monkeypatch.setattr(external.subprocess, "run", cli)
        with tempfile.TemporaryDirectory(dir="/tmp") as directory:
            path = Path(directory) / "upstream"
            with socket.socket(socket.AF_UNIX, socket.SOCK_STREAM) as server:
>               server.bind(str(path))
E               OSError: AF_UNIX path too long

tests/phase2/test_admin_status_capture.py:39: OSError
=============================== warnings summary ===============================
../MOSS-Transcribe-Diarize-wt-auto-mvp-0911/.venv/lib/python3.12/site-packages/fastapi/testclient.py:1
  /Users/gao/Desktop/AI_Projects/Github_Projects/MOSS-Transcribe-Diarize-wt-auto-mvp-0911/.venv/lib/python3.12/site-packages/fastapi/testclient.py:1: StarletteDeprecationWarning: Using `httpx` with `starlette.testclient` is deprecated; install `httpx2` instead.
    from starlette.testclient import TestClient as TestClient  # noqa

-- Docs: https://docs.pytest.org/en/stable/how-to/capture-warnings.html
=========================== short test summary info ============================
FAILED tests/phase2/test_admin_status_capture.py::test_status_capture_binds_each_rendering_to_its_own_response[None]
FAILED tests/phase2/test_admin_status_capture.py::test_status_capture_binds_each_rendering_to_its_own_response[human]
FAILED tests/phase2/test_admin_status_capture.py::test_status_capture_binds_each_rendering_to_its_own_response[json]
3 failed, 172 passed, 1 warning in 12.84s
