........................................................................ [  3%]
......EEE............................................................... [  7%]
...................
==================================== ERRORS ====================================
_ ERROR at setup of test_status_capture_binds_each_rendering_to_its_own_response[None] _
file /Users/gao/Desktop/AI_Projects/Github_Projects/MOSS-Transcribe-Diarize-wt-wp11-export-labels/tests/phase2/test_admin_status_capture.py, line 14
  @pytest.mark.parametrize("corrupt", [None, "human", "json"])
  def test_status_capture_binds_each_rendering_to_its_own_response(monkeypatch, corrupt):
E       The fixture value for "monkeypatch" is not available during teardown because it was not previously requested.
>       Only fixtures that were already active can be retrieved during teardown.
>       Request the fixture before teardown begins by declaring it in the fixture signature or by calling request.getfixturevalue() before the fixture yields.

/Users/gao/Desktop/AI_Projects/Github_Projects/MOSS-Transcribe-Diarize-wt-wp11-export-labels/tests/phase2/test_admin_status_capture.py:14
_ ERROR at setup of test_status_capture_binds_each_rendering_to_its_own_response[human] _
file /Users/gao/Desktop/AI_Projects/Github_Projects/MOSS-Transcribe-Diarize-wt-wp11-export-labels/tests/phase2/test_admin_status_capture.py, line 14
  @pytest.mark.parametrize("corrupt", [None, "human", "json"])
  def test_status_capture_binds_each_rendering_to_its_own_response(monkeypatch, corrupt):
E       The fixture value for "monkeypatch" is not available during teardown because it was not previously requested.
>       Only fixtures that were already active can be retrieved during teardown.
>       Request the fixture before teardown begins by declaring it in the fixture signature or by calling request.getfixturevalue() before the fixture yields.

/Users/gao/Desktop/AI_Projects/Github_Projects/MOSS-Transcribe-Diarize-wt-wp11-export-labels/tests/phase2/test_admin_status_capture.py:14
_ ERROR at setup of test_status_capture_binds_each_rendering_to_its_own_response[json] _
file /Users/gao/Desktop/AI_Projects/Github_Projects/MOSS-Transcribe-Diarize-wt-wp11-export-labels/tests/phase2/test_admin_status_capture.py, line 14
  @pytest.mark.parametrize("corrupt", [None, "human", "json"])
  def test_status_capture_binds_each_rendering_to_its_own_response(monkeypatch, corrupt):
E       The fixture value for "monkeypatch" is not available during teardown because it was not previously requested.
>       Only fixtures that were already active can be retrieved during teardown.
>       Request the fixture before teardown begins by declaring it in the fixture signature or by calling request.getfixturevalue() before the fixture yields.

/Users/gao/Desktop/AI_Projects/Github_Projects/MOSS-Transcribe-Diarize-wt-wp11-export-labels/tests/phase2/test_admin_status_capture.py:14
=============================== warnings summary ===============================
../MOSS-Transcribe-Diarize-wt-auto-mvp-0911/.venv/lib/python3.12/site-packages/fastapi/testclient.py:1
  /Users/gao/Desktop/AI_Projects/Github_Projects/MOSS-Transcribe-Diarize-wt-auto-mvp-0911/.venv/lib/python3.12/site-packages/fastapi/testclient.py:1: StarletteDeprecationWarning: Using `httpx` with `starlette.testclient` is deprecated; install `httpx2` instead.
    from starlette.testclient import TestClient as TestClient  # noqa

tests/phase2/test_admin_status_capture.py::test_status_capture_binds_each_rendering_to_its_own_response[None]
tests/phase2/test_admin_status_capture.py::test_status_capture_binds_each_rendering_to_its_own_response[human]
tests/phase2/test_admin_status_capture.py::test_status_capture_binds_each_rendering_to_its_own_response[json]
  /Users/gao/Desktop/AI_Projects/Github_Projects/MOSS-Transcribe-Diarize-wt-wp11-export-labels/evidence/mvpfix/wp11/local_scratch.py:24: PytestRemovedIn10Warning: Calling request.getfixturevalue("monkeypatch") during teardown is deprecated.
  Please request the fixture before teardown begins, either by declaring it in the fixture signature or by calling request.getfixturevalue() before the fixture yields.
  See https://docs.pytest.org/en/stable/deprecations.html#dynamic-fixture-request-during-teardown
    patch = item._request.getfixturevalue('monkeypatch')

tests/phase2/test_atomic_cutover.py: 17 warnings
  /Users/gao/Desktop/AI_Projects/Github_Projects/MOSS-Transcribe-Diarize-wt-wp11-export-labels/moss_transcribe_diarize/phase2_cutover.py:1410: DeprecationWarning: Python 3.14 will, by default, filter extracted tar archives and reject files or modify their metadata. Use the filter argument to control this behavior.
    source.extractall(extraction)

-- Docs: https://docs.pytest.org/en/stable/how-to/capture-warnings.html
=========================== short test summary info ============================
ERROR tests/phase2/test_admin_status_capture.py::test_status_capture_binds_each_rendering_to_its_own_response[None]
ERROR tests/phase2/test_admin_status_capture.py::test_status_capture_binds_each_rendering_to_its_own_response[human]
ERROR tests/phase2/test_admin_status_capture.py::test_status_capture_binds_each_rendering_to_its_own_response[json]
!!!!!!!!!!!!!!!!!!!!!!!!!!!!!! KeyboardInterrupt !!!!!!!!!!!!!!!!!!!!!!!!!!!!!!!
/Users/gao/.local/share/uv/python/cpython-3.12.12-macos-aarch64-none/lib/python3.12/selectors.py:566: KeyboardInterrupt
(to show a full traceback on KeyboardInterrupt use --full-trace)
160 passed, 21 warnings, 3 errors in 40.82s
Future exception was never retrieved
future: <Future finished exception=TargetClosedError('Target page, context or browser has been closed')>
playwright._impl._errors.TargetClosedError: Target page, context or browser has been closed
Task was destroyed but it is pending!
task: <Task cancelling name='Task-156' coro=<BrowserType.launch() done, defined at /Users/gao/Desktop/AI_Projects/Github_Projects/MOSS-Transcribe-Diarize-wt-auto-mvp-0911/.venv/lib/python3.12/site-packages/playwright/_impl/_browser_type.py:72> wait_for=<Future finished result=None> cb=[SyncBase._sync.<locals>.<lambda>() at /Users/gao/Desktop/AI_Projects/Github_Projects/MOSS-Transcribe-Diarize-wt-auto-mvp-0911/.venv/lib/python3.12/site-packages/playwright/_impl/_sync_base.py:111]>
