
> livetranscribe-frontend@0.0.0 test
> vitest run --run --configLoader native --cache=false src/lib/fileUpload.test.ts


 RUN  v4.1.10 /Users/gao/Desktop/AI_Projects/Github_Projects/MOSS-Transcribe-Diarize-wt-wp11-export-labels/frontend

 ❯ src/lib/fileUpload.test.ts (3 tests | 1 failed) 2633ms
   × shows the saved failure reason in the upload result row 1008ms

⎯⎯⎯⎯⎯⎯⎯ Failed Tests 1 ⎯⎯⎯⎯⎯⎯⎯

 FAIL  src/lib/fileUpload.test.ts > shows the saved failure reason in the upload result row
AssertionError: expected 'Processing failed. Open the meeting t…' to be 'Invalid audio: cannot decode this fil…' // Object.is equality

Expected: "Invalid audio: cannot decode this file."
Received: "Processing failed. Open the meeting to inspect its saved result."

 ❯ src/lib/fileUpload.test.ts:72:6
     70|   form.dispatchEvent(new Event('submit', {cancelable:true}));
     71|   await vi.waitFor(() => expect(document.querySelector('[data-file-upl…
     72|     .toBe('Invalid audio: cannot decode this file.'));
       |      ^
     73| });
     74|

⎯⎯⎯⎯⎯⎯⎯⎯⎯⎯⎯⎯⎯⎯⎯⎯⎯⎯⎯⎯⎯⎯⎯⎯[1/1]⎯


 Test Files  1 failed (1)
      Tests  1 failed | 2 passed (3)
   Start at  00:30:38
   Duration  3.11s (transform 35ms, setup 0ms, import 45ms, tests 2.63s, environment 320ms)

