{
  "name": "workspace_row_13",
  "status": "PASS",
  "exit_code": null,
  "denominators": {
    "expected": 1,
    "executed": 1,
    "passed": 1,
    "failed": 0,
    "skipped": 0,
    "unrunnable": 0
  },
  "duration_seconds": 57.092,
  "artifacts": [
    "workspace_row_13.log"
  ],
  "decoder_requests_at_record": 180,
  "decoder_budget_exhausted_at_record": false,
  "measurements": {
    "ok": true,
    "variants": [
      {
        "outage_seconds": 3,
        "meeting": "-IdY6o83No0BfPRUqV7TyVJA",
        "before": {
          "status": "active",
          "version": 23,
          "accepted_samples": 86976,
          "committed_samples": 40000
        },
        "phase_during_outage": null,
        "restored_monotonic": 101735.800764041,
        "actual_outage_seconds": 3.002067833003821,
        "blocked_requests": 24,
        "origin_outage_verified": true,
        "blocked_routes": [
          null,
          null,
          null,
          null
        ],
        "phase_after_restore": null,
        "ui_status": null,
        "text_changes_after_restore": 7,
        "frames_resumed": true,
        "first_frame_recovery_seconds": {
          "microphone": 0.4285187499917811,
          "system": 0.4885866249969695
        },
        "first_snapshot_recovery_seconds": 0.6141665420000209,
        "heartbeat_resumed": true,
        "maximum_heartbeat_gap_seconds": 3.5046227499988163,
        "polling_resumed": true,
        "sequence_continuity": {
          "microphone": true,
          "system": true
        },
        "frame_errors": [],
        "status_received": "completed",
        "finalization_status": "final",
        "failure_reason": null,
        "history_preserved": true,
        "audio_seconds": 12.5,
        "audio_preserved": true,
        "partial_audio": false,
        "recovery_feedback_clear": true,
        "ok": true,
        "outcome": null
      },
      {
        "outage_seconds": 20,
        "meeting": "z56eysrSJZeA1OUrvfnx9PAR",
        "before": {
          "status": "active",
          "version": 22,
          "accepted_samples": 80000,
          "committed_samples": 40000
        },
        "phase_during_outage": null,
        "restored_monotonic": 101770.33405025,
        "actual_outage_seconds": 20.00280987500446,
        "blocked_requests": 134,
        "origin_outage_verified": true,
        "blocked_routes": [
          null,
          null,
          null,
          null
        ],
        "phase_after_restore": null,
        "ui_status": null,
        "text_changes_after_restore": 2,
        "frames_resumed": true,
        "first_frame_recovery_seconds": {
          "microphone": 0.4253393330000108,
          "system": 0.49402504099998623
        },
        "first_snapshot_recovery_seconds": 3.626706582988845,
        "heartbeat_resumed": true,
        "maximum_heartbeat_gap_seconds": 20.50647312500223,
        "polling_resumed": true,
        "sequence_continuity": {
          "microphone": true,
          "system": true
        },
        "frame_errors": [],
        "status_received": "completed",
        "finalization_status": "final",
        "failure_reason": null,
        "history_preserved": true,
        "audio_seconds": 29.5,
        "audio_preserved": true,
        "partial_audio": false,
        "recovery_feedback_clear": true,
        "ok": true,
        "outcome": null
      }
    ],
    "screenshot": null,
    "status": "PASS",
    "seconds": 57.092,
    "network": null,
    "row": 13
  }
}
