{
  "name": "workspace",
  "status": "FAIL",
  "exit_code": 1,
  "denominators": {
    "expected": 14,
    "executed": 13,
    "passed": 12,
    "failed": 1,
    "skipped": 1,
    "unrunnable": 0
  },
  "duration_seconds": 255.414,
  "artifacts": [
    "workspace.log"
  ],
  "decoder_requests_at_record": 180,
  "decoder_budget_exhausted_at_record": false,
  "measurements": {
    "1": {
      "signed_in": true,
      "boot_ready": true,
      "fresh_profile": true,
      "screenshot": null,
      "status": "PASS",
      "seconds": 0.178,
      "network": null,
      "row": 1
    },
    "2": {
      "ok": true,
      "meeting": "0Y-FbVt64pm8-5IvKoLKzJtP",
      "status_received": "completed",
      "speaker_count": 1,
      "reference_words": 115,
      "hypothesis_words": 111,
      "edits": 10,
      "wer": 0.08695652173913043,
      "artifact": null,
      "screenshot": null,
      "status": "PASS",
      "seconds": 3.242,
      "network": null,
      "row": 2
    },
    "3": {
      "ok": true,
      "meeting": "EOr78oGfcodeR90Zwg61G-d2",
      "status_received": "completed",
      "speaker_count": 1,
      "reference_words": 115,
      "hypothesis_words": 111,
      "edits": 10,
      "wer": 0.08695652173913043,
      "artifact": null,
      "screenshot": null,
      "status": "PASS",
      "seconds": 2.169,
      "network": null,
      "row": 3
    },
    "5": {
      "ok": true,
      "renames": [
        {
          "name": null,
          "http": 200,
          "speaker_id": "speaker-0002",
          "enrollment": null,
          "rows_legend_updated": true,
          "history_updated": true,
          "export_updated": null
        },
        {
          "name": null,
          "http": 200,
          "speaker_id": "speaker-0002",
          "enrollment": null,
          "rows_legend_updated": true,
          "history_updated": true,
          "export_updated": true
        }
      ],
      "meeting": "yWLyChpDnqaAdpC5BKKniRy-",
      "export_after_stop_without_reload": true,
      "export": null,
      "screenshot": null,
      "status": "PASS",
      "seconds": 0.061,
      "network": null,
      "row": 5
    },
    "4": {
      "ok": false,
      "controlled_lane_cases": [
        {
          "case": null,
          "meeting": "Ov3eWIyHZuZW9iDKHtXaKiaZ",
          "passed": false,
          "expected_failure": false,
          "status": "completed",
          "finalization_status": "final",
          "seconds": 56.129,
          "stop_seconds": 2.118,
          "frames_per_lane": 108,
          "microphone_gain": 0.03,
          "surfaces": {
            "pre_terminal": {
              "lanes": {
                "system": {
                  "reference_words": 106,
                  "observed_words": 108,
                  "substitutions": 2,
                  "omissions": 6,
                  "additions": 8,
                  "wer": 0.1509433962264151,
                  "unique_reference_words": 60,
                  "unique_retained": 57,
                  "unique_retention": 0.95
                },
                "microphone": {
                  "reference_words": 53,
                  "observed_words": 55,
                  "substitutions": 1,
                  "omissions": 4,
                  "additions": 6,
                  "wer": 0.20754716981132076,
                  "unique_reference_words": 45,
                  "unique_retained": 41,
                  "unique_retention": 0.9111111111111111
                }
              },
              "attribution_errors": 0,
              "speaker_lane_conflicts": 0,
              "boundary_attribution_words": 0,
              "boundary_duplication_words": 0,
              "attribution_segments": [],
              "max_wer": 0.166655,
              "ownership": null,
              "duplication_count": 0,
              "unresolved_words": 0,
              "passed": false
            },
            "final": {
              "lanes": {
                "system": {
                  "reference_words": 106,
                  "observed_words": 105,
                  "substitutions": 2,
                  "omissions": 5,
                  "additions": 4,
                  "wer": 0.10377358490566038,
                  "unique_reference_words": 60,
                  "unique_retained": 56,
                  "unique_retention": 0.9333333333333333
                },
                "microphone": {
                  "reference_words": 53,
                  "observed_words": 58,
                  "substitutions": 0,
                  "omissions": 0,
                  "additions": 5,
                  "wer": 0.09433962264150944,
                  "unique_reference_words": 45,
                  "unique_retained": 45,
                  "unique_retention": 1.0
                }
              },
              "attribution_errors": 0,
              "speaker_lane_conflicts": 0,
              "boundary_attribution_words": 0,
              "boundary_duplication_words": 0,
              "attribution_segments": [],
              "max_wer": 0.095074,
              "ownership": null,
              "duplication_count": 0,
              "unresolved_words": 0,
              "passed": false
            },
            "reopened": {
              "lanes": {
                "system": {
                  "reference_words": 106,
                  "observed_words": 105,
                  "substitutions": 2,
                  "omissions": 5,
                  "additions": 4,
                  "wer": 0.10377358490566038,
                  "unique_reference_words": 60,
                  "unique_retained": 56,
                  "unique_retention": 0.9333333333333333
                },
                "microphone": {
                  "reference_words": 53,
                  "observed_words": 58,
                  "substitutions": 0,
                  "omissions": 0,
                  "additions": 5,
                  "wer": 0.09433962264150944,
                  "unique_reference_words": 45,
                  "unique_retained": 45,
                  "unique_retention": 1.0
                }
              },
              "attribution_errors": 0,
              "speaker_lane_conflicts": 0,
              "boundary_attribution_words": 0,
              "boundary_duplication_words": 0,
              "attribution_segments": [],
              "max_wer": 0.095074,
              "ownership": null,
              "duplication_count": 0,
              "unresolved_words": 0,
              "passed": false
            }
          },
          "file_url_wer_bar": 0.15,
          "file_url_wer_pass": {
            "pre_terminal": false,
            "final": true,
            "reopened": true
          }
        },
        {
          "case": null,
          "meeting": "EH66E3sf5ezzidFWS9FCXWJs",
          "passed": false,
          "expected_failure": false,
          "status": "completed",
          "finalization_status": "final",
          "seconds": 31.077,
          "stop_seconds": 2.064,
          "frames_per_lane": 58,
          "microphone_gain": 0.03,
          "surfaces": {
            "pre_terminal": {
              "lanes": {
                "system": {
                  "reference_words": 106,
                  "observed_words": 99,
                  "substitutions": 2,
                  "omissions": 14,
                  "additions": 7,
                  "wer": 0.2169811320754717,
                  "unique_reference_words": 60,
                  "unique_retained": 55,
                  "unique_retention": 0.9166666666666666
                },
                "microphone": {
                  "reference_words": 53,
                  "observed_words": 59,
                  "substitutions": 0,
                  "omissions": 0,
                  "additions": 6,
                  "wer": 0.11320754716981132,
                  "unique_reference_words": 45,
                  "unique_retained": 45,
                  "unique_retention": 1.0
                }
              },
              "attribution_errors": 0,
              "speaker_lane_conflicts": 0,
              "boundary_attribution_words": 0,
              "boundary_duplication_words": 0,
              "attribution_segments": [],
              "max_wer": 0.166655,
              "ownership": null,
              "duplication_count": 0,
              "unresolved_words": 0,
              "passed": false
            },
            "final": {
              "lanes": {
                "system": {
                  "reference_words": 106,
                  "observed_words": 105,
                  "substitutions": 2,
                  "omissions": 6,
                  "additions": 5,
                  "wer": 0.12264150943396226,
                  "unique_reference_words": 60,
                  "unique_retained": 56,
                  "unique_retention": 0.9333333333333333
                },
                "microphone": {
                  "reference_words": 53,
                  "observed_words": 58,
                  "substitutions": 0,
                  "omissions": 0,
                  "additions": 5,
                  "wer": 0.09433962264150944,
                  "unique_reference_words": 45,
                  "unique_retained": 45,
                  "unique_retention": 1.0
                }
              },
              "attribution_errors": 0,
              "speaker_lane_conflicts": 0,
              "boundary_attribution_words": 0,
              "boundary_duplication_words": 0,
              "attribution_segments": [],
              "max_wer": 0.095074,
              "ownership": null,
              "duplication_count": 0,
              "unresolved_words": 0,
              "passed": false
            },
            "reopened": {
              "lanes": {
                "system": {
                  "reference_words": 106,
                  "observed_words": 105,
                  "substitutions": 2,
                  "omissions": 6,
                  "additions": 5,
                  "wer": 0.12264150943396226,
                  "unique_reference_words": 60,
                  "unique_retained": 56,
                  "unique_retention": 0.9333333333333333
                },
                "microphone": {
                  "reference_words": 53,
                  "observed_words": 58,
                  "substitutions": 0,
                  "omissions": 0,
                  "additions": 5,
                  "wer": 0.09433962264150944,
                  "unique_reference_words": 45,
                  "unique_retained": 45,
                  "unique_retention": 1.0
                }
              },
              "attribution_errors": 0,
              "speaker_lane_conflicts": 0,
              "boundary_attribution_words": 0,
              "boundary_duplication_words": 0,
              "attribution_segments": [],
              "max_wer": 0.095074,
              "ownership": null,
              "duplication_count": 0,
              "unresolved_words": 0,
              "passed": false
            }
          },
          "file_url_wer_bar": 0.15,
          "file_url_wer_pass": {
            "pre_terminal": false,
            "final": true,
            "reopened": true
          }
        }
      ],
      "first_visible_seconds": 3.3288016250007786,
      "stop_to_terminal_seconds": 2.065561459006858,
      "meeting": "yWLyChpDnqaAdpC5BKKniRy-",
      "status_received": "completed",
      "meters": [
        null,
        null
      ],
      "artifact": null,
      "screenshot": null,
      "status": "FAIL",
      "seconds": 108.518,
      "network": null,
      "row": 4
    },
    "6": {
      "ok": true,
      "formats": {
        "md": {
          "ok": true,
          "expected_turns": 6,
          "downloaded_turns": 6,
          "words": true,
          "labels": true,
          "timing": true,
          "identity": true,
          "bytes": 639,
          "artifact": null
        },
        "txt": {
          "ok": true,
          "expected_turns": 6,
          "downloaded_turns": 6,
          "words": true,
          "labels": true,
          "timing": true,
          "identity": true,
          "bytes": 621,
          "artifact": null
        },
        "json": {
          "ok": true,
          "expected_turns": 6,
          "downloaded_turns": 6,
          "words": true,
          "labels": true,
          "timing": true,
          "identity": true,
          "lane": true,
          "bytes": 3227,
          "artifact": null
        },
        "srt": {
          "ok": true,
          "expected_turns": 6,
          "downloaded_turns": 6,
          "words": true,
          "labels": true,
          "timing": true,
          "identity": true,
          "bytes": 748,
          "artifact": null
        },
        "vtt": {
          "ok": true,
          "expected_turns": 6,
          "downloaded_turns": 6,
          "words": true,
          "labels": true,
          "timing": true,
          "identity": true,
          "bytes": 756,
          "artifact": null
        }
      },
      "screenshot": null,
      "status": "PASS",
      "seconds": 0.408,
      "network": null,
      "row": 6
    },
    "7": {
      "ok": true,
      "filename": null,
      "duration": 50.0,
      "source_duration": 50.0,
      "artifact": null,
      "decodable": true,
      "screenshot": null,
      "status": "PASS",
      "seconds": 0.163,
      "network": null,
      "row": 7
    },
    "9": {
      "skip": true,
      "reason_code": "no_configured_relay_models",
      "configured_models": 0,
      "screenshot": null,
      "status": "SKIP",
      "seconds": 0.003,
      "network": null,
      "row": 9
    },
    "11": {
      "header_visible": true,
      "header_box": {
        "x": 527.375,
        "y": 104,
        "width": 187.6875,
        "height": 33.5
      },
      "ok": true,
      "title_matches": true,
      "mode": null,
      "panel_box": {
        "x": 310,
        "y": 97.5,
        "width": 820,
        "height": 984.5
      },
      "selected": null,
      "screenshot": null,
      "status": "PASS",
      "seconds": 0.087,
      "network": null,
      "row": 11
    },
    "12": {
      "width": 400,
      "scroll": 400,
      "historyY": 69.8125,
      "file_y": 70.1875,
      "ok": true,
      "screenshot": null,
      "status": "PASS",
      "seconds": 0.194,
      "network": null,
      "row": 12
    },
    "10": {
      "ok": true,
      "bound_seconds": 4.0,
      "decoder_trace": null,
      "expected_name": null,
      "bank_contains_name": true,
      "recognition_seconds": 3.7125999999940396,
      "measurement": null,
      "meeting": "p-ftMBfXuR_edewdTNW5ulVs",
      "screenshot": null,
      "status": "PASS",
      "seconds": 5.11,
      "network": null,
      "row": 10
    },
    "8": {
      "ok": true,
      "filename": null,
      "duration": 11.936,
      "source_duration": 50.0,
      "artifact": null,
      "decodable": true,
      "meeting": "p-ftMBfXuR_edewdTNW5ulVs",
      "status_received": "interrupted",
      "screenshot": null,
      "status": "PASS",
      "seconds": 38.826,
      "network": null,
      "row": 8
    },
    "13": {
      "ok": true,
      "variants": [
        {
          "outage_seconds": 3,
          "meeting": "-IdY6o83No0BfPRUqV7TyVJA",
          "before": {
            "status": "active",
            "version": 23,
            "accepted_samples": 86976,
            "committed_samples": 40000
          },
          "phase_during_outage": null,
          "restored_monotonic": 101735.800764041,
          "actual_outage_seconds": 3.002067833003821,
          "blocked_requests": 24,
          "origin_outage_verified": true,
          "blocked_routes": [
            null,
            null,
            null,
            null
          ],
          "phase_after_restore": null,
          "ui_status": null,
          "text_changes_after_restore": 7,
          "frames_resumed": true,
          "first_frame_recovery_seconds": {
            "microphone": 0.4285187499917811,
            "system": 0.4885866249969695
          },
          "first_snapshot_recovery_seconds": 0.6141665420000209,
          "heartbeat_resumed": true,
          "maximum_heartbeat_gap_seconds": 3.5046227499988163,
          "polling_resumed": true,
          "sequence_continuity": {
            "microphone": true,
            "system": true
          },
          "frame_errors": [],
          "status_received": "completed",
          "finalization_status": "final",
          "failure_reason": null,
          "history_preserved": true,
          "audio_seconds": 12.5,
          "audio_preserved": true,
          "partial_audio": false,
          "recovery_feedback_clear": true,
          "ok": true,
          "outcome": null
        },
        {
          "outage_seconds": 20,
          "meeting": "z56eysrSJZeA1OUrvfnx9PAR",
          "before": {
            "status": "active",
            "version": 22,
            "accepted_samples": 80000,
            "committed_samples": 40000
          },
          "phase_during_outage": null,
          "restored_monotonic": 101770.33405025,
          "actual_outage_seconds": 20.00280987500446,
          "blocked_requests": 134,
          "origin_outage_verified": true,
          "blocked_routes": [
            null,
            null,
            null,
            null
          ],
          "phase_after_restore": null,
          "ui_status": null,
          "text_changes_after_restore": 2,
          "frames_resumed": true,
          "first_frame_recovery_seconds": {
            "microphone": 0.4253393330000108,
            "system": 0.49402504099998623
          },
          "first_snapshot_recovery_seconds": 3.626706582988845,
          "heartbeat_resumed": true,
          "maximum_heartbeat_gap_seconds": 20.50647312500223,
          "polling_resumed": true,
          "sequence_continuity": {
            "microphone": true,
            "system": true
          },
          "frame_errors": [],
          "status_received": "completed",
          "finalization_status": "final",
          "failure_reason": null,
          "history_preserved": true,
          "audio_seconds": 29.5,
          "audio_preserved": true,
          "partial_audio": false,
          "recovery_feedback_clear": true,
          "ok": true,
          "outcome": null
        }
      ],
      "screenshot": null,
      "status": "PASS",
      "seconds": 57.092,
      "network": null,
      "row": 13
    },
    "14": {
      "ok": true,
      "same_document": true,
      "all_in_history": true,
      "cycles": [
        {
          "cycle": 1,
          "pane_empty_before_start": true,
          "meeting": "hwgaqdiE-hPQ4XAjErzu6Liy",
          "active_phase": null,
          "first_frame_sequence": 0,
          "status_received": "completed",
          "finalization_status": "final",
          "history_present": true,
          "export": null,
          "export_filename": null,
          "terminal_phase": null,
          "screenshot": null,
          "ok": true
        },
        {
          "cycle": 2,
          "pane_empty_before_start": true,
          "meeting": "8yJ7acsFeBkwbf6A4h10oBpm",
          "active_phase": null,
          "first_frame_sequence": 0,
          "status_received": "completed",
          "finalization_status": "final",
          "history_present": true,
          "export": null,
          "export_filename": null,
          "terminal_phase": null,
          "screenshot": null,
          "ok": true
        },
        {
          "cycle": 3,
          "pane_empty_before_start": true,
          "meeting": "Sf0tj5gE7bomw0jsrlVzxUC0",
          "active_phase": null,
          "first_frame_sequence": 0,
          "status_received": "completed",
          "finalization_status": "final",
          "history_present": true,
          "export": null,
          "export_filename": null,
          "terminal_phase": null,
          "screenshot": null,
          "ok": true
        }
      ],
      "screenshot": null,
      "status": "PASS",
      "seconds": 37.795,
      "network": null,
      "row": 14
    }
  }
}
