{
  "name": "workspace_row_10",
  "status": "PASS",
  "exit_code": null,
  "denominators": {
    "expected": 1,
    "executed": 1,
    "passed": 1,
    "failed": 0,
    "skipped": 0,
    "unrunnable": 0
  },
  "duration_seconds": 5.11,
  "artifacts": [
    "workspace_row_10.log"
  ],
  "decoder_requests_at_record": 180,
  "decoder_budget_exhausted_at_record": false,
  "measurements": {
    "ok": true,
    "bound_seconds": 4.0,
    "decoder_trace": null,
    "expected_name": null,
    "bank_contains_name": true,
    "recognition_seconds": 3.7125999999940396,
    "measurement": null,
    "meeting": "p-ftMBfXuR_edewdTNW5ulVs",
    "screenshot": null,
    "status": "PASS",
    "seconds": 5.11,
    "network": null,
    "row": 10
  }
}
