........................................................................ [  3%]
........................................................................ [  6%]
........................................................................ [ 10%]
.............................................................s.......... [ 13%]
........................................................................ [ 17%]
........................................................................ [ 20%]
........................................................................ [ 23%]
........................................................................ [ 27%]
........................................................................ [ 30%]
........................................................................ [ 34%]
........................................................................ [ 37%]
........................................................................ [ 40%]
........................................................................ [ 44%]
........................................................................ [ 47%]
...........................................ss........................... [ 51%]
.................................................................. [ 54%]
........................................................................ [ 57%]
....s................................................................... [ 61%]
........................................................................ [ 64%]
........................................................................ [ 68%]
........................................................................ [ 71%]
........................................................................ [ 74%]
............................................................... [ 77%]
..............................................................s......... [ 81%]
..................................................... [ 83%]
........................................................................ [ 87%]
........................................................................ [ 90%]
........................................................................ [ 94%]
........................................................................ [ 97%]
......................................................                [100%]
=============================== warnings summary ===============================
../../../../Users/gao/Desktop/AI_Projects/Github_Projects/MOSS-Transcribe-Diarize-wt-auto-mvp-0911/.venv/lib/python3.12/site-packages/fastapi/testclient.py:1
  /Users/gao/Desktop/AI_Projects/Github_Projects/MOSS-Transcribe-Diarize-wt-auto-mvp-0911/.venv/lib/python3.12/site-packages/fastapi/testclient.py:1: StarletteDeprecationWarning: Using `httpx` with `starlette.testclient` is deprecated; install `httpx2` instead.
    from starlette.testclient import TestClient as TestClient  # noqa

tests/phase2/test_atomic_cutover.py: 17 warnings
  /private/tmp/moss-round3-20260919/fix-fix-runner/moss_transcribe_diarize/phase2_cutover.py:1410: DeprecationWarning: Python 3.14 will, by default, filter extracted tar archives and reject files or modify their metadata. Use the filter argument to control this behavior.
    source.extractall(extraction)

tests/phase2/test_runner_composition.py::test_launcher_without_prompt_finalizer_builds_http_request
  /Users/gao/Desktop/AI_Projects/Github_Projects/MOSS-Transcribe-Diarize-wt-auto-mvp-0911/.venv/lib/python3.12/site-packages/audioread/rawread.py:16: DeprecationWarning: 'aifc' is deprecated and slated for removal in Python 3.13
    import aifc

tests/phase2/test_runner_composition.py::test_launcher_without_prompt_finalizer_builds_http_request
  /Users/gao/Desktop/AI_Projects/Github_Projects/MOSS-Transcribe-Diarize-wt-auto-mvp-0911/.venv/lib/python3.12/site-packages/audioread/rawread.py:17: DeprecationWarning: 'audioop' is deprecated and slated for removal in Python 3.13
    import audioop

tests/phase2/test_runner_composition.py::test_launcher_without_prompt_finalizer_builds_http_request
  /Users/gao/Desktop/AI_Projects/Github_Projects/MOSS-Transcribe-Diarize-wt-auto-mvp-0911/.venv/lib/python3.12/site-packages/audioread/rawread.py:19: DeprecationWarning: 'sunau' is deprecated and slated for removal in Python 3.13
    import sunau

-- Docs: https://docs.pytest.org/en/stable/how-to/capture-warnings.html
2103 passed, 5 skipped, 21 warnings, 37 subtests passed in 184.40s (0:03:04)
