
> livetranscribe-frontend@0.0.0 test
> vitest run --run


 RUN  v4.1.10 /private/tmp/moss-round3-20260919/fix-fix-runner/frontend

{"step":"descriptor pending","phase":"configuring","status":"Requesting microphone access...","reset":false,"meters":["Microphone level 0%","Shared audio level 0%"],"connected":["Not connected","Not connected"],"tracks":[],"contexts":[],"handlers":0,"chooserCalls":0}
{"step":"early share rejected","phase":"error","status":"Shared audio: start microphone before display capture. Reset capture to try again.","reset":true,"meters":["Microphone level 0%","Shared audio level 0%"],"connected":["Not connected","Not connected"],"tracks":[],"contexts":[],"handlers":0,"chooserCalls":0}
{"step":"microphone succeeded","phase":"error","status":"Shared audio: start microphone before display capture. Reset capture to try again.","reset":true,"meters":["Microphone level 0%","Shared audio level 0%"],"connected":["Connected · quiet","Not connected"],"tracks":[0],"contexts":["running"],"handlers":1,"chooserCalls":0}
{"step":"late meter","phase":"error","status":"Shared audio: start microphone before display capture. Reset capture to try again.","reset":true,"meters":["Microphone level 0%","Shared audio level 0%"],"connected":["Connected · quiet","Not connected"],"tracks":[0],"contexts":["running"],"handlers":1,"chooserCalls":0}
{"step":"reset","phase":"idle","status":"Live capture requires both your microphone and shared audio. Enable the microphone, then share a tab with audio.","reset":false,"meters":["Microphone level 0%","Shared audio level 0%"],"connected":["Not connected","Not connected"],"tracks":[1],"contexts":["closed"],"handlers":0,"chooserCalls":0}
{"step":"microphone pending","phase":"configuring","status":"Requesting microphone access...","reset":false,"meters":["Microphone level 0%","Shared audio level 0%"],"connected":["Not connected","Not connected"],"tracks":[],"contexts":["running"],"handlers":0,"chooserCalls":0}
{"step":"early share rejected","phase":"error","status":"Shared audio: start microphone before display capture. Reset capture to try again.","reset":true,"meters":["Microphone level 0%","Shared audio level 0%"],"connected":["Not connected","Not connected"],"tracks":[],"contexts":["running"],"handlers":0,"chooserCalls":0}
{"step":"microphone succeeded","phase":"error","status":"Shared audio: start microphone before display capture. Reset capture to try again.","reset":true,"meters":["Microphone level 0%","Shared audio level 0%"],"connected":["Connected · quiet","Not connected"],"tracks":[0],"contexts":["running"],"handlers":1,"chooserCalls":0}
{"step":"late meter","phase":"error","status":"Shared audio: start microphone before display capture. Reset capture to try again.","reset":true,"meters":["Microphone level 0%","Shared audio level 0%"],"connected":["Connected · quiet","Not connected"],"tracks":[0],"contexts":["running"],"handlers":1,"chooserCalls":0}
{"step":"reset","phase":"idle","status":"Live capture requires both your microphone and shared audio. Enable the microphone, then share a tab with audio.","reset":false,"meters":["Microphone level 0%","Shared audio level 0%"],"connected":["Not connected","Not connected"],"tracks":[1],"contexts":["closed"],"handlers":0,"chooserCalls":0}
{"step":"descriptor pending","phase":"configuring","status":"Requesting microphone access...","reset":false,"meters":["Microphone level 0%","Shared audio level 0%"],"connected":["Not connected","Not connected"],"tracks":[],"contexts":[],"handlers":0,"chooserCalls":0}
{"step":"early share rejected","phase":"error","status":"Shared audio: start microphone before display capture. Reset capture to try again.","reset":true,"meters":["Microphone level 0%","Shared audio level 0%"],"connected":["Not connected","Not connected"],"tracks":[],"contexts":[],"handlers":0,"chooserCalls":0}
{"step":"microphone failed","phase":"error","status":"Microphone: microphone preparation denied. Shared audio: start microphone before display capture. Reset capture to try again.","reset":true,"meters":["Microphone level 0%","Shared audio level 0%"],"connected":["Not connected","Not connected"],"tracks":[],"contexts":[],"handlers":0,"chooserCalls":0}
{"step":"reset","phase":"idle","status":"Live capture requires both your microphone and shared audio. Enable the microphone, then share a tab with audio.","reset":false,"meters":["Microphone level 0%","Shared audio level 0%"],"connected":["Not connected","Not connected"],"tracks":[],"contexts":[],"handlers":0,"chooserCalls":0}
{"step":"microphone pending","phase":"configuring","status":"Requesting microphone access...","reset":false,"meters":["Microphone level 0%","Shared audio level 0%"],"connected":["Not connected","Not connected"],"tracks":[],"contexts":["running"],"handlers":0,"chooserCalls":0}
{"step":"early share rejected","phase":"error","status":"Shared audio: start microphone before display capture. Reset capture to try again.","reset":true,"meters":["Microphone level 0%","Shared audio level 0%"],"connected":["Not connected","Not connected"],"tracks":[],"contexts":["running"],"handlers":0,"chooserCalls":0}
{"step":"microphone failed","phase":"error","status":"Microphone: microphone preparation denied. Shared audio: start microphone before display capture. Reset capture to try again.","reset":true,"meters":["Microphone level 0%","Shared audio level 0%"],"connected":["Not connected","Not connected"],"tracks":[],"contexts":["closed"],"handlers":0,"chooserCalls":0}
{"step":"reset","phase":"idle","status":"Live capture requires both your microphone and shared audio. Enable the microphone, then share a tab with audio.","reset":false,"meters":["Microphone level 0%","Shared audio level 0%"],"connected":["Not connected","Not connected"],"tracks":[],"contexts":["closed"],"handlers":0,"chooserCalls":0}
{"step":"reset while pending","phase":"idle","status":"Live capture requires both your microphone and shared audio. Enable the microphone, then share a tab with audio.","reset":false,"meters":["Microphone level 0%","Shared audio level 0%"],"connected":["Not connected","Not connected"],"tracks":[],"contexts":[],"handlers":0,"chooserCalls":0}
{"step":"old setup settled","phase":"idle","status":"Live capture requires both your microphone and shared audio. Enable the microphone, then share a tab with audio.","reset":false,"meters":["Microphone level 0%","Shared audio level 0%"],"connected":["Not connected","Not connected"],"tracks":[],"contexts":["closed"],"handlers":0,"chooserCalls":0}
{"step":"reset while pending","phase":"idle","status":"Live capture requires both your microphone and shared audio. Enable the microphone, then share a tab with audio.","reset":false,"meters":["Microphone level 0%","Shared audio level 0%"],"connected":["Not connected","Not connected"],"tracks":[],"contexts":["closed"],"handlers":0,"chooserCalls":0}
{"step":"old setup settled","phase":"idle","status":"Live capture requires both your microphone and shared audio. Enable the microphone, then share a tab with audio.","reset":false,"meters":["Microphone level 0%","Shared audio level 0%"],"connected":["Not connected","Not connected"],"tracks":[1],"contexts":["closed","closed"],"handlers":0,"chooserCalls":0}
{"step":"mic receiving","phase":"configuring","status":"Microphone connected. Share a browser tab, window, or screen with audio.","reset":false,"meters":["Microphone level 43%","Shared audio level 0%"],"connected":["Connected · receiving sound","Not connected"],"tracks":[0],"contexts":["running"],"handlers":1,"chooserCalls":0}
{"step":"share reject","phase":"error","status":"Shared audio: chooser rejected. Reset capture to try again.","reset":true,"meters":["Microphone level 0%","Shared audio level 0%"],"connected":["Not connected","Not connected"],"tracks":[1],"contexts":["closed"],"handlers":0,"chooserCalls":1}
{"step":"reset","phase":"idle","status":"Live capture requires both your microphone and shared audio. Enable the microphone, then share a tab with audio.","reset":false,"meters":["Microphone level 0%","Shared audio level 0%"],"connected":["Not connected","Not connected"],"tracks":[1],"contexts":["closed"],"handlers":0,"chooserCalls":1}
{"step":"retry ready","phase":"ready","status":"Both sources are receiving sound. Start capture when ready.","reset":false,"meters":["Microphone level 43%","Shared audio level 83%"],"connected":["Connected · receiving sound","Connected · receiving sound"],"tracks":[1,0,0,0],"contexts":["closed","running"],"handlers":2,"chooserCalls":2}
{"step":"mic receiving","phase":"configuring","status":"Microphone connected. Share a browser tab, window, or screen with audio.","reset":false,"meters":["Microphone level 43%","Shared audio level 0%"],"connected":["Connected · receiving sound","Not connected"],"tracks":[0],"contexts":["running"],"handlers":1,"chooserCalls":0}
{"step":"share missing","phase":"error","status":"Shared audio: selected display surface supplied no audio track. Reset capture to try again.","reset":true,"meters":["Microphone level 0%","Shared audio level 0%"],"connected":["Not connected","Not connected"],"tracks":[1],"contexts":["closed"],"handlers":0,"chooserCalls":1}
{"step":"reset","phase":"idle","status":"Live capture requires both your microphone and shared audio. Enable the microphone, then share a tab with audio.","reset":false,"meters":["Microphone level 0%","Shared audio level 0%"],"connected":["Not connected","Not connected"],"tracks":[1],"contexts":["closed"],"handlers":0,"chooserCalls":1}
{"step":"retry ready","phase":"ready","status":"Both sources are receiving sound. Start capture when ready.","reset":false,"meters":["Microphone level 43%","Shared audio level 83%"],"connected":["Connected · receiving sound","Connected · receiving sound"],"tracks":[1,0,0,0],"contexts":["closed","running"],"handlers":2,"chooserCalls":2}
{"step":"mic denied first","phase":"error","status":"Microphone: microphone denied. Reset capture to try again.","reset":true,"meters":["Microphone level 0%","Shared audio level 0%"],"connected":["Not connected","Not connected"],"tracks":[],"contexts":["closed"],"handlers":0,"chooserCalls":0}
{"step":"reset","phase":"idle","status":"Live capture requires both your microphone and shared audio. Enable the microphone, then share a tab with audio.","reset":false,"meters":["Microphone level 0%","Shared audio level 0%"],"connected":["Not connected","Not connected"],"tracks":[],"contexts":["closed"],"handlers":0,"chooserCalls":0}
{"step":"both attached","phase":"configuring","status":"Shared audio connected. Play sound in the shared tab and speak into the microphone.","reset":false,"meters":["Microphone level 0%","Shared audio level 0%"],"connected":["Connected · quiet","Connected · quiet"],"tracks":[0,0,0],"contexts":["running"],"handlers":2,"chooserCalls":1}
{"step":"mic sound","phase":"configuring","status":"Shared audio connected. Play sound in the shared tab and speak into the microphone.","reset":false,"meters":["Microphone level 43%","Shared audio level 0%"],"connected":["Connected · receiving sound","Connected · quiet"],"tracks":[0,0,0],"contexts":["running"],"handlers":2,"chooserCalls":1}
{"step":"both sound","phase":"ready","status":"Both sources are receiving sound. Start capture when ready.","reset":false,"meters":["Microphone level 43%","Shared audio level 83%"],"connected":["Connected · receiving sound","Connected · receiving sound"],"tracks":[0,0,0],"contexts":["running"],"handlers":2,"chooserCalls":1}
{"step":"retired rejection after fresh ready","phase":"ready","status":"Both sources are receiving sound. Start capture when ready.","reset":false,"meters":["Microphone level 43%","Shared audio level 83%"],"connected":["Connected · receiving sound","Connected · receiving sound"],"tracks":[0,0,0],"contexts":["running"],"handlers":2,"chooserCalls":1}
{"step":"retired rejection after fresh ready","phase":"ready","status":"Both sources are receiving sound. Start capture when ready.","reset":false,"meters":["Microphone level 43%","Shared audio level 83%"],"connected":["Connected · receiving sound","Connected · receiving sound"],"tracks":[0,0,0],"contexts":["closed","running"],"handlers":2,"chooserCalls":1}
{"step":"second chooser rejected with first pending","phase":"error","status":"Shared audio: chooser rejected. Reset capture to try again.","reset":true,"meters":["Microphone level 0%","Shared audio level 0%"],"connected":["Not connected","Not connected"],"tracks":[1],"contexts":["closed"],"handlers":0,"chooserCalls":2}
{"step":"late chooser settled","phase":"idle","status":"Live capture requires both your microphone and shared audio. Enable the microphone, then share a tab with audio.","reset":false,"meters":["Microphone level 0%","Shared audio level 0%"],"connected":["Not connected","Not connected"],"tracks":[1,1],"contexts":["closed"],"handlers":0,"chooserCalls":2}
{"step":"second chooser rejected with first pending","phase":"error","status":"Shared audio: chooser rejected. Reset capture to try again.","reset":true,"meters":["Microphone level 0%","Shared audio level 0%"],"connected":["Not connected","Not connected"],"tracks":[1],"contexts":["closed"],"handlers":0,"chooserCalls":2}
{"step":"late chooser settled","phase":"idle","status":"Live capture requires both your microphone and shared audio. Enable the microphone, then share a tab with audio.","reset":false,"meters":["Microphone level 0%","Shared audio level 0%"],"connected":["Not connected","Not connected"],"tracks":[1],"contexts":["closed"],"handlers":0,"chooserCalls":2}
{"step":"pre-session microphone ended","phase":"error","status":"Microphone: microphone: browser_track_ended. Reset capture to try again.","reset":true,"meters":["Microphone level 0%","Shared audio level 0%"],"connected":["Not connected","Not connected"],"tracks":[1,1,1],"contexts":["closed"],"handlers":0,"chooserCalls":1}
{"step":"reset","phase":"idle","status":"Live capture requires both your microphone and shared audio. Enable the microphone, then share a tab with audio.","reset":false,"meters":["Microphone level 0%","Shared audio level 0%"],"connected":["Not connected","Not connected"],"tracks":[1,1,1],"contexts":["closed"],"handlers":0,"chooserCalls":1}
{"step":"pre-session system ended","phase":"error","status":"Shared audio: system: browser_track_ended. Reset capture to try again.","reset":true,"meters":["Microphone level 0%","Shared audio level 0%"],"connected":["Not connected","Not connected"],"tracks":[1,1,1],"contexts":["closed"],"handlers":0,"chooserCalls":1}
{"step":"reset","phase":"idle","status":"Live capture requires both your microphone and shared audio. Enable the microphone, then share a tab with audio.","reset":false,"meters":["Microphone level 0%","Shared audio level 0%"],"connected":["Not connected","Not connected"],"tracks":[1,1,1],"contexts":["closed"],"handlers":0,"chooserCalls":1}
{"step":"pre-session microphone ended","phase":"error","status":"Microphone: microphone: browser_track_ended. Reset capture to try again.","reset":true,"meters":["Microphone level 0%","Shared audio level 0%"],"connected":["Not connected","Not connected"],"tracks":[1,1,1],"contexts":["closed"],"handlers":0,"chooserCalls":1}
{"step":"reset","phase":"idle","status":"Live capture requires both your microphone and shared audio. Enable the microphone, then share a tab with audio.","reset":false,"meters":["Microphone level 0%","Shared audio level 0%"],"connected":["Not connected","Not connected"],"tracks":[1,1,1],"contexts":["closed"],"handlers":0,"chooserCalls":1}
{"step":"pre-session system ended","phase":"error","status":"Shared audio: system: browser_track_ended. Reset capture to try again.","reset":true,"meters":["Microphone level 0%","Shared audio level 0%"],"connected":["Not connected","Not connected"],"tracks":[1,1,1],"contexts":["closed"],"handlers":0,"chooserCalls":1}
{"step":"reset","phase":"idle","status":"Live capture requires both your microphone and shared audio. Enable the microphone, then share a tab with audio.","reset":false,"meters":["Microphone level 0%","Shared audio level 0%"],"connected":["Not connected","Not connected"],"tracks":[1,1,1],"contexts":["closed"],"handlers":0,"chooserCalls":1}

 Test Files  28 passed (28)
      Tests  310 passed (310)
   Start at  21:33:05
   Duration  2.63s (transform 2.57s, setup 0ms, import 3.66s, tests 8.00s, environment 5.15s)


> livetranscribe-frontend@0.0.0 typecheck
> tsc --noEmit


> livetranscribe-frontend@0.0.0 build
> vite build

vite v8.2.1 building client environment for production...
[2Ktransforming...✓ 34 modules transformed.
rendering chunks...
computing gzip size...
../moss_transcribe_diarize/app/frontend_assets/styles.css   53.79 kB │ gzip: 10.79 kB
../moss_transcribe_diarize/app/frontend_assets/app.js      131.71 kB │ gzip: 42.91 kB │ map: 413.27 kB

✓ built in 62ms
