{
  "name": "browser_stress_all",
  "status": "UNRUNNABLE",
  "exit_code": null,
  "denominators": {
    "expected": 16,
    "executed": 0,
    "passed": 0,
    "failed": 0,
    "skipped": 0,
    "unrunnable": 16
  },
  "duration_seconds": 0,
  "artifacts": [
    "browser_stress_all.log"
  ],
  "decoder_requests_at_record": 300,
  "decoder_budget_exhausted_at_record": true,
  "reason": "run.py all includes case 14 restart with fixed WP5 paths/port and stack.py tunnel 18105; no restart/decoder arguments"
}
