{
  "name": "workspace_row_7",
  "status": "PASS",
  "exit_code": null,
  "denominators": {
    "expected": 1,
    "executed": 1,
    "passed": 1,
    "failed": 0,
    "skipped": 0,
    "unrunnable": 0
  },
  "duration_seconds": 0.167,
  "artifacts": [
    "workspace_row_7.log"
  ],
  "measurements": {
    "ok": true,
    "filename": null,
    "duration": 50.0,
    "source_duration": 50.0,
    "artifact": null,
    "decodable": true,
    "screenshot": null,
    "status": "PASS",
    "seconds": 0.167,
    "network": null,
    "row": 7
  }
}
