{
  "name": "workspace_row_10",
  "status": "FAIL",
  "exit_code": null,
  "denominators": {
    "expected": 1,
    "executed": 1,
    "passed": 0,
    "failed": 1,
    "skipped": 0,
    "unrunnable": 0
  },
  "duration_seconds": 5.436,
  "artifacts": [
    "workspace_row_10.log"
  ],
  "measurements": {
    "ok": false,
    "bound_seconds": 4.0,
    "decoder_trace": null,
    "expected_name": null,
    "bank_contains_name": true,
    "recognition_seconds": 4.01120000000298,
    "measurement": null,
    "meeting": "5Z7iZrUm_BxEHTvqbdR2B5KY",
    "screenshot": null,
    "status": "FAIL",
    "seconds": 5.436,
    "network": null,
    "row": 10
  }
}
