{
  "name": "workspace",
  "status": "FAIL",
  "exit_code": 1,
  "denominators": {
    "expected": 14,
    "executed": 13,
    "passed": 10,
    "failed": 3,
    "skipped": 1,
    "unrunnable": 0
  },
  "duration_seconds": 295.08,
  "artifacts": [
    "workspace.log"
  ],
  "measurements": {
    "1": {
      "signed_in": true,
      "boot_ready": true,
      "fresh_profile": true,
      "screenshot": null,
      "status": "PASS",
      "seconds": 0.106,
      "network": null,
      "row": 1
    },
    "2": {
      "ok": true,
      "meeting": "VAISgrsrNbhCFE91zQAOEMF2",
      "status_received": "completed",
      "speaker_count": 1,
      "reference_words": 115,
      "hypothesis_words": 111,
      "edits": 10,
      "wer": 0.08695652173913043,
      "artifact": null,
      "screenshot": null,
      "status": "PASS",
      "seconds": 3.26,
      "network": null,
      "row": 2
    },
    "3": {
      "ok": true,
      "meeting": "rK8o73sNN9PkwwegRk3CFwRt",
      "status_received": "completed",
      "speaker_count": 1,
      "reference_words": 115,
      "hypothesis_words": 111,
      "edits": 10,
      "wer": 0.08695652173913043,
      "artifact": null,
      "screenshot": null,
      "status": "PASS",
      "seconds": 2.164,
      "network": null,
      "row": 3
    },
    "5": {
      "ok": false,
      "renames": [
        {
          "name": null,
          "http": 200,
          "speaker_id": "speaker-0002",
          "enrollment": null,
          "rows_legend_updated": true,
          "history_updated": true,
          "export_updated": null
        },
        {
          "name": null,
          "http": 200,
          "speaker_id": "speaker-0002",
          "enrollment": null,
          "rows_legend_updated": false,
          "history_updated": true,
          "export_updated": true
        }
      ],
      "meeting": "BeQKoFBZEgibxqznu-MzZBsX",
      "export_after_stop_without_reload": true,
      "export": null,
      "screenshot": null,
      "status": "FAIL",
      "seconds": 0.073,
      "network": null,
      "row": 5
    },
    "4": {
      "ok": false,
      "controlled_lane_cases": [
        {
          "case": null,
          "meeting": "0qOaKLPKizjocSx9W_EGbuLz",
          "passed": false,
          "expected_failure": false,
          "status": "completed",
          "finalization_status": "final",
          "seconds": 65.168,
          "stop_seconds": 11.16,
          "frames_per_lane": 108,
          "microphone_gain": 0.03,
          "surfaces": {
            "pre_terminal": {
              "lanes": {
                "system": {
                  "reference_words": 106,
                  "observed_words": 108,
                  "substitutions": 2,
                  "omissions": 6,
                  "additions": 8,
                  "wer": 0.1509433962264151,
                  "unique_reference_words": 60,
                  "unique_retained": 57,
                  "unique_retention": 0.95
                },
                "microphone": {
                  "reference_words": 53,
                  "observed_words": 55,
                  "substitutions": 1,
                  "omissions": 4,
                  "additions": 6,
                  "wer": 0.20754716981132076,
                  "unique_reference_words": 45,
                  "unique_retained": 41,
                  "unique_retention": 0.9111111111111111
                }
              },
              "attribution_errors": 0,
              "speaker_lane_conflicts": 0,
              "boundary_attribution_words": 0,
              "boundary_duplication_words": 0,
              "attribution_segments": [],
              "max_wer": 0.166655,
              "ownership": null,
              "duplication_count": 0,
              "unresolved_words": 0,
              "passed": false
            },
            "final": {
              "lanes": {
                "system": {
                  "reference_words": 106,
                  "observed_words": 104,
                  "substitutions": 1,
                  "omissions": 5,
                  "additions": 3,
                  "wer": 0.08490566037735849,
                  "unique_reference_words": 60,
                  "unique_retained": 57,
                  "unique_retention": 0.95
                },
                "microphone": {
                  "reference_words": 53,
                  "observed_words": 58,
                  "substitutions": 0,
                  "omissions": 0,
                  "additions": 5,
                  "wer": 0.09433962264150944,
                  "unique_reference_words": 45,
                  "unique_retained": 45,
                  "unique_retention": 1.0
                }
              },
              "attribution_errors": 0,
              "speaker_lane_conflicts": 0,
              "boundary_attribution_words": 0,
              "boundary_duplication_words": 0,
              "attribution_segments": [],
              "max_wer": 0.095074,
              "ownership": null,
              "duplication_count": 0,
              "unresolved_words": 0,
              "passed": true
            },
            "reopened": {
              "lanes": {
                "system": {
                  "reference_words": 106,
                  "observed_words": 104,
                  "substitutions": 1,
                  "omissions": 5,
                  "additions": 3,
                  "wer": 0.08490566037735849,
                  "unique_reference_words": 60,
                  "unique_retained": 57,
                  "unique_retention": 0.95
                },
                "microphone": {
                  "reference_words": 53,
                  "observed_words": 58,
                  "substitutions": 0,
                  "omissions": 0,
                  "additions": 5,
                  "wer": 0.09433962264150944,
                  "unique_reference_words": 45,
                  "unique_retained": 45,
                  "unique_retention": 1.0
                }
              },
              "attribution_errors": 0,
              "speaker_lane_conflicts": 0,
              "boundary_attribution_words": 0,
              "boundary_duplication_words": 0,
              "attribution_segments": [],
              "max_wer": 0.095074,
              "ownership": null,
              "duplication_count": 0,
              "unresolved_words": 0,
              "passed": true
            }
          },
          "file_url_wer_bar": 0.15,
          "file_url_wer_pass": {
            "pre_terminal": false,
            "final": true,
            "reopened": true
          }
        },
        {
          "case": null,
          "meeting": "-4MxdVa5AZb4CWJfgTzIFxBM",
          "passed": false,
          "expected_failure": false,
          "status": "completed",
          "finalization_status": "final",
          "seconds": 39.63,
          "stop_seconds": 10.625,
          "frames_per_lane": 58,
          "microphone_gain": 0.03,
          "surfaces": {
            "pre_terminal": {
              "lanes": {
                "system": {
                  "reference_words": 106,
                  "observed_words": 100,
                  "substitutions": 2,
                  "omissions": 14,
                  "additions": 8,
                  "wer": 0.22641509433962265,
                  "unique_reference_words": 60,
                  "unique_retained": 55,
                  "unique_retention": 0.9166666666666666
                },
                "microphone": {
                  "reference_words": 53,
                  "observed_words": 59,
                  "substitutions": 0,
                  "omissions": 0,
                  "additions": 6,
                  "wer": 0.11320754716981132,
                  "unique_reference_words": 45,
                  "unique_retained": 45,
                  "unique_retention": 1.0
                }
              },
              "attribution_errors": 0,
              "speaker_lane_conflicts": 0,
              "boundary_attribution_words": 0,
              "boundary_duplication_words": 0,
              "attribution_segments": [],
              "max_wer": 0.166655,
              "ownership": null,
              "duplication_count": 0,
              "unresolved_words": 0,
              "passed": false
            },
            "final": {
              "lanes": {
                "system": {
                  "reference_words": 106,
                  "observed_words": 105,
                  "substitutions": 2,
                  "omissions": 6,
                  "additions": 5,
                  "wer": 0.12264150943396226,
                  "unique_reference_words": 60,
                  "unique_retained": 56,
                  "unique_retention": 0.9333333333333333
                },
                "microphone": {
                  "reference_words": 53,
                  "observed_words": 58,
                  "substitutions": 0,
                  "omissions": 0,
                  "additions": 5,
                  "wer": 0.09433962264150944,
                  "unique_reference_words": 45,
                  "unique_retained": 45,
                  "unique_retention": 1.0
                }
              },
              "attribution_errors": 0,
              "speaker_lane_conflicts": 0,
              "boundary_attribution_words": 0,
              "boundary_duplication_words": 0,
              "attribution_segments": [],
              "max_wer": 0.095074,
              "ownership": null,
              "duplication_count": 0,
              "unresolved_words": 0,
              "passed": false
            },
            "reopened": {
              "lanes": {
                "system": {
                  "reference_words": 106,
                  "observed_words": 105,
                  "substitutions": 2,
                  "omissions": 6,
                  "additions": 5,
                  "wer": 0.12264150943396226,
                  "unique_reference_words": 60,
                  "unique_retained": 56,
                  "unique_retention": 0.9333333333333333
                },
                "microphone": {
                  "reference_words": 53,
                  "observed_words": 58,
                  "substitutions": 0,
                  "omissions": 0,
                  "additions": 5,
                  "wer": 0.09433962264150944,
                  "unique_reference_words": 45,
                  "unique_retained": 45,
                  "unique_retention": 1.0
                }
              },
              "attribution_errors": 0,
              "speaker_lane_conflicts": 0,
              "boundary_attribution_words": 0,
              "boundary_duplication_words": 0,
              "attribution_segments": [],
              "max_wer": 0.095074,
              "ownership": null,
              "duplication_count": 0,
              "unresolved_words": 0,
              "passed": false
            }
          },
          "file_url_wer_bar": 0.15,
          "file_url_wer_pass": {
            "pre_terminal": false,
            "final": true,
            "reopened": true
          }
        }
      ],
      "first_visible_seconds": 3.329034624999622,
      "stop_to_terminal_seconds": 8.088189083006,
      "meeting": "BeQKoFBZEgibxqznu-MzZBsX",
      "status_received": "completed",
      "meters": [
        null,
        null
      ],
      "artifact": null,
      "screenshot": null,
      "status": "FAIL",
      "seconds": 132.152,
      "network": null,
      "row": 4
    },
    "6": {
      "ok": true,
      "formats": {
        "md": {
          "ok": true,
          "expected_turns": 6,
          "downloaded_turns": 6,
          "words": true,
          "labels": true,
          "timing": true,
          "identity": true,
          "bytes": 639,
          "artifact": null
        },
        "txt": {
          "ok": true,
          "expected_turns": 6,
          "downloaded_turns": 6,
          "words": true,
          "labels": true,
          "timing": true,
          "identity": true,
          "bytes": 621,
          "artifact": null
        },
        "json": {
          "ok": true,
          "expected_turns": 6,
          "downloaded_turns": 6,
          "words": true,
          "labels": true,
          "timing": true,
          "identity": true,
          "lane": true,
          "bytes": 3227,
          "artifact": null
        },
        "srt": {
          "ok": true,
          "expected_turns": 6,
          "downloaded_turns": 6,
          "words": true,
          "labels": true,
          "timing": true,
          "identity": true,
          "bytes": 748,
          "artifact": null
        },
        "vtt": {
          "ok": true,
          "expected_turns": 6,
          "downloaded_turns": 6,
          "words": true,
          "labels": true,
          "timing": true,
          "identity": true,
          "bytes": 756,
          "artifact": null
        }
      },
      "screenshot": null,
      "status": "PASS",
      "seconds": 0.463,
      "network": null,
      "row": 6
    },
    "7": {
      "ok": true,
      "filename": null,
      "duration": 50.0,
      "source_duration": 50.0,
      "artifact": null,
      "decodable": true,
      "screenshot": null,
      "status": "PASS",
      "seconds": 0.167,
      "network": null,
      "row": 7
    },
    "9": {
      "skip": true,
      "reason_code": "no_configured_relay_models",
      "configured_models": 0,
      "screenshot": null,
      "status": "SKIP",
      "seconds": 0.003,
      "network": null,
      "row": 9
    },
    "11": {
      "header_visible": true,
      "header_box": {
        "x": 527.375,
        "y": 104,
        "width": 187.6875,
        "height": 33.5
      },
      "ok": true,
      "title_matches": true,
      "mode": null,
      "panel_box": {
        "x": 310,
        "y": 97.5,
        "width": 820,
        "height": 984.5
      },
      "selected": null,
      "screenshot": null,
      "status": "PASS",
      "seconds": 0.081,
      "network": null,
      "row": 11
    },
    "12": {
      "width": 400,
      "scroll": 400,
      "historyY": 69.8125,
      "file_y": 70.1875,
      "ok": true,
      "screenshot": null,
      "status": "PASS",
      "seconds": 0.18,
      "network": null,
      "row": 12
    },
    "10": {
      "ok": false,
      "bound_seconds": 4.0,
      "decoder_trace": null,
      "expected_name": null,
      "bank_contains_name": true,
      "recognition_seconds": 4.01120000000298,
      "measurement": null,
      "meeting": "5Z7iZrUm_BxEHTvqbdR2B5KY",
      "screenshot": null,
      "status": "FAIL",
      "seconds": 5.436,
      "network": null,
      "row": 10
    },
    "8": {
      "ok": true,
      "filename": null,
      "duration": 11.928,
      "source_duration": 50.0,
      "artifact": null,
      "decodable": true,
      "meeting": "5Z7iZrUm_BxEHTvqbdR2B5KY",
      "status_received": "interrupted",
      "screenshot": null,
      "status": "PASS",
      "seconds": 38.504,
      "network": null,
      "row": 8
    },
    "13": {
      "ok": true,
      "variants": [
        {
          "outage_seconds": 3,
          "meeting": "VOo99ObIO9ec3WS8bn4ZKf59",
          "before": {
            "status": "active",
            "version": 22,
            "accepted_samples": 80000,
            "committed_samples": 40000
          },
          "phase_during_outage": null,
          "restored_monotonic": 98543.533404125,
          "actual_outage_seconds": 3.0030217919993447,
          "blocked_requests": 25,
          "origin_outage_verified": true,
          "blocked_routes": [
            null,
            null,
            null,
            null
          ],
          "phase_after_restore": null,
          "ui_status": null,
          "text_changes_after_restore": 7,
          "frames_resumed": true,
          "first_frame_recovery_seconds": {
            "microphone": 0.43560149999393616,
            "system": 0.5063041249959497
          },
          "first_snapshot_recovery_seconds": 0.6030076250026468,
          "heartbeat_resumed": true,
          "maximum_heartbeat_gap_seconds": 3.5046815410023555,
          "polling_resumed": true,
          "sequence_continuity": {
            "microphone": true,
            "system": true
          },
          "frame_errors": [],
          "status_received": "completed",
          "finalization_status": "final",
          "failure_reason": null,
          "history_preserved": true,
          "audio_seconds": 12.5,
          "audio_preserved": true,
          "partial_audio": false,
          "recovery_feedback_clear": true,
          "ok": true,
          "outcome": null
        },
        {
          "outage_seconds": 20,
          "meeting": "UZ30KnwBqCYzPFOuBmhrQ7_v",
          "before": {
            "status": "active",
            "version": 23,
            "accepted_samples": 86720,
            "committed_samples": 40000
          },
          "phase_during_outage": null,
          "restored_monotonic": 98582.136520708,
          "actual_outage_seconds": 20.00329654199595,
          "blocked_requests": 134,
          "origin_outage_verified": true,
          "blocked_routes": [
            null,
            null,
            null,
            null
          ],
          "phase_after_restore": null,
          "ui_status": null,
          "text_changes_after_restore": 2,
          "frames_resumed": true,
          "first_frame_recovery_seconds": {
            "microphone": 0.41402245800418314,
            "system": 0.4888568330061389
          },
          "first_snapshot_recovery_seconds": 3.638992500011227,
          "heartbeat_resumed": true,
          "maximum_heartbeat_gap_seconds": 20.50715274999675,
          "polling_resumed": true,
          "sequence_continuity": {
            "microphone": true,
            "system": true
          },
          "frame_errors": [],
          "status_received": "completed",
          "finalization_status": "final",
          "failure_reason": null,
          "history_preserved": true,
          "audio_seconds": 29.5,
          "audio_preserved": true,
          "partial_audio": false,
          "recovery_feedback_clear": true,
          "ok": true,
          "outcome": null
        }
      ],
      "screenshot": null,
      "status": "PASS",
      "seconds": 68.207,
      "network": null,
      "row": 13
    },
    "14": {
      "ok": true,
      "same_document": true,
      "all_in_history": true,
      "cycles": [
        {
          "cycle": 1,
          "pane_empty_before_start": true,
          "meeting": "4_rRNvCD1-6bcHa9ApuYAVgy",
          "active_phase": null,
          "first_frame_sequence": 0,
          "status_received": "completed",
          "finalization_status": "final",
          "history_present": true,
          "export": null,
          "export_filename": null,
          "terminal_phase": null,
          "screenshot": null,
          "ok": true
        },
        {
          "cycle": 2,
          "pane_empty_before_start": true,
          "meeting": "HaO63sT1DjumoQtWDaHr8PpH",
          "active_phase": null,
          "first_frame_sequence": 0,
          "status_received": "completed",
          "finalization_status": "final",
          "history_present": true,
          "export": null,
          "export_filename": null,
          "terminal_phase": null,
          "screenshot": null,
          "ok": true
        },
        {
          "cycle": 3,
          "pane_empty_before_start": true,
          "meeting": "hfBDMrOfSb00wk6_9vl_U0wE",
          "active_phase": null,
          "first_frame_sequence": 0,
          "status_received": "completed",
          "finalization_status": "final",
          "history_present": true,
          "export": null,
          "export_filename": null,
          "terminal_phase": null,
          "screenshot": null,
          "ok": true
        }
      ],
      "screenshot": null,
      "status": "PASS",
      "seconds": 42.919,
      "network": null,
      "row": 14
    }
  }
}
