============================= test session starts ==============================
platform darwin -- Python 3.12.12, pytest-9.1.1, pluggy-1.6.0
rootdir: /private/tmp/moss-round4-20260920/headed-session
configfile: pyproject.toml
plugins: anyio-4.15.1
collected 2168 items

tests/e2e/test_capture_sequencing.py ....                                [  0%]
tests/e2e/test_evidence_boundary.py ..                                   [  0%]
tests/e2e/test_smoke_options.py ..........                               [  0%]
tests/phase2/test_acceptance_cleanup.py .....                            [  0%]
tests/phase2/test_acceptance_helper_lifetime.py .....                    [  1%]
tests/phase2/test_acceptance_journal.py ..............                   [  1%]
tests/phase2/test_acceptance_locator_sentinels.py ...                    [  1%]
tests/phase2/test_acceptance_overload_window.py ..                       [  2%]
tests/phase2/test_acceptance_setup.py .....                              [  2%]
tests/phase2/test_acceptance_stop_deadline.py ...                        [  2%]
tests/phase2/test_acceptance_stop_pending.py .......                     [  2%]
tests/phase2/test_accepted_stop_lease.py ............                    [  3%]
tests/phase2/test_account_deployment_surface.py .............            [  3%]
tests/phase2/test_account_file_ingress.py .......                        [  4%]
tests/phase2/test_admin_status_capture.py ...                            [  4%]
tests/phase2/test_atomic_cutover.py .................................... [  6%]
.......                                                                  [  6%]
tests/phase2/test_attended_g7_canary.py ................................ [  7%]
......................                                                   [  8%]
tests/phase2/test_batch_startup_prototype_controls.py xx                 [  8%]
tests/phase2/test_browser_stress_artifacts.py .                          [  8%]
tests/phase2/test_browser_support.py ..                                  [  9%]
tests/phase2/test_browser_timeout_evidence.py ........................   [ 10%]
tests/phase2/test_browser_workspace.py ......                            [ 10%]
tests/phase2/test_candidate_identity_writer.py .                         [ 10%]
tests/phase2/test_candidate_storage.py ...................               [ 11%]
tests/phase2/test_candidate_tls.py .......                               [ 11%]
tests/phase2/test_canonical_preview.py .....                             [ 11%]
tests/phase2/test_completion_qualification.py .............              [ 12%]
tests/phase2/test_crash_recovery_wait.py ...                             [ 12%]
tests/phase2/test_data_durability.py ....s                               [ 12%]
tests/phase2/test_demo_lane_measurement.py ..........                    [ 13%]
tests/phase2/test_draft_lane.py ...............                          [ 14%]
tests/phase2/test_export_oracle.py ..................................... [ 15%]
...............................................                          [ 17%]
tests/phase2/test_file_album_acceptance.py .                             [ 17%]
tests/phase2/test_file_backend_contract.py ......                        [ 18%]
tests/phase2/test_file_digital_silence.py .....                          [ 18%]
tests/phase2/test_file_failure_reasons.py .........                      [ 18%]
tests/phase2/test_file_mp3_artifact.py ...............                   [ 19%]
tests/phase2/test_file_truncation_notice.py ...                          [ 19%]
tests/phase2/test_final_summary.py ............                          [ 20%]
tests/phase2/test_finalization_failure_stop_boundary.py ...              [ 20%]
tests/phase2/test_lane_consumer_geometry.py ...                          [ 20%]
tests/phase2/test_lane_consumer_store.py ..                              [ 20%]
tests/phase2/test_lane_word_oracle.py ..........                         [ 21%]
tests/phase2/test_legacy_model_exports.py .                              [ 21%]
tests/phase2/test_legacy_surface_absence.py ....                         [ 21%]
tests/phase2/test_llm_relay.py ......................................... [ 23%]
.......                                                                  [ 23%]
tests/phase2/test_manual_speaker_voiceprints.py .........                [ 23%]
tests/phase2/test_multi_file_url_browser.py .                            [ 24%]
tests/phase2/test_multi_file_url_meetings.py ...........                 [ 24%]
tests/phase2/test_operator_status.py ................                    [ 25%]
tests/phase2/test_owner_bound_file_meeting.py .................          [ 26%]
tests/phase2/test_owner_bound_live_meeting.py .......................... [ 27%]
......................................                                   [ 29%]
tests/phase2/test_pre_stop_terminal_boundary.py ..                       [ 29%]
tests/phase2/test_quality_exception_band.py ............................ [ 30%]
                                                                         [ 30%]
tests/phase2/test_quality_identity_counts.py ...                         [ 30%]
tests/phase2/test_quality_surface_capture.py ..............              [ 31%]
tests/phase2/test_round11_browser_fixes.py ....                          [ 31%]
tests/phase2/test_runner_composition.py ...............                  [ 32%]
tests/phase2/test_saved_speaker_naming.py ..........                     [ 32%]
tests/phase2/test_settled_passage_correction.py ...............          [ 33%]
tests/phase2/test_shared_meeting_history.py ..                           [ 33%]
tests/phase2/test_summary_browser_guard.py ...                           [ 33%]
tests/phase2/test_summary_provider_paths.py ....                         [ 33%]
tests/phase2/test_tape_exhaustion.py ........                            [ 33%]
tests/phase2/test_terminal_outcome_projection.py .........               [ 34%]
tests/phase2/test_tls_preparation.py .................                   [ 35%]
tests/phase2/test_tls_renewal.py .......                                 [ 35%]
tests/phase2/test_voiceprint_bank_operations.py ...                      [ 35%]
tests/phase2/test_voiceprint_latency_measurement.py ..                   [ 35%]
tests/phase2/test_voiceprint_matching.py ...                             [ 35%]
tests/phase2/test_wave1_qualification.py ............................... [ 37%]
........................................................................ [ 40%]
........................................................................ [ 43%]
.......................                                                  [ 45%]
tests/phase2/test_workspace_demo_geometry.py ....                        [ 45%]
tests/phase2/test_workspace_lifecycle.py ...............                 [ 45%]
tests/phase2/test_workspace_reachability.py ..                           [ 45%]
tests/phase2/test_workspace_reachability_browser.py .                    [ 46%]
tests/phase2/test_wp24_copy_accessibility.py .......                     [ 46%]
tests/phase2/test_wp9_silence_birth.py .                                 [ 46%]
tests/test_app_ffmpeg.py ..                                              [ 46%]
tests/test_capacity_campaign_fix.py ...                                  [ 46%]
tests/test_demo_precheck.py ...........                                  [ 47%]
tests/test_evaluation.py .................                               [ 47%]
tests/test_file_identity_album.py ...........                            [ 48%]
tests/test_file_resolver_performance.py .........ss                      [ 48%]
tests/test_inference_scheduler.py .........                              [ 49%]
tests/test_live_arbiter_refinement.py ............                       [ 49%]
tests/test_live_capture_guard.py ............                            [ 50%]
tests/test_live_capture_recorder.py ...                                  [ 50%]
tests/test_live_capture_status.py ..............                         [ 51%]
tests/test_live_coordinator.py ................                          [ 51%]
tests/test_live_endpoint.py ......                                       [ 52%]
tests/test_live_export_surface.py ........                               [ 52%]
tests/test_live_finalized_memory.py ...                                  [ 52%]
tests/test_live_helper_failure.py .............                          [ 53%]
tests/test_live_helper_presence.py ....                                  [ 53%]
tests/test_live_identity.py .............                                [ 54%]
tests/test_live_identity_accuracy.py ...........................         [ 55%]
tests/test_live_identity_album.py .................                      [ 56%]
tests/test_live_identity_fragment_mechanism.py ............              [ 56%]
tests/test_live_identity_real_corpus.py .s.                              [ 56%]
tests/test_live_identity_sweep.py ...................................... [ 58%]
..................                                                       [ 59%]
tests/test_live_ingest.py .......                                        [ 59%]
tests/test_live_lane_contract.py ....................................... [ 61%]
...............                                                          [ 62%]
tests/test_live_lane_decode.py ......................................... [ 64%]
....                                                                     [ 64%]
tests/test_live_manifest_finalizer.py .................................. [ 65%]
........                                                                 [ 66%]
tests/test_live_mixer.py .....................                           [ 67%]
tests/test_live_pipeline_seams.py ...................................... [ 69%]
.............................                                            [ 70%]
tests/test_live_provider_bundle.py ..................................... [ 72%]
.........                                                                [ 72%]
tests/test_live_provider_truth.py .........                              [ 72%]
tests/test_live_replay.py ....                                           [ 73%]
tests/test_live_rolling_wiring.py ............................           [ 74%]
tests/test_live_service_replay.py ........................               [ 75%]
tests/test_live_service_runtime.py ..................................... [ 77%]
..........                                                               [ 77%]
tests/test_live_session.py ................                              [ 78%]
tests/test_live_session_v2.py .............                              [ 78%]
tests/test_live_speaker_accuracy.py s.....................               [ 79%]
tests/test_live_stop_drain.py .......                                    [ 80%]
tests/test_live_terminal_finalizer.py ...............................    [ 81%]
tests/test_live_terminal_lifecycle.py .............                      [ 82%]
tests/test_live_terminal_tape.py ..................                      [ 83%]
tests/test_live_text_revision.py .................                       [ 83%]
tests/test_live_transcript_convergence.py .........................      [ 85%]
tests/test_live_transcript_salvage.py ...........................        [ 86%]
tests/test_live_vad.py ...............                                   [ 87%]
tests/test_live_zero_span_dispatch.py .........                          [ 87%]
tests/test_long_form_fixtures.py ..............................          [ 88%]
tests/test_qualification_verdict.py ...........................          [ 90%]
tests/test_r4_gap_terminal_identity.py x.                                [ 90%]
tests/test_remote_vllm_tunnel_measurement.py ..........                  [ 90%]
tests/test_round4_alternation_diagnosis.py x...                          [ 90%]
tests/test_round4_jamie_violating_controls.py xx                         [ 90%]
tests/test_round4_overlap_diagnosis.py xx                                [ 91%]
tests/test_speaker_continuity.py .............                           [ 91%]
tests/test_speaker_identity_provider.py ................................ [ 93%]
...                                                                      [ 93%]
tests/test_speaker_reference.py ........                                 [ 93%]
tests/test_speechless_windows.py ..............................          [ 94%]
tests/test_subtitle_export.py ......                                     [ 95%]
tests/test_subtitle_postprocess.py ......                                [ 95%]
tests/test_transcript_parser.py ......                                   [ 95%]
tests/test_visible_word_instrument.py .......................            [ 96%]
tests/test_vllm_runner.py .....                                          [ 97%]
tests/test_w2_measurement_evidence.py ..                                 [ 97%]
tests/test_windowed_transcription.py ............................        [ 98%]
tests/test_windows_contract.py ........                                  [ 98%]
tools/qualify/test_bundle.py .................                           [ 99%]
tools/qualify/test_speaker_quality.py ........                           [100%]

=============================== warnings summary ===============================
../runtime-prefix/venv/lib/python3.12/site-packages/fastapi/testclient.py:1
  /private/tmp/moss-round4-20260920/runtime-prefix/venv/lib/python3.12/site-packages/fastapi/testclient.py:1: StarletteDeprecationWarning: Using `httpx` with `starlette.testclient` is deprecated; install `httpx2` instead.
    from starlette.testclient import TestClient as TestClient  # noqa

../runtime-prefix/venv/lib/python3.12/site-packages/starlette/testclient.py:53
  /private/tmp/moss-round4-20260920/runtime-prefix/venv/lib/python3.12/site-packages/starlette/testclient.py:53: DeprecationWarning: The anyio.abc.BlockingPortal alias is deprecated, use anyio.from_thread.BlockingPortal instead.
    _PortalFactoryType = Callable[[], AbstractContextManager[anyio.abc.BlockingPortal]]

tests/phase2/test_atomic_cutover.py: 17 warnings
  /private/tmp/moss-round4-20260920/headed-session/moss_transcribe_diarize/phase2_cutover.py:1410: DeprecationWarning: Python 3.14 will, by default, filter extracted tar archives and reject files or modify their metadata. Use the filter argument to control this behavior.
    source.extractall(extraction)

-- Docs: https://docs.pytest.org/en/stable/how-to/capture-warnings.html
===== 2155 passed, 5 skipped, 8 xfailed, 19 warnings in 198.90s (0:03:18) ======
