/Users/gao/Desktop/AI_Projects/Github_Projects/MOSS-Transcribe-Diarize-wt-auto-mvp-0911/.venv/lib/python3.12/site-packages/fastapi/testclient.py:1: StarletteDeprecationWarning: Using `httpx` with `starlette.testclient` is deprecated; install `httpx2` instead.
  from starlette.testclient import TestClient as TestClient  # noqa
Traceback (most recent call last):
  File "/Users/gao/Desktop/AI_Projects/Github_Projects/MOSS-Transcribe-Diarize-wt-wp2-lane-consumers/evidence/mvpfix/wp2/prototype.py", line 26, in <module>
    with TestClient(app, base_url='https://testserver') as client:
         ^^^^^^^^^^^^^^^^^^^^^^^^^^^^^^^^^^^^^^^^^^^^^^
  File "/Users/gao/Desktop/AI_Projects/Github_Projects/MOSS-Transcribe-Diarize-wt-auto-mvp-0911/.venv/lib/python3.12/site-packages/starlette/testclient.py", line 697, in __enter__
    portal.call(self.wait_startup)
  File "/Users/gao/Desktop/AI_Projects/Github_Projects/MOSS-Transcribe-Diarize-wt-auto-mvp-0911/.venv/lib/python3.12/site-packages/anyio/from_thread.py", line 338, in call
    return cast(T_Retval, self.start_task_soon(func, *args).result())
                          ^^^^^^^^^^^^^^^^^^^^^^^^^^^^^^^^^^^^^^^^^^
  File "/Users/gao/.local/share/uv/python/cpython-3.12.12-macos-aarch64-none/lib/python3.12/concurrent/futures/_base.py", line 456, in result
    return self.__get_result()
           ^^^^^^^^^^^^^^^^^^^
  File "/Users/gao/.local/share/uv/python/cpython-3.12.12-macos-aarch64-none/lib/python3.12/concurrent/futures/_base.py", line 401, in __get_result
    raise self._exception
  File "/Users/gao/Desktop/AI_Projects/Github_Projects/MOSS-Transcribe-Diarize-wt-auto-mvp-0911/.venv/lib/python3.12/site-packages/anyio/from_thread.py", line 263, in _call_func
    retval = await retval_or_awaitable
             ^^^^^^^^^^^^^^^^^^^^^^^^^
  File "/Users/gao/Desktop/AI_Projects/Github_Projects/MOSS-Transcribe-Diarize-wt-auto-mvp-0911/.venv/lib/python3.12/site-packages/starlette/testclient.py", line 732, in wait_startup
    await receive()
  File "/Users/gao/Desktop/AI_Projects/Github_Projects/MOSS-Transcribe-Diarize-wt-auto-mvp-0911/.venv/lib/python3.12/site-packages/starlette/testclient.py", line 723, in receive
    self.task.result()
  File "/Users/gao/.local/share/uv/python/cpython-3.12.12-macos-aarch64-none/lib/python3.12/concurrent/futures/_base.py", line 449, in result
    return self.__get_result()
           ^^^^^^^^^^^^^^^^^^^
  File "/Users/gao/.local/share/uv/python/cpython-3.12.12-macos-aarch64-none/lib/python3.12/concurrent/futures/_base.py", line 401, in __get_result
    raise self._exception
  File "/Users/gao/Desktop/AI_Projects/Github_Projects/MOSS-Transcribe-Diarize-wt-auto-mvp-0911/.venv/lib/python3.12/site-packages/anyio/from_thread.py", line 263, in _call_func
    retval = await retval_or_awaitable
             ^^^^^^^^^^^^^^^^^^^^^^^^^
  File "/Users/gao/Desktop/AI_Projects/Github_Projects/MOSS-Transcribe-Diarize-wt-auto-mvp-0911/.venv/lib/python3.12/site-packages/starlette/testclient.py", line 713, in lifespan
    await self.app(scope, self.stream_receive.receive, self.stream_send.send)
  File "/Users/gao/Desktop/AI_Projects/Github_Projects/MOSS-Transcribe-Diarize-wt-auto-mvp-0911/.venv/lib/python3.12/site-packages/fastapi/applications.py", line 1163, in __call__
    await super().__call__(scope, receive, send)
  File "/Users/gao/Desktop/AI_Projects/Github_Projects/MOSS-Transcribe-Diarize-wt-auto-mvp-0911/.venv/lib/python3.12/site-packages/starlette/applications.py", line 90, in __call__
    await self.middleware_stack(scope, receive, send)
  File "/Users/gao/Desktop/AI_Projects/Github_Projects/MOSS-Transcribe-Diarize-wt-auto-mvp-0911/.venv/lib/python3.12/site-packages/starlette/middleware/errors.py", line 151, in __call__
    await self.app(scope, receive, send)
  File "/Users/gao/Desktop/AI_Projects/Github_Projects/MOSS-Transcribe-Diarize-wt-auto-mvp-0911/.venv/lib/python3.12/site-packages/starlette/middleware/base.py", line 103, in __call__
    await self.app(scope, receive, send)
  File "/Users/gao/Desktop/AI_Projects/Github_Projects/MOSS-Transcribe-Diarize-wt-auto-mvp-0911/.venv/lib/python3.12/site-packages/starlette/middleware/exceptions.py", line 49, in __call__
    await self.app(scope, receive, send)
  File "/Users/gao/Desktop/AI_Projects/Github_Projects/MOSS-Transcribe-Diarize-wt-auto-mvp-0911/.venv/lib/python3.12/site-packages/fastapi/middleware/asyncexitstack.py", line 18, in __call__
    await self.app(scope, receive, send)
  File "/Users/gao/Desktop/AI_Projects/Github_Projects/MOSS-Transcribe-Diarize-wt-auto-mvp-0911/.venv/lib/python3.12/site-packages/starlette/routing.py", line 660, in __call__
    await self.middleware_stack(scope, receive, send)
  File "/Users/gao/Desktop/AI_Projects/Github_Projects/MOSS-Transcribe-Diarize-wt-auto-mvp-0911/.venv/lib/python3.12/site-packages/fastapi/routing.py", line 2726, in app
    await self.lifespan(scope, receive, send)
  File "/Users/gao/Desktop/AI_Projects/Github_Projects/MOSS-Transcribe-Diarize-wt-auto-mvp-0911/.venv/lib/python3.12/site-packages/starlette/routing.py", line 638, in lifespan
    async with self.lifespan_context(app) as maybe_state:
               ^^^^^^^^^^^^^^^^^^^^^^^^^^
  File "/Users/gao/.local/share/uv/python/cpython-3.12.12-macos-aarch64-none/lib/python3.12/contextlib.py", line 210, in __aenter__
    return await anext(self.gen)
           ^^^^^^^^^^^^^^^^^^^^^
  File "/Users/gao/Desktop/AI_Projects/Github_Projects/MOSS-Transcribe-Diarize-wt-wp2-lane-consumers/moss_transcribe_diarize/app/phase2.py", line 1704, in lifespan
    store = await Phase2Store.open(database_path)
            ^^^^^^^^^^^^^^^^^^^^^^^^^^^^^^^^^^^^^
  File "/Users/gao/Desktop/AI_Projects/Github_Projects/MOSS-Transcribe-Diarize-wt-wp2-lane-consumers/moss_transcribe_diarize/app/phase2.py", line 149, in open
    raise SqliteRuntimeError(
moss_transcribe_diarize.app.phase2.SqliteRuntimeError: Refusing SQLite runtime 3.50.4; exactly 3.53.4 is required.
